******************************************************************************
                  TI ARM Linker PC v18.1.3                     
******************************************************************************
>> Linked Thu Dec  6 03:57:27 2018

OUTPUT FILE NAME:   <EGR326_Final_Project_Slave.out>
ENTRY POINT SYMBOL: "_c_int00_noargs"  address: 00004265


MEMORY CONFIGURATION

         name            origin    length      used     unused   attr    fill
----------------------  --------  ---------  --------  --------  ----  --------
  MAIN                  00000000   00040000  000048da  0003b726  R  X
  INFO                  00200000   00004000  00000000  00004000  R  X
  SRAM_CODE             01000000   00010000  00000000  00010000  RW X
  SRAM_DATA             20000000   00010000  00000eea  0000f116  RW  


SEGMENT ALLOCATION MAP

run origin  load origin   length   init length attrs members
----------  ----------- ---------- ----------- ----- -------
00000000    00000000    000048e0   000048e0    r-x
  00000000    00000000    000000e4   000000e4    r-- .intvecs
  000000e4    000000e4    000045ce   000045ce    r-x .text
  000046b4    000046b4    00000158   00000158    r-- .const
  00004810    00004810    000000d0   000000d0    r-- .cinit
20000000    20000000    00000cec   00000000    rw-
  20000000    20000000    00000800   00000000    rw- .sysmem
  20000800    20000800    0000027a   00000000    rw- .bss
  20000a7c    20000a7c    00000270   00000000    rw- .data
2000fe00    2000fe00    00000200   00000000    rw-
  2000fe00    2000fe00    00000200   00000000    rw- .stack


SECTION ALLOCATION MAP

 output                                  attributes/
section   page    origin      length       input sections
--------  ----  ----------  ----------   ----------------
.intvecs   0    00000000    000000e4     
                  00000000    000000e4     startup_msp432p401r_ccs.obj (.intvecs:retain)

.text      0    000000e4    000045ce     
                  000000e4    000014f4     main.obj (.text)
                  000015d8    00000a5e     rtsv7M4_T_le_v4SPD16_eabi.lib : _printfi.c.obj (.text:__TI_printfi)
                  00002036    00000002                                   : _lock.c.obj (.text:_nop)
                  00002038    00000328     system_msp432p401r.obj (.text)
                  00002360    00000270     rtsv7M4_T_le_v4SPD16_eabi.lib : _printfi.c.obj (.text:_pconv_a)
                  000025d0    000001d0                                   : _printfi.c.obj (.text:_pconv_g)
                  000027a0    000001b6                                   : fd_add_t2.asm.obj (.text)
                  00002956    00000002                                   : div0.asm.obj (.text)
                  00002958    0000013c                                   : _printfi.c.obj (.text:_pconv_e)
                  00002a94    00000136                                   : fd_div_t2.asm.obj (.text)
                  00002bca    00000002     --HOLE-- [fill = 0]
                  00002bcc    00000120                                   : _printfi.c.obj (.text:fcvt)
                  00002cec    00000114                                   : fputs.c.obj (.text:fputs)
                  00002e00    00000110                                   : s_scalbn.c.obj (.text:scalbn)
                  00002f10    00000100     COMMONCLOCKS.obj (.text)
                  00003010    000000fc     rtsv7M4_T_le_v4SPD16_eabi.lib : fd_mul_t2.asm.obj (.text)
                  0000310c    000000dc                                   : setvbuf.c.obj (.text:setvbuf)
                  000031e8    000000d8                                   : memory.c.obj (.text:free)
                  000032c0    000000b1                                   : _printfi.c.obj (.text:_ltostr)
                  00003371    00000003     --HOLE-- [fill = 0]
                  00003374    0000009c     msp432p4xx_driverlib.lib : cs.o (.text:CS_startHFXTWithTimeout)
                  00003410    0000009c     rtsv7M4_T_le_v4SPD16_eabi.lib : memcpy_t2.asm.obj (.text)
                  000034ac    00000096                                   : ull_div_t2.asm.obj (.text)
                  00003542    00000002     --HOLE-- [fill = 0]
                  00003544    0000008c                                   : fputc.c.obj (.text:fputc)
                  000035d0    00000086                                   : fd_cmp_t2.asm.obj (.text:__aeabi_cdcmple)
                  00003656    00000086                                   : fd_cmp_t2.asm.obj (.text:__aeabi_cdrcmple)
                  000036dc    0000007c                                   : fflush.c.obj (.text:fflush)
                  00003758    0000007a                                   : memset_t2.asm.obj (.text)
                  000037d2    00000002     --HOLE-- [fill = 0]
                  000037d4    00000078                                   : memory.c.obj (.text:malloc)
                  0000384c    00000074                                   : fclose.c.obj (.text:__TI_closefile)
                  000038c0    00000070     msp432p4xx_driverlib.lib : cs.o (.text:_CSGetHFXTFrequency)
                  00003930    0000006e     rtsv7M4_T_le_v4SPD16_eabi.lib : _printfi.c.obj (.text:_mcpy)
                  0000399e    00000002     --HOLE-- [fill = 0]
                  000039a0    00000068                                   : hostlseek.c.obj (.text:HOSTlseek)
                  00003a08    00000068                                   : hostrename.c.obj (.text:HOSTrename)
                  00003a70    00000068                                   : copy_decompress_lzss.c.obj (.text:decompress:lzss:__TI_decompress_lzss)
                  00003ad8    00000068                                   : printf.c.obj (.text:printf)
                  00003b40    00000064     msp432p4xx_driverlib.lib : interrupt.o (.text:Interrupt_enableInterrupt)
                  00003ba4    00000064     rtsv7M4_T_le_v4SPD16_eabi.lib : s_frexp.c.obj (.text:frexp)
                  00003c08    00000064                                   : fseek.c.obj (.text:fseek)
                  00003c6c    00000062                                   : _io_perm.c.obj (.text:__TI_wrt_ok)
                  00003cce    00000002     --HOLE-- [fill = 0]
                  00003cd0    00000060                                   : hostopen.c.obj (.text:HOSTopen)
                  00003d30    0000005c                                   : close.c.obj (.text:close)
                  00003d8c    00000058                                   : hostread.c.obj (.text:HOSTread)
                  00003de4    00000058                                   : hostwrite.c.obj (.text:HOSTwrite)
                  00003e3c    00000056                                   : _printfi.c.obj (.text:_pconv_f)
                  00003e92    00000054                                   : ltoa.c.obj (.text:ltoa)
                  00003ee6    00000052                                   : _printfi.c.obj (.text:_ecpy)
                  00003f38    0000004c                                   : fflush.c.obj (.text:__TI_doflush)
                  00003f84    0000004c                                   : atoi.c.obj (.text:atoi)
                  00003fd0    00000048                                   : exit.c.obj (.text:exit)
                  00004018    00000048                                   : fd_toi_t2.asm.obj (.text)
                  00004060    00000044                                   : hostclose.c.obj (.text:HOSTclose)
                  000040a4    00000044                                   : hostunlink.c.obj (.text:HOSTunlink)
                  000040e8    00000044                                   : autoinit.c.obj (.text:__TI_auto_init_nobinit_nopinit:__TI_auto_init_nobinit_nopinit)
                  0000412c    00000044                                   : getdevice.c.obj (.text:getdevice)
                  00004170    00000040                                   : sprintf.c.obj (.text:sprintf)
                  000041b0    0000003e                                   : _printfi.c.obj (.text:_fcpy)
                  000041ee    00000002     --HOLE-- [fill = 0]
                  000041f0    0000003c                                   : memory.c.obj (.text:minsert)
                  0000422c    00000038                                   : trgmsg.c.obj (.text:__TI_writemsg)
                  00004264    00000038                                   : boot_cortex_m.c.obj (.text:_c_int00_noargs:_c_int00_noargs)
                  0000429c    00000038                                   : memory.c.obj (.text:minit)
                  000042d4    00000036                                   : strncpy.c.obj (.text:strncpy)
                  0000430a    00000002     --HOLE-- [fill = 0]
                  0000430c    00000034                                   : fopen.c.obj (.text:__TI_cleanup)
                  00004340    00000034                                   : trgmsg.c.obj (.text:__TI_readmsg)
                  00004374    00000030     msp432p4xx_driverlib.lib : gpio.o (.text:GPIO_setAsInputPinWithPullUpResistor)
                  000043a4    00000030     main.obj (.text:convertToBCD)
                  000043d4    00000030     rtsv7M4_T_le_v4SPD16_eabi.lib : getdevice.c.obj (.text:finddevice)
                  00004404    0000002e                                   : i_tofd_t2.asm.obj (.text)
                  00004432    00000002     --HOLE-- [fill = 0]
                  00004434    0000002c                                   : unlink.c.obj (.text:unlink)
                  00004460    00000028     main.obj (.text:convertFromBCD)
                  00004488    00000028     rtsv7M4_T_le_v4SPD16_eabi.lib : lseek.c.obj (.text:lseek)
                  000044b0    00000028                                   : memory.c.obj (.text:mremove)
                  000044d8    00000028                                   : write.c.obj (.text:write)
                  00004500    00000020                                   : memchr.c.obj (.text:memchr)
                  00004520    0000001c                                   : memccpy.c.obj (.text:memccpy)
                  0000453c    00000018     msp432p4xx_driverlib.lib : gpio.o (.text:GPIO_clearInterruptFlag)
                  00004554    00000018     rtsv7M4_T_le_v4SPD16_eabi.lib : sprintf.c.obj (.text:_outs)
                  0000456c    00000018                                   : strcmp.c.obj (.text:strcmp)
                  00004584    00000016                                   : strchr.c.obj (.text:strchr)
                  0000459a    00000002     --HOLE-- [fill = 0]
                  0000459c    00000014     msp432p4xx_driverlib.lib : cs.o (.text:CS_setExternalClockSourceFrequency)
                  000045b0    00000014                              : gpio.o (.text:GPIO_enableInterrupt)
                  000045c4    00000014     rtsv7M4_T_le_v4SPD16_eabi.lib : s_copysign.c.obj (.text:copysign)
                  000045d8    00000014                                   : strcpy.c.obj (.text:strcpy)
                  000045ec    00000014                                   : strlen.c.obj (.text:strlen)
                  00004600    00000012                                   : copy_zero_init.c.obj (.text:decompress:ZI:__TI_zero_init_nomemset:__TI_zero_init_nomemset)
                  00004612    00000012                                   : wcslen.c.obj (.text:wcslen)
                  00004624    00000010     msp432p4xx_driverlib.lib : interrupt.o (.text:Interrupt_enableMaster)
                  00004634    00000010                              : sysctl.o (.text:SysCtl_disableNMISource)
                  00004644    00000010                              : sysctl.o (.text:SysCtl_enableNMISource)
                  00004654    0000000e     rtsv7M4_T_le_v4SPD16_eabi.lib : copy_decompress_none.c.obj (.text:decompress:none:__TI_decompress_none)
                  00004662    0000000e     startup_msp432p401r_ccs.obj (.text)
                  00004670    0000000c     msp432p4xx_driverlib.lib : cpu.o (.text:CPU_cpsie)
                  0000467c    0000000c                              : sysctl.o (.text:SysCtl_getNMISourceStatus)
                  00004688    0000000a     rtsv7M4_T_le_v4SPD16_eabi.lib : sprintf.c.obj (.text:_outc)
                  00004692    00000002     --HOLE-- [fill = 0]
                  00004694    00000008                                   : errno.c.obj (.text:__aeabi_errno_addr)
                  0000469c    00000006     msp432p4xx_driverlib.lib : cs.o (.text:CS_startHFXT)
                  000046a2    00000004     rtsv7M4_T_le_v4SPD16_eabi.lib : printf.c.obj (.text:_outc)
                  000046a6    00000004                                   : printf.c.obj (.text:_outs)
                  000046aa    00000004                                   : pre_init.c.obj (.text:_system_pre_init)
                  000046ae    00000004                                   : exit.c.obj (.text:abort:abort)

.const     0    000046b4    00000158     
                  000046b4    00000101     rtsv7M4_T_le_v4SPD16_eabi.lib : ctype.c.obj (.const:.string:_ctypes_)
                  000047b5    00000003     --HOLE-- [fill = 0]
                  000047b8    00000040     msp432p4xx_driverlib.lib : interrupt.o (.const)
                  000047f8    00000014     main.obj (.const:i2cConfig2)

.cinit     0    00004810    000000d0     
                  00004810    000000a7     (.cinit..data.load) [load image, compression = lzss]
                  000048b7    00000001     --HOLE-- [fill = 0]
                  000048b8    0000000c     (__TI_handler_table)
                  000048c4    00000004     --HOLE-- [fill = 0]
                  000048c8    00000008     (.cinit..bss.load) [load image, compression = zero_init]
                  000048d0    00000010     (__TI_cinit_table)

.init_array 
*          0    00000000    00000000     UNINITIALIZED

.sysmem    0    20000000    00000800     UNINITIALIZED
                  20000000    00000008     rtsv7M4_T_le_v4SPD16_eabi.lib : memory.c.obj (.sysmem)
                  20000008    000007f8     --HOLE--

.bss       0    20000800    0000027a     UNINITIALIZED
                  20000800    00000120     rtsv7M4_T_le_v4SPD16_eabi.lib : trgmsg.c.obj (.bss:_CIOBUF_)
                  20000920    000000a0     (.common:__TI_tmpnams)
                  200009c0    0000001c     (.common:timeArr1)
                  200009dc    0000001c     (.common:timeArr2)
                  200009f8    0000001c     (.common:timeArr3)
                  20000a14    0000001c     (.common:timeArr4)
                  20000a30    0000001c     (.common:timeArr5)
                  20000a4c    00000014     (.common:RTC_registers)
                  20000a60    00000008     (.common:parmbuf)
                  20000a68    00000004     (.common:hfxtFreq)
                  20000a6c    00000004     (.common:lfxtFreq)
                  20000a70    00000001     (.common:bcdDate)
                  20000a71    00000001     (.common:bcdDay)
                  20000a72    00000001     (.common:bcdHour)
                  20000a73    00000001     (.common:bcdMinute)
                  20000a74    00000001     (.common:bcdMonth)
                  20000a75    00000001     (.common:bcdSecond)
                  20000a76    00000001     (.common:bcdYear)
                  20000a77    00000001     (.common:col)
                  20000a78    00000001     (.common:row)
                  20000a79    00000001     (.common:value)

.data      0    20000a7c    00000270     UNINITIALIZED
                  20000a7c    000000f0     rtsv7M4_T_le_v4SPD16_eabi.lib : defs.c.obj (.data:_ftable)
                  20000b6c    00000078                                   : write.c.obj (.data:_device)
                  20000be4    00000050                                   : write.c.obj (.data:_stream)
                  20000c34    00000050     main.obj (.data)
                  20000c84    00000030     msp432p4xx_driverlib.lib : gpio.o (.data:GPIO_PORT_TO_BASE)
                  20000cb4    00000010     rtsv7M4_T_le_v4SPD16_eabi.lib : defs.c.obj (.data)
                  20000cc4    0000000c                                   : exit.c.obj (.data:$O1$$)
                  20000cd0    0000000c                                   : memory.c.obj (.data:$O1$$)
                  20000cdc    00000008                                   : _lock.c.obj (.data:$O1$$)
                  20000ce4    00000004                                   : errno.c.obj (.data)
                  20000ce8    00000004     system_msp432p401r.obj (.data)

.stack     0    2000fe00    00000200     UNINITIALIZED
                  2000fe00    00000004     rtsv7M4_T_le_v4SPD16_eabi.lib : boot_cortex_m.c.obj (.stack)
                  2000fe04    000001fc     --HOLE--

MODULE SUMMARY

       Module                        code    ro data   rw data
       ------                        ----    -------   -------
    .\
       main.obj                      5452    20        250    
       system_msp432p401r.obj        808     0         4      
       COMMONCLOCKS.obj              256     0         0      
       startup_msp432p401r_ccs.obj   14      228       0      
    +--+-----------------------------+-------+---------+---------+
       Total:                        6530    248       254    
                                                              
    C:/ti/msp/MSP432Ware_3_50_00_02/driverlib/driverlib/MSP432P4xx/ccs/msp432p4xx_driverlib.lib
       cs.o                          294     0         8      
       interrupt.o                   116     64        0      
       gpio.o                        92      0         48     
       sysctl.o                      44      0         0      
       cpu.o                         12      0         0      
    +--+-----------------------------+-------+---------+---------+
       Total:                        558     64        56     
                                                              
    C:\ti\ccsv8\tools\compiler\ti-cgt-arm_18.1.3.LTS\lib\rtsv7M4_T_le_v4SPD16_eabi.lib
       _printfi.c.obj                4863    0         0      
       memory.c.obj                  492     0         12     
       fd_add_t2.asm.obj             438     0         0      
       defs.c.obj                    0       0         416    
       trgmsg.c.obj                  108     0         288    
       fd_div_t2.asm.obj             310     0         0      
       fputs.c.obj                   276     0         0      
       s_scalbn.c.obj                272     0         0      
       fd_cmp_t2.asm.obj             268     0         0      
       ctype.c.obj                   0       257       0      
       fd_mul_t2.asm.obj             252     0         0      
       write.c.obj                   40      0         200    
       setvbuf.c.obj                 220     0         0      
       fflush.c.obj                  200     0         0      
       memcpy_t2.asm.obj             156     0         0      
       ull_div_t2.asm.obj            150     0         0      
       fputc.c.obj                   140     0         0      
       memset_t2.asm.obj             122     0         0      
       fclose.c.obj                  116     0         0      
       getdevice.c.obj               116     0         0      
       printf.c.obj                  112     0         0      
       copy_decompress_lzss.c.obj    104     0         0      
       hostlseek.c.obj               104     0         0      
       hostopen.c.obj                96      0         8      
       hostrename.c.obj              104     0         0      
       fseek.c.obj                   100     0         0      
       s_frexp.c.obj                 100     0         0      
       _io_perm.c.obj                98      0         0      
       sprintf.c.obj                 98      0         0      
       close.c.obj                   92      0         0      
       exit.c.obj                    76      0         12     
       hostread.c.obj                88      0         0      
       hostwrite.c.obj               88      0         0      
       ltoa.c.obj                    84      0         0      
       atoi.c.obj                    76      0         0      
       fd_toi_t2.asm.obj             72      0         0      
       autoinit.c.obj                68      0         0      
       hostclose.c.obj               68      0         0      
       hostunlink.c.obj              68      0         0      
       boot_cortex_m.c.obj           56      0         0      
       strncpy.c.obj                 54      0         0      
       fopen.c.obj                   52      0         0      
       i_tofd_t2.asm.obj             46      0         0      
       unlink.c.obj                  44      0         0      
       lseek.c.obj                   40      0         0      
       memchr.c.obj                  32      0         0      
       memccpy.c.obj                 28      0         0      
       strcmp.c.obj                  24      0         0      
       strchr.c.obj                  22      0         0      
       s_copysign.c.obj              20      0         0      
       strcpy.c.obj                  20      0         0      
       strlen.c.obj                  20      0         0      
       copy_zero_init.c.obj          18      0         0      
       wcslen.c.obj                  18      0         0      
       copy_decompress_none.c.obj    14      0         0      
       errno.c.obj                   8       0         4      
       _lock.c.obj                   2       0         8      
       pre_init.c.obj                4       0         0      
       div0.asm.obj                  2       0         0      
    +--+-----------------------------+-------+---------+---------+
       Total:                        10759   257       948    
                                                              
       Heap:                         0       0         2048   
       Stack:                        0       0         512    
       Linker Generated:             0       203       0      
    +--+-----------------------------+-------+---------+---------+
       Grand Total:                  17847   772       3818   


LINKER GENERATED COPY TABLES

__TI_cinit_table @ 000048d0 records: 2, size/record: 8, table size: 16
	.data: load addr=00004810, load size=000000a7 bytes, run addr=20000a7c, run size=00000270 bytes, compression=lzss
	.bss: load addr=000048c8, load size=00000008 bytes, run addr=20000800, run size=0000027a bytes, compression=zero_init


LINKER GENERATED HANDLER TABLE

__TI_handler_table @ 000048b8 records: 3, size/record: 4, table size: 12
	index: 0, handler: __TI_decompress_lzss
	index: 1, handler: __TI_decompress_none
	index: 2, handler: __TI_zero_init


GLOBAL SYMBOLS: SORTED ALPHABETICALLY BY Name 

address   name                                
-------   ----                                
0000466f  ADC14_IRQHandler                    
0000466f  AES256_IRQHandler                   
0000466f  BusFault_Handler                    
000046af  C$$EXIT                             
0000425b  C$$IO$$                             
00002f81  COMMONCLOCKS_initClocks             
00002f11  COMMONCLOCKS_sysTick_Init           
00002f2d  COMMONCLOCKS_sysTick_delay_3MHZ     
00002f57  COMMONCLOCKS_sysTick_delay_48MHZ    
0000466f  COMP_E0_IRQHandler                  
0000466f  COMP_E1_IRQHandler                  
00004671  CPU_cpsie                           
0000466f  CS_IRQHandler                       
0000459d  CS_setExternalClockSourceFrequency  
0000469d  CS_startHFXT                        
00003375  CS_startHFXTWithTimeout             
20000c48  Calculated_Rev                      
20000c44  Calculated_Speed                    
00000535  Configure                           
0000466f  DMA_ERR_IRQHandler                  
0000466f  DMA_INT0_IRQHandler                 
0000466f  DMA_INT1_IRQHandler                 
0000466f  DMA_INT2_IRQHandler                 
0000466f  DMA_INT3_IRQHandler                 
0000466f  DebugMon_Handler                    
0000466f  Default_Handler                     
0000466f  EUSCIA0_IRQHandler                  
0000466f  EUSCIA1_IRQHandler                  
0000466f  EUSCIA2_IRQHandler                  
0000466f  EUSCIA3_IRQHandler                  
0000466f  EUSCIB0_IRQHandler                  
0000466f  EUSCIB1_IRQHandler                  
0000466f  EUSCIB2_IRQHandler                  
0000466f  EUSCIB3_IRQHandler                  
0000466f  FLCTL_IRQHandler                    
0000466f  FPU_IRQHandler                      
0000453d  GPIO_clearInterruptFlag             
000045b1  GPIO_enableInterrupt                
00004375  GPIO_setAsInputPinWithPullUpResistor
00004061  HOSTclose                           
000039a1  HOSTlseek                           
00003cd1  HOSTopen                            
00003d8d  HOSTread                            
00003a09  HOSTrename                          
000040a5  HOSTunlink                          
00003de5  HOSTwrite                           
0000466f  HardFault_Handler                   
00003b41  Interrupt_enableInterrupt           
00004625  Interrupt_enableMaster              
20000c40  Magnet_Counter                      
0000466f  MemManage_Handler                   
0000466f  NMI_Handler                         
0000466f  PCM_IRQHandler                      
0000466f  PORT1_IRQHandler                    
000014bb  PORT2_IRQHandler                    
000014bb  PORT2_IRQHandler                    
0000466f  PORT3_IRQHandler                    
0000466f  PORT4_IRQHandler                    
0000466f  PORT5_IRQHandler                    
0000466f  PORT6_IRQHandler                    
0000466f  PSS_IRQHandler                      
0000466f  PendSV_Handler                      
0000466f  RTC_C_IRQHandler                    
20000a4c  RTC_registers                       
00004663  Reset_Handler                       
0000466f  SVC_Handler                         
20000c3c  Seconds                             
00004635  SysCtl_disableNMISource             
00004645  SysCtl_enableNMISource              
0000467d  SysCtl_getNMISourceStatus           
0000466f  SysTick_Handler                     
20000ce8  SystemCoreClock                     
00002039  SystemCoreClockUpdate               
000022ad  SystemInit                          
00001503  T32_INT1_IRQHandler                 
00001503  T32_INT1_IRQHandler                 
0000466f  T32_INT2_IRQHandler                 
0000466f  T32_INTC_IRQHandler                 
0000466f  TA0_0_IRQHandler                    
0000466f  TA0_N_IRQHandler                    
0000466f  TA1_0_IRQHandler                    
0000466f  TA1_N_IRQHandler                    
0000466f  TA2_0_IRQHandler                    
0000466f  TA2_N_IRQHandler                    
0000466f  TA3_0_IRQHandler                    
0000466f  TA3_N_IRQHandler                    
0000466f  UsageFault_Handler                  
20000c38  User_Speed_Count                    
4000480c  WDTCTL_SYM                          
0000466f  WDT_A_IRQHandler                    
20000800  __CIOBUF_                           
20010000  __STACK_END                         
00000200  __STACK_SIZE                        
00000800  __SYSMEM_SIZE                       
000048d0  __TI_CINIT_Base                     
000048e0  __TI_CINIT_Limit                    
000048b8  __TI_Handler_Table_Base             
000048c4  __TI_Handler_Table_Limit            
000040e9  __TI_auto_init_nobinit_nopinit      
0000430d  __TI_cleanup                        
20000cc4  __TI_cleanup_ptr                    
0000384d  __TI_closefile                      
00003a71  __TI_decompress_lzss                
00004655  __TI_decompress_none                
00003f39  __TI_doflush                        
20000cc8  __TI_dtors_ptr                      
20000ccc  __TI_enable_exit_profile_output     
20000cb4  __TI_ft_end                         
ffffffff  __TI_pprof_out_hndl                 
000015d9  __TI_printfi                        
ffffffff  __TI_prof_data_size                 
ffffffff  __TI_prof_data_start                
00004341  __TI_readmsg                        
00000000  __TI_static_base__                  
20000920  __TI_tmpnams                        
0000422d  __TI_writemsg                       
00003c6d  __TI_wrt_ok                         
00004601  __TI_zero_init_nomemset             
000035d1  __aeabi_cdcmpeq                     
000035d1  __aeabi_cdcmple                     
00003657  __aeabi_cdrcmple                    
00004019  __aeabi_d2iz                        
000027ab  __aeabi_dadd                        
00002a95  __aeabi_ddiv                        
00003011  __aeabi_dmul                        
000027a1  __aeabi_dsub                        
00004695  __aeabi_errno_addr                  
00004405  __aeabi_i2d                         
00002957  __aeabi_idiv0                       
00002957  __aeabi_ldiv0                       
00003759  __aeabi_memclr                      
00003759  __aeabi_memclr4                     
00003759  __aeabi_memclr8                     
00003411  __aeabi_memcpy                      
00003411  __aeabi_memcpy4                     
00003411  __aeabi_memcpy8                     
0000375b  __aeabi_memset                      
0000375b  __aeabi_memset4                     
0000375b  __aeabi_memset8                     
20000cc0  __aeabi_stderr                      
20000cb8  __aeabi_stdin                       
20000cbc  __aeabi_stdout                      
000034ad  __aeabi_uldivmod                    
ffffffff  __binit__                           
ffffffff  __c_args__                          
UNDEFED   __mpu_init                          
2000fe00  __stack                             
00004265  _c_int00_noargs                     
000046b4  _ctypes_                            
20000b6c  _device                             
20000a7c  _ftable                             
20000cdc  _lock                               
00002037  _nop                                
20000be4  _stream                             
20000000  _sys_memory                         
UNDEFED   _system_post_cinit                  
000046ab  _system_pre_init                    
20000ce0  _unlock                             
000046af  abort                               
00003f85  atoi                                
20000a70  bcdDate                             
20000a71  bcdDay                              
20000a72  bcdHour                             
20000a73  bcdMinute                           
20000a74  bcdMonth                            
20000a75  bcdSecond                           
20000a76  bcdYear                             
ffffffff  binit                               
00003d31  close                               
20000a77  col                                 
20000c60  colorState                          
00004461  convertFromBCD                      
000043a5  convertToBCD                        
000045c5  copysign                            
000045c5  copysignl                           
20000c68  count                               
20000c6c  count2                              
20000c58  debounceFlag                        
20000c5c  debounceFlag2                       
00000891  driveMotor                          
00000a05  driveMotor2                         
20000ce4  errno                               
00003fd1  exit                                
000036dd  fflush                              
000043d5  finddevice                          
20000c7c  firstClock                          
20000c80  firstFlag                           
20000c70  firstRead                           
20000c35  flag                                
00003545  fputc                               
00002ced  fputs                               
000031e9  free                                
00003ba5  frexp                               
00003ba5  frexpl                              
00003c09  fseek                               
00000725  getKey                              
00000dfd  getTime                             
0000412d  getdevice                           
20000c74  i                                   
000047f8  i2cConfig2                          
000005e1  iicInit                             
0000056d  initClocks                          
00000000  interruptVectors                    
00002e01  ldexp                               
00002e01  ldexpl                              
00004489  lseek                               
00003e93  ltoa                                
00000115  main                                
000037d5  malloc                              
00004521  memccpy                             
00004501  memchr                              
00003411  memcpy                              
00003761  memset                              
0000429d  minit                               
20000c64  msDelay                             
20000a60  parmbuf                             
00000635  port_Init                           
20000c78  pos                                 
20000c4c  previous_Rev                        
20000c50  previous_Speed                      
00001453  printDay                            
000010d9  printTime                           
00003ad9  printf                              
00000d51  promptUser                          
00003545  putc                                
00000c0d  readFromSlave                       
00004435  remove                              
20000a78  row                                 
00002e01  scalbn                              
00002e01  scalbnl                             
00000ca9  setTime                             
0000310d  setvbuf                             
00004171  sprintf                             
00004585  strchr                              
0000456d  strcmp                              
000045d9  strcpy                              
000045ed  strlen                              
000042d5  strncpy                             
20000c54  sysTikToggleSpeed                   
20000c34  textSize                            
200009c0  timeArr1                            
200009dc  timeArr2                            
200009f8  timeArr3                            
20000a14  timeArr4                            
20000a30  timeArr5                            
000014e9  timer32setup                        
00004435  unlink                              
20000a79  value                               
00004613  wcslen                              
000044d9  write                               
00000b65  writeFromMaster                     


GLOBAL SYMBOLS: SORTED BY Symbol Address 

address   name                                
-------   ----                                
00000000  __TI_static_base__                  
00000000  interruptVectors                    
00000115  main                                
00000200  __STACK_SIZE                        
00000535  Configure                           
0000056d  initClocks                          
000005e1  iicInit                             
00000635  port_Init                           
00000725  getKey                              
00000800  __SYSMEM_SIZE                       
00000891  driveMotor                          
00000a05  driveMotor2                         
00000b65  writeFromMaster                     
00000c0d  readFromSlave                       
00000ca9  setTime                             
00000d51  promptUser                          
00000dfd  getTime                             
000010d9  printTime                           
00001453  printDay                            
000014bb  PORT2_IRQHandler                    
000014bb  PORT2_IRQHandler                    
000014e9  timer32setup                        
00001503  T32_INT1_IRQHandler                 
00001503  T32_INT1_IRQHandler                 
000015d9  __TI_printfi                        
00002037  _nop                                
00002039  SystemCoreClockUpdate               
000022ad  SystemInit                          
000027a1  __aeabi_dsub                        
000027ab  __aeabi_dadd                        
00002957  __aeabi_idiv0                       
00002957  __aeabi_ldiv0                       
00002a95  __aeabi_ddiv                        
00002ced  fputs                               
00002e01  ldexp                               
00002e01  ldexpl                              
00002e01  scalbn                              
00002e01  scalbnl                             
00002f11  COMMONCLOCKS_sysTick_Init           
00002f2d  COMMONCLOCKS_sysTick_delay_3MHZ     
00002f57  COMMONCLOCKS_sysTick_delay_48MHZ    
00002f81  COMMONCLOCKS_initClocks             
00003011  __aeabi_dmul                        
0000310d  setvbuf                             
000031e9  free                                
00003375  CS_startHFXTWithTimeout             
00003411  __aeabi_memcpy                      
00003411  __aeabi_memcpy4                     
00003411  __aeabi_memcpy8                     
00003411  memcpy                              
000034ad  __aeabi_uldivmod                    
00003545  fputc                               
00003545  putc                                
000035d1  __aeabi_cdcmpeq                     
000035d1  __aeabi_cdcmple                     
00003657  __aeabi_cdrcmple                    
000036dd  fflush                              
00003759  __aeabi_memclr                      
00003759  __aeabi_memclr4                     
00003759  __aeabi_memclr8                     
0000375b  __aeabi_memset                      
0000375b  __aeabi_memset4                     
0000375b  __aeabi_memset8                     
00003761  memset                              
000037d5  malloc                              
0000384d  __TI_closefile                      
000039a1  HOSTlseek                           
00003a09  HOSTrename                          
00003a71  __TI_decompress_lzss                
00003ad9  printf                              
00003b41  Interrupt_enableInterrupt           
00003ba5  frexp                               
00003ba5  frexpl                              
00003c09  fseek                               
00003c6d  __TI_wrt_ok                         
00003cd1  HOSTopen                            
00003d31  close                               
00003d8d  HOSTread                            
00003de5  HOSTwrite                           
00003e93  ltoa                                
00003f39  __TI_doflush                        
00003f85  atoi                                
00003fd1  exit                                
00004019  __aeabi_d2iz                        
00004061  HOSTclose                           
000040a5  HOSTunlink                          
000040e9  __TI_auto_init_nobinit_nopinit      
0000412d  getdevice                           
00004171  sprintf                             
0000422d  __TI_writemsg                       
0000425b  C$$IO$$                             
00004265  _c_int00_noargs                     
0000429d  minit                               
000042d5  strncpy                             
0000430d  __TI_cleanup                        
00004341  __TI_readmsg                        
00004375  GPIO_setAsInputPinWithPullUpResistor
000043a5  convertToBCD                        
000043d5  finddevice                          
00004405  __aeabi_i2d                         
00004435  remove                              
00004435  unlink                              
00004461  convertFromBCD                      
00004489  lseek                               
000044d9  write                               
00004501  memchr                              
00004521  memccpy                             
0000453d  GPIO_clearInterruptFlag             
0000456d  strcmp                              
00004585  strchr                              
0000459d  CS_setExternalClockSourceFrequency  
000045b1  GPIO_enableInterrupt                
000045c5  copysign                            
000045c5  copysignl                           
000045d9  strcpy                              
000045ed  strlen                              
00004601  __TI_zero_init_nomemset             
00004613  wcslen                              
00004625  Interrupt_enableMaster              
00004635  SysCtl_disableNMISource             
00004645  SysCtl_enableNMISource              
00004655  __TI_decompress_none                
00004663  Reset_Handler                       
0000466f  ADC14_IRQHandler                    
0000466f  AES256_IRQHandler                   
0000466f  BusFault_Handler                    
0000466f  COMP_E0_IRQHandler                  
0000466f  COMP_E1_IRQHandler                  
0000466f  CS_IRQHandler                       
0000466f  DMA_ERR_IRQHandler                  
0000466f  DMA_INT0_IRQHandler                 
0000466f  DMA_INT1_IRQHandler                 
0000466f  DMA_INT2_IRQHandler                 
0000466f  DMA_INT3_IRQHandler                 
0000466f  DebugMon_Handler                    
0000466f  Default_Handler                     
0000466f  EUSCIA0_IRQHandler                  
0000466f  EUSCIA1_IRQHandler                  
0000466f  EUSCIA2_IRQHandler                  
0000466f  EUSCIA3_IRQHandler                  
0000466f  EUSCIB0_IRQHandler                  
0000466f  EUSCIB1_IRQHandler                  
0000466f  EUSCIB2_IRQHandler                  
0000466f  EUSCIB3_IRQHandler                  
0000466f  FLCTL_IRQHandler                    
0000466f  FPU_IRQHandler                      
0000466f  HardFault_Handler                   
0000466f  MemManage_Handler                   
0000466f  NMI_Handler                         
0000466f  PCM_IRQHandler                      
0000466f  PORT1_IRQHandler                    
0000466f  PORT3_IRQHandler                    
0000466f  PORT4_IRQHandler                    
0000466f  PORT5_IRQHandler                    
0000466f  PORT6_IRQHandler                    
0000466f  PSS_IRQHandler                      
0000466f  PendSV_Handler                      
0000466f  RTC_C_IRQHandler                    
0000466f  SVC_Handler                         
0000466f  SysTick_Handler                     
0000466f  T32_INT2_IRQHandler                 
0000466f  T32_INTC_IRQHandler                 
0000466f  TA0_0_IRQHandler                    
0000466f  TA0_N_IRQHandler                    
0000466f  TA1_0_IRQHandler                    
0000466f  TA1_N_IRQHandler                    
0000466f  TA2_0_IRQHandler                    
0000466f  TA2_N_IRQHandler                    
0000466f  TA3_0_IRQHandler                    
0000466f  TA3_N_IRQHandler                    
0000466f  UsageFault_Handler                  
0000466f  WDT_A_IRQHandler                    
00004671  CPU_cpsie                           
0000467d  SysCtl_getNMISourceStatus           
00004695  __aeabi_errno_addr                  
0000469d  CS_startHFXT                        
000046ab  _system_pre_init                    
000046af  C$$EXIT                             
000046af  abort                               
000046b4  _ctypes_                            
000047f8  i2cConfig2                          
000048b8  __TI_Handler_Table_Base             
000048c4  __TI_Handler_Table_Limit            
000048d0  __TI_CINIT_Base                     
000048e0  __TI_CINIT_Limit                    
20000000  _sys_memory                         
20000800  __CIOBUF_                           
20000920  __TI_tmpnams                        
200009c0  timeArr1                            
200009dc  timeArr2                            
200009f8  timeArr3                            
20000a14  timeArr4                            
20000a30  timeArr5                            
20000a4c  RTC_registers                       
20000a60  parmbuf                             
20000a70  bcdDate                             
20000a71  bcdDay                              
20000a72  bcdHour                             
20000a73  bcdMinute                           
20000a74  bcdMonth                            
20000a75  bcdSecond                           
20000a76  bcdYear                             
20000a77  col                                 
20000a78  row                                 
20000a79  value                               
20000a7c  _ftable                             
20000b6c  _device                             
20000be4  _stream                             
20000c34  textSize                            
20000c35  flag                                
20000c38  User_Speed_Count                    
20000c3c  Seconds                             
20000c40  Magnet_Counter                      
20000c44  Calculated_Speed                    
20000c48  Calculated_Rev                      
20000c4c  previous_Rev                        
20000c50  previous_Speed                      
20000c54  sysTikToggleSpeed                   
20000c58  debounceFlag                        
20000c5c  debounceFlag2                       
20000c60  colorState                          
20000c64  msDelay                             
20000c68  count                               
20000c6c  count2                              
20000c70  firstRead                           
20000c74  i                                   
20000c78  pos                                 
20000c7c  firstClock                          
20000c80  firstFlag                           
20000cb4  __TI_ft_end                         
20000cb8  __aeabi_stdin                       
20000cbc  __aeabi_stdout                      
20000cc0  __aeabi_stderr                      
20000cc4  __TI_cleanup_ptr                    
20000cc8  __TI_dtors_ptr                      
20000ccc  __TI_enable_exit_profile_output     
20000cdc  _lock                               
20000ce0  _unlock                             
20000ce4  errno                               
20000ce8  SystemCoreClock                     
2000fe00  __stack                             
20010000  __STACK_END                         
4000480c  WDTCTL_SYM                          
ffffffff  __TI_pprof_out_hndl                 
ffffffff  __TI_prof_data_size                 
ffffffff  __TI_prof_data_start                
ffffffff  __binit__                           
ffffffff  __c_args__                          
ffffffff  binit                               
UNDEFED   __mpu_init                          
UNDEFED   _system_post_cinit                  

[251 symbols]
