******************************************************************************
                  TI ARM Linker PC v18.1.3                     
******************************************************************************
>> Linked Thu Dec  6 07:09:58 2018

OUTPUT FILE NAME:   <EGR326_Final_Project_Slave.out>
ENTRY POINT SYMBOL: "_c_int00_noargs"  address: 00004285


MEMORY CONFIGURATION

         name            origin    length      used     unused   attr    fill
----------------------  --------  ---------  --------  --------  ----  --------
  MAIN                  00000000   00040000  000048fa  0003b706  R  X
  INFO                  00200000   00004000  00000000  00004000  R  X
  SRAM_CODE             01000000   00010000  00000000  00010000  RW X
  SRAM_DATA             20000000   00010000  00000eea  0000f116  RW  


SEGMENT ALLOCATION MAP

run origin  load origin   length   init length attrs members
----------  ----------- ---------- ----------- ----- -------
00000000    00000000    00004900   00004900    r-x
  00000000    00000000    000000e4   000000e4    r-- .intvecs
  000000e4    000000e4    000045ee   000045ee    r-x .text
  000046d4    000046d4    00000158   00000158    r-- .const
  00004830    00004830    000000d0   000000d0    r-- .cinit
20000000    20000000    00000cec   00000000    rw-
  20000000    20000000    00000800   00000000    rw- .sysmem
  20000800    20000800    0000027a   00000000    rw- .bss
  20000a7c    20000a7c    00000270   00000000    rw- .data
2000fe00    2000fe00    00000200   00000000    rw-
  2000fe00    2000fe00    00000200   00000000    rw- .stack


SECTION ALLOCATION MAP

 output                                  attributes/
section   page    origin      length       input sections
--------  ----  ----------  ----------   ----------------
.intvecs   0    00000000    000000e4     
                  00000000    000000e4     startup_msp432p401r_ccs.obj (.intvecs:retain)

.text      0    000000e4    000045ee     
                  000000e4    00001514     main.obj (.text)
                  000015f8    00000a5e     rtsv7M4_T_le_v4SPD16_eabi.lib : _printfi.c.obj (.text:__TI_printfi)
                  00002056    00000002                                   : _lock.c.obj (.text:_nop)
                  00002058    00000328     system_msp432p401r.obj (.text)
                  00002380    00000270     rtsv7M4_T_le_v4SPD16_eabi.lib : _printfi.c.obj (.text:_pconv_a)
                  000025f0    000001d0                                   : _printfi.c.obj (.text:_pconv_g)
                  000027c0    000001b6                                   : fd_add_t2.asm.obj (.text)
                  00002976    00000002                                   : div0.asm.obj (.text)
                  00002978    0000013c                                   : _printfi.c.obj (.text:_pconv_e)
                  00002ab4    00000136                                   : fd_div_t2.asm.obj (.text)
                  00002bea    00000002     --HOLE-- [fill = 0]
                  00002bec    00000120                                   : _printfi.c.obj (.text:fcvt)
                  00002d0c    00000114                                   : fputs.c.obj (.text:fputs)
                  00002e20    00000110                                   : s_scalbn.c.obj (.text:scalbn)
                  00002f30    00000100     COMMONCLOCKS.obj (.text)
                  00003030    000000fc     rtsv7M4_T_le_v4SPD16_eabi.lib : fd_mul_t2.asm.obj (.text)
                  0000312c    000000dc                                   : setvbuf.c.obj (.text:setvbuf)
                  00003208    000000d8                                   : memory.c.obj (.text:free)
                  000032e0    000000b1                                   : _printfi.c.obj (.text:_ltostr)
                  00003391    00000003     --HOLE-- [fill = 0]
                  00003394    0000009c     msp432p4xx_driverlib.lib : cs.o (.text:CS_startHFXTWithTimeout)
                  00003430    0000009c     rtsv7M4_T_le_v4SPD16_eabi.lib : memcpy_t2.asm.obj (.text)
                  000034cc    00000096                                   : ull_div_t2.asm.obj (.text)
                  00003562    00000002     --HOLE-- [fill = 0]
                  00003564    0000008c                                   : fputc.c.obj (.text:fputc)
                  000035f0    00000086                                   : fd_cmp_t2.asm.obj (.text:__aeabi_cdcmple)
                  00003676    00000086                                   : fd_cmp_t2.asm.obj (.text:__aeabi_cdrcmple)
                  000036fc    0000007c                                   : fflush.c.obj (.text:fflush)
                  00003778    0000007a                                   : memset_t2.asm.obj (.text)
                  000037f2    00000002     --HOLE-- [fill = 0]
                  000037f4    00000078                                   : memory.c.obj (.text:malloc)
                  0000386c    00000074                                   : fclose.c.obj (.text:__TI_closefile)
                  000038e0    00000070     msp432p4xx_driverlib.lib : cs.o (.text:_CSGetHFXTFrequency)
                  00003950    0000006e     rtsv7M4_T_le_v4SPD16_eabi.lib : _printfi.c.obj (.text:_mcpy)
                  000039be    00000002     --HOLE-- [fill = 0]
                  000039c0    00000068                                   : hostlseek.c.obj (.text:HOSTlseek)
                  00003a28    00000068                                   : hostrename.c.obj (.text:HOSTrename)
                  00003a90    00000068                                   : copy_decompress_lzss.c.obj (.text:decompress:lzss:__TI_decompress_lzss)
                  00003af8    00000068                                   : printf.c.obj (.text:printf)
                  00003b60    00000064     msp432p4xx_driverlib.lib : interrupt.o (.text:Interrupt_enableInterrupt)
                  00003bc4    00000064     rtsv7M4_T_le_v4SPD16_eabi.lib : s_frexp.c.obj (.text:frexp)
                  00003c28    00000064                                   : fseek.c.obj (.text:fseek)
                  00003c8c    00000062                                   : _io_perm.c.obj (.text:__TI_wrt_ok)
                  00003cee    00000002     --HOLE-- [fill = 0]
                  00003cf0    00000060                                   : hostopen.c.obj (.text:HOSTopen)
                  00003d50    0000005c                                   : close.c.obj (.text:close)
                  00003dac    00000058                                   : hostread.c.obj (.text:HOSTread)
                  00003e04    00000058                                   : hostwrite.c.obj (.text:HOSTwrite)
                  00003e5c    00000056                                   : _printfi.c.obj (.text:_pconv_f)
                  00003eb2    00000054                                   : ltoa.c.obj (.text:ltoa)
                  00003f06    00000052                                   : _printfi.c.obj (.text:_ecpy)
                  00003f58    0000004c                                   : fflush.c.obj (.text:__TI_doflush)
                  00003fa4    0000004c                                   : atoi.c.obj (.text:atoi)
                  00003ff0    00000048                                   : exit.c.obj (.text:exit)
                  00004038    00000048                                   : fd_toi_t2.asm.obj (.text)
                  00004080    00000044                                   : hostclose.c.obj (.text:HOSTclose)
                  000040c4    00000044                                   : hostunlink.c.obj (.text:HOSTunlink)
                  00004108    00000044                                   : autoinit.c.obj (.text:__TI_auto_init_nobinit_nopinit:__TI_auto_init_nobinit_nopinit)
                  0000414c    00000044                                   : getdevice.c.obj (.text:getdevice)
                  00004190    00000040                                   : sprintf.c.obj (.text:sprintf)
                  000041d0    0000003e                                   : _printfi.c.obj (.text:_fcpy)
                  0000420e    00000002     --HOLE-- [fill = 0]
                  00004210    0000003c                                   : memory.c.obj (.text:minsert)
                  0000424c    00000038                                   : trgmsg.c.obj (.text:__TI_writemsg)
                  00004284    00000038                                   : boot_cortex_m.c.obj (.text:_c_int00_noargs:_c_int00_noargs)
                  000042bc    00000038                                   : memory.c.obj (.text:minit)
                  000042f4    00000036                                   : strncpy.c.obj (.text:strncpy)
                  0000432a    00000002     --HOLE-- [fill = 0]
                  0000432c    00000034                                   : fopen.c.obj (.text:__TI_cleanup)
                  00004360    00000034                                   : trgmsg.c.obj (.text:__TI_readmsg)
                  00004394    00000030     msp432p4xx_driverlib.lib : gpio.o (.text:GPIO_setAsInputPinWithPullUpResistor)
                  000043c4    00000030     main.obj (.text:convertToBCD)
                  000043f4    00000030     rtsv7M4_T_le_v4SPD16_eabi.lib : getdevice.c.obj (.text:finddevice)
                  00004424    0000002e                                   : i_tofd_t2.asm.obj (.text)
                  00004452    00000002     --HOLE-- [fill = 0]
                  00004454    0000002c                                   : unlink.c.obj (.text:unlink)
                  00004480    00000028     main.obj (.text:convertFromBCD)
                  000044a8    00000028     rtsv7M4_T_le_v4SPD16_eabi.lib : lseek.c.obj (.text:lseek)
                  000044d0    00000028                                   : memory.c.obj (.text:mremove)
                  000044f8    00000028                                   : write.c.obj (.text:write)
                  00004520    00000020                                   : memchr.c.obj (.text:memchr)
                  00004540    0000001c                                   : memccpy.c.obj (.text:memccpy)
                  0000455c    00000018     msp432p4xx_driverlib.lib : gpio.o (.text:GPIO_clearInterruptFlag)
                  00004574    00000018     rtsv7M4_T_le_v4SPD16_eabi.lib : sprintf.c.obj (.text:_outs)
                  0000458c    00000018                                   : strcmp.c.obj (.text:strcmp)
                  000045a4    00000016                                   : strchr.c.obj (.text:strchr)
                  000045ba    00000002     --HOLE-- [fill = 0]
                  000045bc    00000014     msp432p4xx_driverlib.lib : cs.o (.text:CS_setExternalClockSourceFrequency)
                  000045d0    00000014                              : gpio.o (.text:GPIO_enableInterrupt)
                  000045e4    00000014     rtsv7M4_T_le_v4SPD16_eabi.lib : s_copysign.c.obj (.text:copysign)
                  000045f8    00000014                                   : strcpy.c.obj (.text:strcpy)
                  0000460c    00000014                                   : strlen.c.obj (.text:strlen)
                  00004620    00000012                                   : copy_zero_init.c.obj (.text:decompress:ZI:__TI_zero_init_nomemset:__TI_zero_init_nomemset)
                  00004632    00000012                                   : wcslen.c.obj (.text:wcslen)
                  00004644    00000010     msp432p4xx_driverlib.lib : interrupt.o (.text:Interrupt_enableMaster)
                  00004654    00000010                              : sysctl.o (.text:SysCtl_disableNMISource)
                  00004664    00000010                              : sysctl.o (.text:SysCtl_enableNMISource)
                  00004674    0000000e     rtsv7M4_T_le_v4SPD16_eabi.lib : copy_decompress_none.c.obj (.text:decompress:none:__TI_decompress_none)
                  00004682    0000000e     startup_msp432p401r_ccs.obj (.text)
                  00004690    0000000c     msp432p4xx_driverlib.lib : cpu.o (.text:CPU_cpsie)
                  0000469c    0000000c                              : sysctl.o (.text:SysCtl_getNMISourceStatus)
                  000046a8    0000000a     rtsv7M4_T_le_v4SPD16_eabi.lib : sprintf.c.obj (.text:_outc)
                  000046b2    00000002     --HOLE-- [fill = 0]
                  000046b4    00000008                                   : errno.c.obj (.text:__aeabi_errno_addr)
                  000046bc    00000006     msp432p4xx_driverlib.lib : cs.o (.text:CS_startHFXT)
                  000046c2    00000004     rtsv7M4_T_le_v4SPD16_eabi.lib : printf.c.obj (.text:_outc)
                  000046c6    00000004                                   : printf.c.obj (.text:_outs)
                  000046ca    00000004                                   : pre_init.c.obj (.text:_system_pre_init)
                  000046ce    00000004                                   : exit.c.obj (.text:abort:abort)

.const     0    000046d4    00000158     
                  000046d4    00000101     rtsv7M4_T_le_v4SPD16_eabi.lib : ctype.c.obj (.const:.string:_ctypes_)
                  000047d5    00000003     --HOLE-- [fill = 0]
                  000047d8    00000040     msp432p4xx_driverlib.lib : interrupt.o (.const)
                  00004818    00000014     main.obj (.const:i2cConfig2)

.cinit     0    00004830    000000d0     
                  00004830    000000a9     (.cinit..data.load) [load image, compression = lzss]
                  000048d9    00000003     --HOLE-- [fill = 0]
                  000048dc    0000000c     (__TI_handler_table)
                  000048e8    00000008     (.cinit..bss.load) [load image, compression = zero_init]
                  000048f0    00000010     (__TI_cinit_table)

.init_array 
*          0    00000000    00000000     UNINITIALIZED

.sysmem    0    20000000    00000800     UNINITIALIZED
                  20000000    00000008     rtsv7M4_T_le_v4SPD16_eabi.lib : memory.c.obj (.sysmem)
                  20000008    000007f8     --HOLE--

.bss       0    20000800    0000027a     UNINITIALIZED
                  20000800    00000120     rtsv7M4_T_le_v4SPD16_eabi.lib : trgmsg.c.obj (.bss:_CIOBUF_)
                  20000920    000000a0     (.common:__TI_tmpnams)
                  200009c0    0000001c     (.common:timeArr1)
                  200009dc    0000001c     (.common:timeArr2)
                  200009f8    0000001c     (.common:timeArr3)
                  20000a14    0000001c     (.common:timeArr4)
                  20000a30    0000001c     (.common:timeArr5)
                  20000a4c    00000014     (.common:RTC_registers)
                  20000a60    00000008     (.common:parmbuf)
                  20000a68    00000004     (.common:hfxtFreq)
                  20000a6c    00000004     (.common:lfxtFreq)
                  20000a70    00000001     (.common:bcdDate)
                  20000a71    00000001     (.common:bcdDay)
                  20000a72    00000001     (.common:bcdHour)
                  20000a73    00000001     (.common:bcdMinute)
                  20000a74    00000001     (.common:bcdMonth)
                  20000a75    00000001     (.common:bcdSecond)
                  20000a76    00000001     (.common:bcdYear)
                  20000a77    00000001     (.common:col)
                  20000a78    00000001     (.common:row)
                  20000a79    00000001     (.common:value)

.data      0    20000a7c    00000270     UNINITIALIZED
                  20000a7c    000000f0     rtsv7M4_T_le_v4SPD16_eabi.lib : defs.c.obj (.data:_ftable)
                  20000b6c    00000078                                   : write.c.obj (.data:_device)
                  20000be4    00000050                                   : write.c.obj (.data:_stream)
                  20000c34    00000050     main.obj (.data)
                  20000c84    00000030     msp432p4xx_driverlib.lib : gpio.o (.data:GPIO_PORT_TO_BASE)
                  20000cb4    00000010     rtsv7M4_T_le_v4SPD16_eabi.lib : defs.c.obj (.data)
                  20000cc4    0000000c                                   : exit.c.obj (.data:$O1$$)
                  20000cd0    0000000c                                   : memory.c.obj (.data:$O1$$)
                  20000cdc    00000008                                   : _lock.c.obj (.data:$O1$$)
                  20000ce4    00000004                                   : errno.c.obj (.data)
                  20000ce8    00000004     system_msp432p401r.obj (.data)

.stack     0    2000fe00    00000200     UNINITIALIZED
                  2000fe00    00000004     rtsv7M4_T_le_v4SPD16_eabi.lib : boot_cortex_m.c.obj (.stack)
                  2000fe04    000001fc     --HOLE--

MODULE SUMMARY

       Module                        code    ro data   rw data
       ------                        ----    -------   -------
    .\
       main.obj                      5484    20        250    
       system_msp432p401r.obj        808     0         4      
       COMMONCLOCKS.obj              256     0         0      
       startup_msp432p401r_ccs.obj   14      228       0      
    +--+-----------------------------+-------+---------+---------+
       Total:                        6562    248       254    
                                                              
    C:/ti/msp/MSP432Ware_3_50_00_02/driverlib/driverlib/MSP432P4xx/ccs/msp432p4xx_driverlib.lib
       cs.o                          294     0         8      
       interrupt.o                   116     64        0      
       gpio.o                        92      0         48     
       sysctl.o                      44      0         0      
       cpu.o                         12      0         0      
    +--+-----------------------------+-------+---------+---------+
       Total:                        558     64        56     
                                                              
    C:\ti\ccsv8\tools\compiler\ti-cgt-arm_18.1.3.LTS\lib\rtsv7M4_T_le_v4SPD16_eabi.lib
       _printfi.c.obj                4863    0         0      
       memory.c.obj                  492     0         12     
       fd_add_t2.asm.obj             438     0         0      
       defs.c.obj                    0       0         416    
       trgmsg.c.obj                  108     0         288    
       fd_div_t2.asm.obj             310     0         0      
       fputs.c.obj                   276     0         0      
       s_scalbn.c.obj                272     0         0      
       fd_cmp_t2.asm.obj             268     0         0      
       ctype.c.obj                   0       257       0      
       fd_mul_t2.asm.obj             252     0         0      
       write.c.obj                   40      0         200    
       setvbuf.c.obj                 220     0         0      
       fflush.c.obj                  200     0         0      
       memcpy_t2.asm.obj             156     0         0      
       ull_div_t2.asm.obj            150     0         0      
       fputc.c.obj                   140     0         0      
       memset_t2.asm.obj             122     0         0      
       fclose.c.obj                  116     0         0      
       getdevice.c.obj               116     0         0      
       printf.c.obj                  112     0         0      
       copy_decompress_lzss.c.obj    104     0         0      
       hostlseek.c.obj               104     0         0      
       hostopen.c.obj                96      0         8      
       hostrename.c.obj              104     0         0      
       fseek.c.obj                   100     0         0      
       s_frexp.c.obj                 100     0         0      
       _io_perm.c.obj                98      0         0      
       sprintf.c.obj                 98      0         0      
       close.c.obj                   92      0         0      
       exit.c.obj                    76      0         12     
       hostread.c.obj                88      0         0      
       hostwrite.c.obj               88      0         0      
       ltoa.c.obj                    84      0         0      
       atoi.c.obj                    76      0         0      
       fd_toi_t2.asm.obj             72      0         0      
       autoinit.c.obj                68      0         0      
       hostclose.c.obj               68      0         0      
       hostunlink.c.obj              68      0         0      
       boot_cortex_m.c.obj           56      0         0      
       strncpy.c.obj                 54      0         0      
       fopen.c.obj                   52      0         0      
       i_tofd_t2.asm.obj             46      0         0      
       unlink.c.obj                  44      0         0      
       lseek.c.obj                   40      0         0      
       memchr.c.obj                  32      0         0      
       memccpy.c.obj                 28      0         0      
       strcmp.c.obj                  24      0         0      
       strchr.c.obj                  22      0         0      
       s_copysign.c.obj              20      0         0      
       strcpy.c.obj                  20      0         0      
       strlen.c.obj                  20      0         0      
       copy_zero_init.c.obj          18      0         0      
       wcslen.c.obj                  18      0         0      
       copy_decompress_none.c.obj    14      0         0      
       errno.c.obj                   8       0         4      
       _lock.c.obj                   2       0         8      
       pre_init.c.obj                4       0         0      
       div0.asm.obj                  2       0         0      
    +--+-----------------------------+-------+---------+---------+
       Total:                        10759   257       948    
                                                              
       Heap:                         0       0         2048   
       Stack:                        0       0         512    
       Linker Generated:             0       205       0      
    +--+-----------------------------+-------+---------+---------+
       Grand Total:                  17879   774       3818   


LINKER GENERATED COPY TABLES

__TI_cinit_table @ 000048f0 records: 2, size/record: 8, table size: 16
	.data: load addr=00004830, load size=000000a9 bytes, run addr=20000a7c, run size=00000270 bytes, compression=lzss
	.bss: load addr=000048e8, load size=00000008 bytes, run addr=20000800, run size=0000027a bytes, compression=zero_init


LINKER GENERATED HANDLER TABLE

__TI_handler_table @ 000048dc records: 3, size/record: 4, table size: 12
	index: 0, handler: __TI_decompress_lzss
	index: 1, handler: __TI_decompress_none
	index: 2, handler: __TI_zero_init


GLOBAL SYMBOLS: SORTED ALPHABETICALLY BY Name 

address   name                                
-------   ----                                
0000468f  ADC14_IRQHandler                    
0000468f  AES256_IRQHandler                   
0000468f  BusFault_Handler                    
000046cf  C$$EXIT                             
0000427b  C$$IO$$                             
00002fa1  COMMONCLOCKS_initClocks             
00002f31  COMMONCLOCKS_sysTick_Init           
00002f4d  COMMONCLOCKS_sysTick_delay_3MHZ     
00002f77  COMMONCLOCKS_sysTick_delay_48MHZ    
0000468f  COMP_E0_IRQHandler                  
0000468f  COMP_E1_IRQHandler                  
00004691  CPU_cpsie                           
0000468f  CS_IRQHandler                       
000045bd  CS_setExternalClockSourceFrequency  
000046bd  CS_startHFXT                        
00003395  CS_startHFXTWithTimeout             
20000c48  Calculated_Rev                      
20000c44  Calculated_Speed                    
00000559  Configure                           
0000468f  DMA_ERR_IRQHandler                  
0000468f  DMA_INT0_IRQHandler                 
0000468f  DMA_INT1_IRQHandler                 
0000468f  DMA_INT2_IRQHandler                 
0000468f  DMA_INT3_IRQHandler                 
0000468f  DebugMon_Handler                    
0000468f  Default_Handler                     
0000468f  EUSCIA0_IRQHandler                  
0000468f  EUSCIA1_IRQHandler                  
0000468f  EUSCIA2_IRQHandler                  
0000468f  EUSCIA3_IRQHandler                  
0000468f  EUSCIB0_IRQHandler                  
0000468f  EUSCIB1_IRQHandler                  
0000468f  EUSCIB2_IRQHandler                  
0000468f  EUSCIB3_IRQHandler                  
0000468f  FLCTL_IRQHandler                    
0000468f  FPU_IRQHandler                      
0000455d  GPIO_clearInterruptFlag             
000045d1  GPIO_enableInterrupt                
00004395  GPIO_setAsInputPinWithPullUpResistor
00004081  HOSTclose                           
000039c1  HOSTlseek                           
00003cf1  HOSTopen                            
00003dad  HOSTread                            
00003a29  HOSTrename                          
000040c5  HOSTunlink                          
00003e05  HOSTwrite                           
0000468f  HardFault_Handler                   
00003b61  Interrupt_enableInterrupt           
00004645  Interrupt_enableMaster              
20000c40  Magnet_Counter                      
0000468f  MemManage_Handler                   
0000468f  NMI_Handler                         
0000468f  PCM_IRQHandler                      
0000468f  PORT1_IRQHandler                    
000014db  PORT2_IRQHandler                    
000014db  PORT2_IRQHandler                    
0000468f  PORT3_IRQHandler                    
0000468f  PORT4_IRQHandler                    
0000468f  PORT5_IRQHandler                    
0000468f  PORT6_IRQHandler                    
0000468f  PSS_IRQHandler                      
0000468f  PendSV_Handler                      
0000468f  RTC_C_IRQHandler                    
20000a4c  RTC_registers                       
00004683  Reset_Handler                       
0000468f  SVC_Handler                         
20000c3c  Seconds                             
00004655  SysCtl_disableNMISource             
00004665  SysCtl_enableNMISource              
0000469d  SysCtl_getNMISourceStatus           
0000468f  SysTick_Handler                     
20000ce8  SystemCoreClock                     
00002059  SystemCoreClockUpdate               
000022cd  SystemInit                          
00001523  T32_INT1_IRQHandler                 
00001523  T32_INT1_IRQHandler                 
0000468f  T32_INT2_IRQHandler                 
0000468f  T32_INTC_IRQHandler                 
0000468f  TA0_0_IRQHandler                    
0000468f  TA0_N_IRQHandler                    
0000468f  TA1_0_IRQHandler                    
0000468f  TA1_N_IRQHandler                    
0000468f  TA2_0_IRQHandler                    
0000468f  TA2_N_IRQHandler                    
0000468f  TA3_0_IRQHandler                    
0000468f  TA3_N_IRQHandler                    
0000468f  UsageFault_Handler                  
20000c38  User_Speed_Count                    
4000480c  WDTCTL_SYM                          
0000468f  WDT_A_IRQHandler                    
20000800  __CIOBUF_                           
20010000  __STACK_END                         
00000200  __STACK_SIZE                        
00000800  __SYSMEM_SIZE                       
000048f0  __TI_CINIT_Base                     
00004900  __TI_CINIT_Limit                    
000048dc  __TI_Handler_Table_Base             
000048e8  __TI_Handler_Table_Limit            
00004109  __TI_auto_init_nobinit_nopinit      
0000432d  __TI_cleanup                        
20000cc4  __TI_cleanup_ptr                    
0000386d  __TI_closefile                      
00003a91  __TI_decompress_lzss                
00004675  __TI_decompress_none                
00003f59  __TI_doflush                        
20000cc8  __TI_dtors_ptr                      
20000ccc  __TI_enable_exit_profile_output     
20000cb4  __TI_ft_end                         
ffffffff  __TI_pprof_out_hndl                 
000015f9  __TI_printfi                        
ffffffff  __TI_prof_data_size                 
ffffffff  __TI_prof_data_start                
00004361  __TI_readmsg                        
00000000  __TI_static_base__                  
20000920  __TI_tmpnams                        
0000424d  __TI_writemsg                       
00003c8d  __TI_wrt_ok                         
00004621  __TI_zero_init_nomemset             
000035f1  __aeabi_cdcmpeq                     
000035f1  __aeabi_cdcmple                     
00003677  __aeabi_cdrcmple                    
00004039  __aeabi_d2iz                        
000027cb  __aeabi_dadd                        
00002ab5  __aeabi_ddiv                        
00003031  __aeabi_dmul                        
000027c1  __aeabi_dsub                        
000046b5  __aeabi_errno_addr                  
00004425  __aeabi_i2d                         
00002977  __aeabi_idiv0                       
00002977  __aeabi_ldiv0                       
00003779  __aeabi_memclr                      
00003779  __aeabi_memclr4                     
00003779  __aeabi_memclr8                     
00003431  __aeabi_memcpy                      
00003431  __aeabi_memcpy4                     
00003431  __aeabi_memcpy8                     
0000377b  __aeabi_memset                      
0000377b  __aeabi_memset4                     
0000377b  __aeabi_memset8                     
20000cc0  __aeabi_stderr                      
20000cb8  __aeabi_stdin                       
20000cbc  __aeabi_stdout                      
000034cd  __aeabi_uldivmod                    
ffffffff  __binit__                           
ffffffff  __c_args__                          
UNDEFED   __mpu_init                          
2000fe00  __stack                             
00004285  _c_int00_noargs                     
000046d4  _ctypes_                            
20000b6c  _device                             
20000a7c  _ftable                             
20000cdc  _lock                               
00002057  _nop                                
20000be4  _stream                             
20000000  _sys_memory                         
UNDEFED   _system_post_cinit                  
000046cb  _system_pre_init                    
20000ce0  _unlock                             
000046cf  abort                               
00003fa5  atoi                                
20000a70  bcdDate                             
20000a71  bcdDay                              
20000a72  bcdHour                             
20000a73  bcdMinute                           
20000a74  bcdMonth                            
20000a75  bcdSecond                           
20000a76  bcdYear                             
ffffffff  binit                               
00003d51  close                               
20000a77  col                                 
20000c60  colorState                          
00004481  convertFromBCD                      
000043c5  convertToBCD                        
000045e5  copysign                            
000045e5  copysignl                           
20000c68  count                               
20000c6c  count2                              
20000c58  debounceFlag                        
20000c5c  debounceFlag2                       
000008b1  driveMotor                          
00000a29  driveMotor2                         
20000ce4  errno                               
00003ff1  exit                                
000036fd  fflush                              
000043f5  finddevice                          
20000c7c  firstClock                          
20000c80  firstFlag                           
20000c70  firstRead                           
20000c35  flag                                
00003565  fputc                               
00002d0d  fputs                               
00003209  free                                
00003bc5  frexp                               
00003bc5  frexpl                              
00003c29  fseek                               
00000741  getKey                              
00000e1d  getTime                             
0000414d  getdevice                           
20000c74  i                                   
00004818  i2cConfig2                          
00000605  iicInit                             
00000591  initClocks                          
00000000  interruptVectors                    
00002e21  ldexp                               
00002e21  ldexpl                              
000044a9  lseek                               
00003eb3  ltoa                                
00000115  main                                
000037f5  malloc                              
00004541  memccpy                             
00004521  memchr                              
00003431  memcpy                              
00003781  memset                              
000042bd  minit                               
20000c64  msDelay                             
20000a60  parmbuf                             
00000659  port_Init                           
20000c78  pos                                 
20000c4c  previous_Rev                        
20000c50  previous_Speed                      
00001473  printDay                            
000010f9  printTime                           
00003af9  printf                              
00000d71  promptUser                          
00003565  putc                                
00000c2d  readFromSlave                       
00004455  remove                              
20000a78  row                                 
00002e21  scalbn                              
00002e21  scalbnl                             
00000cc9  setTime                             
0000312d  setvbuf                             
00004191  sprintf                             
000045a5  strchr                              
0000458d  strcmp                              
000045f9  strcpy                              
0000460d  strlen                              
000042f5  strncpy                             
20000c54  sysTikToggleSpeed                   
20000c34  textSize                            
200009c0  timeArr1                            
200009dc  timeArr2                            
200009f8  timeArr3                            
20000a14  timeArr4                            
20000a30  timeArr5                            
00001509  timer32setup                        
00004455  unlink                              
20000a79  value                               
00004633  wcslen                              
000044f9  write                               
00000b83  writeFromMaster                     


GLOBAL SYMBOLS: SORTED BY Symbol Address 

address   name                                
-------   ----                                
00000000  __TI_static_base__                  
00000000  interruptVectors                    
00000115  main                                
00000200  __STACK_SIZE                        
00000559  Configure                           
00000591  initClocks                          
00000605  iicInit                             
00000659  port_Init                           
00000741  getKey                              
00000800  __SYSMEM_SIZE                       
000008b1  driveMotor                          
00000a29  driveMotor2                         
00000b83  writeFromMaster                     
00000c2d  readFromSlave                       
00000cc9  setTime                             
00000d71  promptUser                          
00000e1d  getTime                             
000010f9  printTime                           
00001473  printDay                            
000014db  PORT2_IRQHandler                    
000014db  PORT2_IRQHandler                    
00001509  timer32setup                        
00001523  T32_INT1_IRQHandler                 
00001523  T32_INT1_IRQHandler                 
000015f9  __TI_printfi                        
00002057  _nop                                
00002059  SystemCoreClockUpdate               
000022cd  SystemInit                          
000027c1  __aeabi_dsub                        
000027cb  __aeabi_dadd                        
00002977  __aeabi_idiv0                       
00002977  __aeabi_ldiv0                       
00002ab5  __aeabi_ddiv                        
00002d0d  fputs                               
00002e21  ldexp                               
00002e21  ldexpl                              
00002e21  scalbn                              
00002e21  scalbnl                             
00002f31  COMMONCLOCKS_sysTick_Init           
00002f4d  COMMONCLOCKS_sysTick_delay_3MHZ     
00002f77  COMMONCLOCKS_sysTick_delay_48MHZ    
00002fa1  COMMONCLOCKS_initClocks             
00003031  __aeabi_dmul                        
0000312d  setvbuf                             
00003209  free                                
00003395  CS_startHFXTWithTimeout             
00003431  __aeabi_memcpy                      
00003431  __aeabi_memcpy4                     
00003431  __aeabi_memcpy8                     
00003431  memcpy                              
000034cd  __aeabi_uldivmod                    
00003565  fputc                               
00003565  putc                                
000035f1  __aeabi_cdcmpeq                     
000035f1  __aeabi_cdcmple                     
00003677  __aeabi_cdrcmple                    
000036fd  fflush                              
00003779  __aeabi_memclr                      
00003779  __aeabi_memclr4                     
00003779  __aeabi_memclr8                     
0000377b  __aeabi_memset                      
0000377b  __aeabi_memset4                     
0000377b  __aeabi_memset8                     
00003781  memset                              
000037f5  malloc                              
0000386d  __TI_closefile                      
000039c1  HOSTlseek                           
00003a29  HOSTrename                          
00003a91  __TI_decompress_lzss                
00003af9  printf                              
00003b61  Interrupt_enableInterrupt           
00003bc5  frexp                               
00003bc5  frexpl                              
00003c29  fseek                               
00003c8d  __TI_wrt_ok                         
00003cf1  HOSTopen                            
00003d51  close                               
00003dad  HOSTread                            
00003e05  HOSTwrite                           
00003eb3  ltoa                                
00003f59  __TI_doflush                        
00003fa5  atoi                                
00003ff1  exit                                
00004039  __aeabi_d2iz                        
00004081  HOSTclose                           
000040c5  HOSTunlink                          
00004109  __TI_auto_init_nobinit_nopinit      
0000414d  getdevice                           
00004191  sprintf                             
0000424d  __TI_writemsg                       
0000427b  C$$IO$$                             
00004285  _c_int00_noargs                     
000042bd  minit                               
000042f5  strncpy                             
0000432d  __TI_cleanup                        
00004361  __TI_readmsg                        
00004395  GPIO_setAsInputPinWithPullUpResistor
000043c5  convertToBCD                        
000043f5  finddevice                          
00004425  __aeabi_i2d                         
00004455  remove                              
00004455  unlink                              
00004481  convertFromBCD                      
000044a9  lseek                               
000044f9  write                               
00004521  memchr                              
00004541  memccpy                             
0000455d  GPIO_clearInterruptFlag             
0000458d  strcmp                              
000045a5  strchr                              
000045bd  CS_setExternalClockSourceFrequency  
000045d1  GPIO_enableInterrupt                
000045e5  copysign                            
000045e5  copysignl                           
000045f9  strcpy                              
0000460d  strlen                              
00004621  __TI_zero_init_nomemset             
00004633  wcslen                              
00004645  Interrupt_enableMaster              
00004655  SysCtl_disableNMISource             
00004665  SysCtl_enableNMISource              
00004675  __TI_decompress_none                
00004683  Reset_Handler                       
0000468f  ADC14_IRQHandler                    
0000468f  AES256_IRQHandler                   
0000468f  BusFault_Handler                    
0000468f  COMP_E0_IRQHandler                  
0000468f  COMP_E1_IRQHandler                  
0000468f  CS_IRQHandler                       
0000468f  DMA_ERR_IRQHandler                  
0000468f  DMA_INT0_IRQHandler                 
0000468f  DMA_INT1_IRQHandler                 
0000468f  DMA_INT2_IRQHandler                 
0000468f  DMA_INT3_IRQHandler                 
0000468f  DebugMon_Handler                    
0000468f  Default_Handler                     
0000468f  EUSCIA0_IRQHandler                  
0000468f  EUSCIA1_IRQHandler                  
0000468f  EUSCIA2_IRQHandler                  
0000468f  EUSCIA3_IRQHandler                  
0000468f  EUSCIB0_IRQHandler                  
0000468f  EUSCIB1_IRQHandler                  
0000468f  EUSCIB2_IRQHandler                  
0000468f  EUSCIB3_IRQHandler                  
0000468f  FLCTL_IRQHandler                    
0000468f  FPU_IRQHandler                      
0000468f  HardFault_Handler                   
0000468f  MemManage_Handler                   
0000468f  NMI_Handler                         
0000468f  PCM_IRQHandler                      
0000468f  PORT1_IRQHandler                    
0000468f  PORT3_IRQHandler                    
0000468f  PORT4_IRQHandler                    
0000468f  PORT5_IRQHandler                    
0000468f  PORT6_IRQHandler                    
0000468f  PSS_IRQHandler                      
0000468f  PendSV_Handler                      
0000468f  RTC_C_IRQHandler                    
0000468f  SVC_Handler                         
0000468f  SysTick_Handler                     
0000468f  T32_INT2_IRQHandler                 
0000468f  T32_INTC_IRQHandler                 
0000468f  TA0_0_IRQHandler                    
0000468f  TA0_N_IRQHandler                    
0000468f  TA1_0_IRQHandler                    
0000468f  TA1_N_IRQHandler                    
0000468f  TA2_0_IRQHandler                    
0000468f  TA2_N_IRQHandler                    
0000468f  TA3_0_IRQHandler                    
0000468f  TA3_N_IRQHandler                    
0000468f  UsageFault_Handler                  
0000468f  WDT_A_IRQHandler                    
00004691  CPU_cpsie                           
0000469d  SysCtl_getNMISourceStatus           
000046b5  __aeabi_errno_addr                  
000046bd  CS_startHFXT                        
000046cb  _system_pre_init                    
000046cf  C$$EXIT                             
000046cf  abort                               
000046d4  _ctypes_                            
00004818  i2cConfig2                          
000048dc  __TI_Handler_Table_Base             
000048e8  __TI_Handler_Table_Limit            
000048f0  __TI_CINIT_Base                     
00004900  __TI_CINIT_Limit                    
20000000  _sys_memory                         
20000800  __CIOBUF_                           
20000920  __TI_tmpnams                        
200009c0  timeArr1                            
200009dc  timeArr2                            
200009f8  timeArr3                            
20000a14  timeArr4                            
20000a30  timeArr5                            
20000a4c  RTC_registers                       
20000a60  parmbuf                             
20000a70  bcdDate                             
20000a71  bcdDay                              
20000a72  bcdHour                             
20000a73  bcdMinute                           
20000a74  bcdMonth                            
20000a75  bcdSecond                           
20000a76  bcdYear                             
20000a77  col                                 
20000a78  row                                 
20000a79  value                               
20000a7c  _ftable                             
20000b6c  _device                             
20000be4  _stream                             
20000c34  textSize                            
20000c35  flag                                
20000c38  User_Speed_Count                    
20000c3c  Seconds                             
20000c40  Magnet_Counter                      
20000c44  Calculated_Speed                    
20000c48  Calculated_Rev                      
20000c4c  previous_Rev                        
20000c50  previous_Speed                      
20000c54  sysTikToggleSpeed                   
20000c58  debounceFlag                        
20000c5c  debounceFlag2                       
20000c60  colorState                          
20000c64  msDelay                             
20000c68  count                               
20000c6c  count2                              
20000c70  firstRead                           
20000c74  i                                   
20000c78  pos                                 
20000c7c  firstClock                          
20000c80  firstFlag                           
20000cb4  __TI_ft_end                         
20000cb8  __aeabi_stdin                       
20000cbc  __aeabi_stdout                      
20000cc0  __aeabi_stderr                      
20000cc4  __TI_cleanup_ptr                    
20000cc8  __TI_dtors_ptr                      
20000ccc  __TI_enable_exit_profile_output     
20000cdc  _lock                               
20000ce0  _unlock                             
20000ce4  errno                               
20000ce8  SystemCoreClock                     
2000fe00  __stack                             
20010000  __STACK_END                         
4000480c  WDTCTL_SYM                          
ffffffff  __TI_pprof_out_hndl                 
ffffffff  __TI_prof_data_size                 
ffffffff  __TI_prof_data_start                
ffffffff  __binit__                           
ffffffff  __c_args__                          
ffffffff  binit                               
UNDEFED   __mpu_init                          
UNDEFED   _system_post_cinit                  

[251 symbols]
