******************************************************************************
                  TI ARM Linker PC v18.1.3                     
******************************************************************************
>> Linked Fri Nov 30 12:28:11 2018

OUTPUT FILE NAME:   <EGR326_Lab11.out>
ENTRY POINT SYMBOL: "_c_int00_noargs"  address: 00002625


MEMORY CONFIGURATION

         name            origin    length      used     unused   attr    fill
----------------------  --------  ---------  --------  --------  ----  --------
  MAIN                  00000000   00040000  000029e6  0003d61a  R  X
  INFO                  00200000   00004000  00000000  00004000  R  X
  SRAM_CODE             01000000   00010000  00000000  00010000  RW X
  SRAM_DATA             20000000   00010000  0000025d  0000fda3  RW  


SEGMENT ALLOCATION MAP

run origin  load origin   length   init length attrs members
----------  ----------- ---------- ----------- ----- -------
00000000    00000000    000029e8   000029e8    r-x
  00000000    00000000    000000e4   000000e4    r-- .intvecs
  000000e4    000000e4    00002756   00002756    r-x .text
  0000283c    0000283c    00000144   00000144    r-- .const
  00002980    00002980    00000068   00000068    r-- .cinit
20000000    20000000    0000005d   00000000    rw-
  20000000    20000000    00000054   00000000    rw- .data
  20000054    20000054    00000009   00000000    rw- .bss
2000fe00    2000fe00    00000200   00000000    rw-
  2000fe00    2000fe00    00000200   00000000    rw- .stack


SECTION ALLOCATION MAP

 output                                  attributes/
section   page    origin      length       input sections
--------  ----  ----------  ----------   ----------------
.intvecs   0    00000000    000000e4     
                  00000000    000000e4     startup_msp432p401r_ccs.obj (.intvecs:retain)

.text      0    000000e4    00002756     
                  000000e4    00000a5e     rtsv7M4_T_le_v4SPD16_eabi.lib : _printfi.c.obj (.text:__TI_printfi)
                  00000b42    00000002                                   : div0.asm.obj (.text)
                  00000b44    000003b4     main.obj (.text)
                  00000ef8    00000328     system_msp432p401r.obj (.text)
                  00001220    00000270     rtsv7M4_T_le_v4SPD16_eabi.lib : _printfi.c.obj (.text:_pconv_a)
                  00001490    000001d0                                   : _printfi.c.obj (.text:_pconv_g)
                  00001660    000001b6                                   : fd_add_t2.asm.obj (.text)
                  00001816    00000002     --HOLE-- [fill = 0]
                  00001818    0000013c                                   : _printfi.c.obj (.text:_pconv_e)
                  00001954    00000136                                   : fd_div_t2.asm.obj (.text)
                  00001a8a    00000002     --HOLE-- [fill = 0]
                  00001a8c    00000120                                   : _printfi.c.obj (.text:fcvt)
                  00001bac    00000110                                   : s_scalbn.c.obj (.text:scalbn)
                  00001cbc    000000fc                                   : fd_mul_t2.asm.obj (.text)
                  00001db8    000000b1                                   : _printfi.c.obj (.text:_ltostr)
                  00001e69    00000003     --HOLE-- [fill = 0]
                  00001e6c    0000009c     msp432p4xx_driverlib.lib : cs.o (.text:CS_startHFXTWithTimeout)
                  00001f08    0000009c     rtsv7M4_T_le_v4SPD16_eabi.lib : memcpy_t2.asm.obj (.text)
                  00001fa4    00000096                                   : ull_div_t2.asm.obj (.text)
                  0000203a    00000086                                   : fd_cmp_t2.asm.obj (.text:__aeabi_cdcmple)
                  000020c0    00000086                                   : fd_cmp_t2.asm.obj (.text:__aeabi_cdrcmple)
                  00002146    0000007a                                   : memset_t2.asm.obj (.text)
                  000021c0    00000070     msp432p4xx_driverlib.lib : cs.o (.text:_CSGetHFXTFrequency)
                  00002230    0000006e     rtsv7M4_T_le_v4SPD16_eabi.lib : _printfi.c.obj (.text:_mcpy)
                  0000229e    00000068                                   : copy_decompress_lzss.c.obj (.text:decompress:lzss:__TI_decompress_lzss)
                  00002306    00000002     --HOLE-- [fill = 0]
                  00002308    00000064     msp432p4xx_driverlib.lib : interrupt.o (.text:Interrupt_enableInterrupt)
                  0000236c    00000064     rtsv7M4_T_le_v4SPD16_eabi.lib : s_frexp.c.obj (.text:frexp)
                  000023d0    00000056                                   : _printfi.c.obj (.text:_pconv_f)
                  00002426    00000054                                   : ltoa.c.obj (.text:ltoa)
                  0000247a    00000052                                   : _printfi.c.obj (.text:_ecpy)
                  000024cc    0000004c                                   : atoi.c.obj (.text:atoi)
                  00002518    00000048                                   : fd_toi_t2.asm.obj (.text)
                  00002560    00000044                                   : autoinit.c.obj (.text:__TI_auto_init_nobinit_nopinit:__TI_auto_init_nobinit_nopinit)
                  000025a4    00000040                                   : sprintf.c.obj (.text:sprintf)
                  000025e4    0000003e                                   : _printfi.c.obj (.text:_fcpy)
                  00002622    00000002     --HOLE-- [fill = 0]
                  00002624    00000038                                   : boot_cortex_m.c.obj (.text:_c_int00_noargs:_c_int00_noargs)
                  0000265c    00000030     msp432p4xx_driverlib.lib : gpio.o (.text:GPIO_setAsInputPinWithPullUpResistor)
                  0000268c    0000002e     rtsv7M4_T_le_v4SPD16_eabi.lib : i_tofd_t2.asm.obj (.text)
                  000026ba    00000002     --HOLE-- [fill = 0]
                  000026bc    00000020     msp432p4xx_driverlib.lib : gpio.o (.text:GPIO_interruptEdgeSelect)
                  000026dc    0000001c     rtsv7M4_T_le_v4SPD16_eabi.lib : memccpy.c.obj (.text:memccpy)
                  000026f8    00000018     msp432p4xx_driverlib.lib : gpio.o (.text:GPIO_clearInterruptFlag)
                  00002710    00000018     rtsv7M4_T_le_v4SPD16_eabi.lib : sprintf.c.obj (.text:_outs)
                  00002728    00000016                                   : strchr.c.obj (.text:strchr)
                  0000273e    00000002     --HOLE-- [fill = 0]
                  00002740    00000014     msp432p4xx_driverlib.lib : cs.o (.text:CS_setExternalClockSourceFrequency)
                  00002754    00000014                              : gpio.o (.text:GPIO_enableInterrupt)
                  00002768    00000014     rtsv7M4_T_le_v4SPD16_eabi.lib : s_copysign.c.obj (.text:copysign)
                  0000277c    00000014                                   : strlen.c.obj (.text:strlen)
                  00002790    00000012                                   : copy_zero_init.c.obj (.text:decompress:ZI:__TI_zero_init_nomemset:__TI_zero_init_nomemset)
                  000027a2    00000012                                   : wcslen.c.obj (.text:wcslen)
                  000027b4    00000010     msp432p4xx_driverlib.lib : interrupt.o (.text:Interrupt_enableMaster)
                  000027c4    00000010                              : sysctl.o (.text:SysCtl_disableNMISource)
                  000027d4    00000010                              : sysctl.o (.text:SysCtl_enableNMISource)
                  000027e4    0000000e     rtsv7M4_T_le_v4SPD16_eabi.lib : copy_decompress_none.c.obj (.text:decompress:none:__TI_decompress_none)
                  000027f2    0000000e     startup_msp432p401r_ccs.obj (.text)
                  00002800    0000000c     msp432p4xx_driverlib.lib : cpu.o (.text:CPU_cpsie)
                  0000280c    0000000c                              : sysctl.o (.text:SysCtl_getNMISourceStatus)
                  00002818    0000000a     rtsv7M4_T_le_v4SPD16_eabi.lib : sprintf.c.obj (.text:_outc)
                  00002822    00000002     --HOLE-- [fill = 0]
                  00002824    00000008                                   : errno.c.obj (.text:__aeabi_errno_addr)
                  0000282c    00000006     msp432p4xx_driverlib.lib : cs.o (.text:CS_startHFXT)
                  00002832    00000004     rtsv7M4_T_le_v4SPD16_eabi.lib : pre_init.c.obj (.text:_system_pre_init)
                  00002836    00000004                                   : exit.c.obj (.text:abort:abort)

.const     0    0000283c    00000144     
                  0000283c    00000101     rtsv7M4_T_le_v4SPD16_eabi.lib : ctype.c.obj (.const:.string:_ctypes_)
                  0000293d    00000003     --HOLE-- [fill = 0]
                  00002940    00000040     msp432p4xx_driverlib.lib : interrupt.o (.const)

.cinit     0    00002980    00000068     
                  00002980    00000040     (.cinit..data.load) [load image, compression = lzss]
                  000029c0    0000000c     (__TI_handler_table)
                  000029cc    00000004     --HOLE-- [fill = 0]
                  000029d0    00000008     (.cinit..bss.load) [load image, compression = zero_init]
                  000029d8    00000010     (__TI_cinit_table)

.init_array 
*          0    00000000    00000000     UNINITIALIZED

.data      0    20000000    00000054     UNINITIALIZED
                  20000000    00000030     msp432p4xx_driverlib.lib : gpio.o (.data:GPIO_PORT_TO_BASE)
                  20000030    0000001c     main.obj (.data)
                  2000004c    00000004     rtsv7M4_T_le_v4SPD16_eabi.lib : errno.c.obj (.data)
                  20000050    00000004     system_msp432p401r.obj (.data)

.bss       0    20000054    00000009     UNINITIALIZED
                  20000054    00000004     (.common:hfxtFreq)
                  20000058    00000004     (.common:lfxtFreq)
                  2000005c    00000001     (.common:flag)

.stack     0    2000fe00    00000200     UNINITIALIZED
                  2000fe00    00000004     rtsv7M4_T_le_v4SPD16_eabi.lib : boot_cortex_m.c.obj (.stack)
                  2000fe04    000001fc     --HOLE--

MODULE SUMMARY

       Module                        code    ro data   rw data
       ------                        ----    -------   -------
    .\
       main.obj                      948     0         29     
       system_msp432p401r.obj        808     0         4      
       startup_msp432p401r_ccs.obj   14      228       0      
    +--+-----------------------------+-------+---------+---------+
       Total:                        1770    228       33     
                                                              
    C:/ti/msp/MSP432Ware_3_50_00_02/driverlib/driverlib/MSP432P4xx/ccs/msp432p4xx_driverlib.lib
       cs.o                          294     0         8      
       interrupt.o                   116     64        0      
       gpio.o                        124     0         48     
       sysctl.o                      44      0         0      
       cpu.o                         12      0         0      
    +--+-----------------------------+-------+---------+---------+
       Total:                        590     64        56     
                                                              
    C:\ti\ccsv8\tools\compiler\ti-cgt-arm_18.1.3.LTS\lib\rtsv7M4_T_le_v4SPD16_eabi.lib
       _printfi.c.obj                4863    0         0      
       fd_add_t2.asm.obj             438     0         0      
       fd_div_t2.asm.obj             310     0         0      
       s_scalbn.c.obj                272     0         0      
       fd_cmp_t2.asm.obj             268     0         0      
       ctype.c.obj                   0       257       0      
       fd_mul_t2.asm.obj             252     0         0      
       memcpy_t2.asm.obj             156     0         0      
       ull_div_t2.asm.obj            150     0         0      
       memset_t2.asm.obj             122     0         0      
       copy_decompress_lzss.c.obj    104     0         0      
       s_frexp.c.obj                 100     0         0      
       sprintf.c.obj                 98      0         0      
       ltoa.c.obj                    84      0         0      
       atoi.c.obj                    76      0         0      
       fd_toi_t2.asm.obj             72      0         0      
       autoinit.c.obj                68      0         0      
       boot_cortex_m.c.obj           56      0         0      
       i_tofd_t2.asm.obj             46      0         0      
       memccpy.c.obj                 28      0         0      
       strchr.c.obj                  22      0         0      
       s_copysign.c.obj              20      0         0      
       strlen.c.obj                  20      0         0      
       copy_zero_init.c.obj          18      0         0      
       wcslen.c.obj                  18      0         0      
       copy_decompress_none.c.obj    14      0         0      
       errno.c.obj                   8       0         4      
       exit.c.obj                    4       0         0      
       pre_init.c.obj                4       0         0      
       div0.asm.obj                  2       0         0      
    +--+-----------------------------+-------+---------+---------+
       Total:                        7693    257       4      
                                                              
       Stack:                        0       0         512    
       Linker Generated:             0       100       0      
    +--+-----------------------------+-------+---------+---------+
       Grand Total:                  10053   649       605    


LINKER GENERATED COPY TABLES

__TI_cinit_table @ 000029d8 records: 2, size/record: 8, table size: 16
	.data: load addr=00002980, load size=00000040 bytes, run addr=20000000, run size=00000054 bytes, compression=lzss
	.bss: load addr=000029d0, load size=00000008 bytes, run addr=20000054, run size=00000009 bytes, compression=zero_init


LINKER GENERATED HANDLER TABLE

__TI_handler_table @ 000029c0 records: 3, size/record: 4, table size: 12
	index: 0, handler: __TI_decompress_lzss
	index: 1, handler: __TI_decompress_none
	index: 2, handler: __TI_zero_init


GLOBAL SYMBOLS: SORTED ALPHABETICALLY BY Name 

address   name                                
-------   ----                                
000027ff  ADC14_IRQHandler                    
000027ff  AES256_IRQHandler                   
000027ff  BusFault_Handler                    
00002837  C$$EXIT                             
000027ff  COMP_E0_IRQHandler                  
000027ff  COMP_E1_IRQHandler                  
00002801  CPU_cpsie                           
000027ff  CS_IRQHandler                       
00002741  CS_setExternalClockSourceFrequency  
0000282d  CS_startHFXT                        
00001e6d  CS_startHFXTWithTimeout             
20000044  Calculated_Speed                    
00000c93  Configure                           
000027ff  DMA_ERR_IRQHandler                  
000027ff  DMA_INT0_IRQHandler                 
000027ff  DMA_INT1_IRQHandler                 
000027ff  DMA_INT2_IRQHandler                 
000027ff  DMA_INT3_IRQHandler                 
000027ff  DebugMon_Handler                    
000027ff  Default_Handler                     
000027ff  EUSCIA0_IRQHandler                  
000027ff  EUSCIA1_IRQHandler                  
000027ff  EUSCIA2_IRQHandler                  
000027ff  EUSCIA3_IRQHandler                  
000027ff  EUSCIB0_IRQHandler                  
000027ff  EUSCIB1_IRQHandler                  
000027ff  EUSCIB2_IRQHandler                  
000027ff  EUSCIB3_IRQHandler                  
000027ff  FLCTL_IRQHandler                    
000027ff  FPU_IRQHandler                      
000026f9  GPIO_clearInterruptFlag             
00002755  GPIO_enableInterrupt                
000026bd  GPIO_interruptEdgeSelect            
0000265d  GPIO_setAsInputPinWithPullUpResistor
000027ff  HardFault_Handler                   
00002309  Interrupt_enableInterrupt           
000027b5  Interrupt_enableMaster              
20000040  Magnet_Counter                      
000027ff  MemManage_Handler                   
000027ff  NMI_Handler                         
000027ff  PCM_IRQHandler                      
000027ff  PORT1_IRQHandler                    
00000def  PORT2_IRQHandler                    
00000def  PORT2_IRQHandler                    
000027ff  PORT3_IRQHandler                    
000027ff  PORT4_IRQHandler                    
000027ff  PORT5_IRQHandler                    
00000db3  PORT6_IRQHandler                    
00000db3  PORT6_IRQHandler                    
000027ff  PSS_IRQHandler                      
00000e31  PWM                                 
000027ff  PendSV_Handler                      
000027ff  RTC_C_IRQHandler                    
000027f3  Reset_Handler                       
UNDEFED   ST7735_DrawString                   
UNDEFED   ST7735_FillRect                     
UNDEFED   ST7735_FillScreen                   
UNDEFED   ST7735_InitR                        
UNDEFED   ST7735_SetRotation                  
000027ff  SVC_Handler                         
2000003c  Seconds                             
000027c5  SysCtl_disableNMISource             
000027d5  SysCtl_enableNMISource              
0000280d  SysCtl_getNMISourceStatus           
00000e1d  SysTick_Handler                     
00000e1d  SysTick_Handler                     
20000050  SystemCoreClock                     
00000ef9  SystemCoreClockUpdate               
0000116d  SystemInit                          
000027ff  T32_INT1_IRQHandler                 
000027ff  T32_INT2_IRQHandler                 
000027ff  T32_INTC_IRQHandler                 
000027ff  TA0_0_IRQHandler                    
000027ff  TA0_N_IRQHandler                    
000027ff  TA1_0_IRQHandler                    
000027ff  TA1_N_IRQHandler                    
000027ff  TA2_0_IRQHandler                    
000027ff  TA2_N_IRQHandler                    
000027ff  TA3_0_IRQHandler                    
000027ff  TA3_N_IRQHandler                    
000027ff  UsageFault_Handler                  
20000038  User_Speed_Count                    
4000480c  WDTCTL_SYM                          
000027ff  WDT_A_IRQHandler                    
20010000  __STACK_END                         
00000200  __STACK_SIZE                        
000029d8  __TI_CINIT_Base                     
000029e8  __TI_CINIT_Limit                    
000029c0  __TI_Handler_Table_Base             
000029cc  __TI_Handler_Table_Limit            
00002561  __TI_auto_init_nobinit_nopinit      
0000229f  __TI_decompress_lzss                
000027e5  __TI_decompress_none                
ffffffff  __TI_pprof_out_hndl                 
000000e5  __TI_printfi                        
ffffffff  __TI_prof_data_size                 
ffffffff  __TI_prof_data_start                
00000000  __TI_static_base__                  
00002791  __TI_zero_init_nomemset             
0000203b  __aeabi_cdcmpeq                     
0000203b  __aeabi_cdcmple                     
000020c1  __aeabi_cdrcmple                    
00002519  __aeabi_d2iz                        
0000166b  __aeabi_dadd                        
00001955  __aeabi_ddiv                        
00001cbd  __aeabi_dmul                        
00001661  __aeabi_dsub                        
00002825  __aeabi_errno_addr                  
0000268d  __aeabi_i2d                         
00000b43  __aeabi_idiv0                       
00000b43  __aeabi_ldiv0                       
00002147  __aeabi_memclr                      
00002147  __aeabi_memclr4                     
00002147  __aeabi_memclr8                     
00001f09  __aeabi_memcpy                      
00001f09  __aeabi_memcpy4                     
00001f09  __aeabi_memcpy8                     
00002149  __aeabi_memset                      
00002149  __aeabi_memset4                     
00002149  __aeabi_memset8                     
00001fa5  __aeabi_uldivmod                    
ffffffff  __binit__                           
ffffffff  __c_args__                          
UNDEFED   __mpu_init                          
2000fe00  __stack                             
00002625  _c_int00_noargs                     
0000283c  _ctypes_                            
UNDEFED   _system_post_cinit                  
00002833  _system_pre_init                    
00002837  abort                               
000024cd  atoi                                
20000032  bgColor                             
ffffffff  binit                               
00002769  copysign                            
00002769  copysignl                           
20000048  dc                                  
2000004c  errno                               
2000005c  flag                                
0000236d  frexp                               
0000236d  frexpl                              
00000d45  initClocks                          
00000000  interruptVectors                    
00001bad  ldexp                               
00001bad  ldexpl                              
00002427  ltoa                                
00000b45  main                                
000026dd  memccpy                             
00001f09  memcpy                              
0000214f  memset                              
00001bad  scalbn                              
00001bad  scalbnl                             
000025a5  sprintf                             
00002729  strchr                              
0000277d  strlen                              
20000030  textColor                           
20000034  textSize                            
000027a3  wcslen                              


GLOBAL SYMBOLS: SORTED BY Symbol Address 

address   name                                
-------   ----                                
00000000  __TI_static_base__                  
00000000  interruptVectors                    
000000e5  __TI_printfi                        
00000200  __STACK_SIZE                        
00000b43  __aeabi_idiv0                       
00000b43  __aeabi_ldiv0                       
00000b45  main                                
00000c93  Configure                           
00000d45  initClocks                          
00000db3  PORT6_IRQHandler                    
00000db3  PORT6_IRQHandler                    
00000def  PORT2_IRQHandler                    
00000def  PORT2_IRQHandler                    
00000e1d  SysTick_Handler                     
00000e1d  SysTick_Handler                     
00000e31  PWM                                 
00000ef9  SystemCoreClockUpdate               
0000116d  SystemInit                          
00001661  __aeabi_dsub                        
0000166b  __aeabi_dadd                        
00001955  __aeabi_ddiv                        
00001bad  ldexp                               
00001bad  ldexpl                              
00001bad  scalbn                              
00001bad  scalbnl                             
00001cbd  __aeabi_dmul                        
00001e6d  CS_startHFXTWithTimeout             
00001f09  __aeabi_memcpy                      
00001f09  __aeabi_memcpy4                     
00001f09  __aeabi_memcpy8                     
00001f09  memcpy                              
00001fa5  __aeabi_uldivmod                    
0000203b  __aeabi_cdcmpeq                     
0000203b  __aeabi_cdcmple                     
000020c1  __aeabi_cdrcmple                    
00002147  __aeabi_memclr                      
00002147  __aeabi_memclr4                     
00002147  __aeabi_memclr8                     
00002149  __aeabi_memset                      
00002149  __aeabi_memset4                     
00002149  __aeabi_memset8                     
0000214f  memset                              
0000229f  __TI_decompress_lzss                
00002309  Interrupt_enableInterrupt           
0000236d  frexp                               
0000236d  frexpl                              
00002427  ltoa                                
000024cd  atoi                                
00002519  __aeabi_d2iz                        
00002561  __TI_auto_init_nobinit_nopinit      
000025a5  sprintf                             
00002625  _c_int00_noargs                     
0000265d  GPIO_setAsInputPinWithPullUpResistor
0000268d  __aeabi_i2d                         
000026bd  GPIO_interruptEdgeSelect            
000026dd  memccpy                             
000026f9  GPIO_clearInterruptFlag             
00002729  strchr                              
00002741  CS_setExternalClockSourceFrequency  
00002755  GPIO_enableInterrupt                
00002769  copysign                            
00002769  copysignl                           
0000277d  strlen                              
00002791  __TI_zero_init_nomemset             
000027a3  wcslen                              
000027b5  Interrupt_enableMaster              
000027c5  SysCtl_disableNMISource             
000027d5  SysCtl_enableNMISource              
000027e5  __TI_decompress_none                
000027f3  Reset_Handler                       
000027ff  ADC14_IRQHandler                    
000027ff  AES256_IRQHandler                   
000027ff  BusFault_Handler                    
000027ff  COMP_E0_IRQHandler                  
000027ff  COMP_E1_IRQHandler                  
000027ff  CS_IRQHandler                       
000027ff  DMA_ERR_IRQHandler                  
000027ff  DMA_INT0_IRQHandler                 
000027ff  DMA_INT1_IRQHandler                 
000027ff  DMA_INT2_IRQHandler                 
000027ff  DMA_INT3_IRQHandler                 
000027ff  DebugMon_Handler                    
000027ff  Default_Handler                     
000027ff  EUSCIA0_IRQHandler                  
000027ff  EUSCIA1_IRQHandler                  
000027ff  EUSCIA2_IRQHandler                  
000027ff  EUSCIA3_IRQHandler                  
000027ff  EUSCIB0_IRQHandler                  
000027ff  EUSCIB1_IRQHandler                  
000027ff  EUSCIB2_IRQHandler                  
000027ff  EUSCIB3_IRQHandler                  
000027ff  FLCTL_IRQHandler                    
000027ff  FPU_IRQHandler                      
000027ff  HardFault_Handler                   
000027ff  MemManage_Handler                   
000027ff  NMI_Handler                         
000027ff  PCM_IRQHandler                      
000027ff  PORT1_IRQHandler                    
000027ff  PORT3_IRQHandler                    
000027ff  PORT4_IRQHandler                    
000027ff  PORT5_IRQHandler                    
000027ff  PSS_IRQHandler                      
000027ff  PendSV_Handler                      
000027ff  RTC_C_IRQHandler                    
000027ff  SVC_Handler                         
000027ff  T32_INT1_IRQHandler                 
000027ff  T32_INT2_IRQHandler                 
000027ff  T32_INTC_IRQHandler                 
000027ff  TA0_0_IRQHandler                    
000027ff  TA0_N_IRQHandler                    
000027ff  TA1_0_IRQHandler                    
000027ff  TA1_N_IRQHandler                    
000027ff  TA2_0_IRQHandler                    
000027ff  TA2_N_IRQHandler                    
000027ff  TA3_0_IRQHandler                    
000027ff  TA3_N_IRQHandler                    
000027ff  UsageFault_Handler                  
000027ff  WDT_A_IRQHandler                    
00002801  CPU_cpsie                           
0000280d  SysCtl_getNMISourceStatus           
00002825  __aeabi_errno_addr                  
0000282d  CS_startHFXT                        
00002833  _system_pre_init                    
00002837  C$$EXIT                             
00002837  abort                               
0000283c  _ctypes_                            
000029c0  __TI_Handler_Table_Base             
000029cc  __TI_Handler_Table_Limit            
000029d8  __TI_CINIT_Base                     
000029e8  __TI_CINIT_Limit                    
20000030  textColor                           
20000032  bgColor                             
20000034  textSize                            
20000038  User_Speed_Count                    
2000003c  Seconds                             
20000040  Magnet_Counter                      
20000044  Calculated_Speed                    
20000048  dc                                  
2000004c  errno                               
20000050  SystemCoreClock                     
2000005c  flag                                
2000fe00  __stack                             
20010000  __STACK_END                         
4000480c  WDTCTL_SYM                          
ffffffff  __TI_pprof_out_hndl                 
ffffffff  __TI_prof_data_size                 
ffffffff  __TI_prof_data_start                
ffffffff  __binit__                           
ffffffff  __c_args__                          
ffffffff  binit                               
UNDEFED   ST7735_DrawString                   
UNDEFED   ST7735_FillRect                     
UNDEFED   ST7735_FillScreen                   
UNDEFED   ST7735_InitR                        
UNDEFED   ST7735_SetRotation                  
UNDEFED   __mpu_init                          
UNDEFED   _system_post_cinit                  

[157 symbols]
