******************************************************************************
                  TI ARM Linker PC v18.1.3                     
******************************************************************************
>> Linked Thu Dec  6 01:25:52 2018

OUTPUT FILE NAME:   <EGR326_Final_Project_Slave.out>
ENTRY POINT SYMBOL: "_c_int00_noargs"  address: 00003e11


MEMORY CONFIGURATION

         name            origin    length      used     unused   attr    fill
----------------------  --------  ---------  --------  --------  ----  --------
  MAIN                  00000000   00040000  00004486  0003bb7a  R  X
  INFO                  00200000   00004000  00000000  00004000  R  X
  SRAM_CODE             01000000   00010000  00000000  00010000  RW X
  SRAM_DATA             20000000   00010000  00000ede  0000f122  RW  


SEGMENT ALLOCATION MAP

run origin  load origin   length   init length attrs members
----------  ----------- ---------- ----------- ----- -------
00000000    00000000    00004488   00004488    r-x
  00000000    00000000    000000e4   000000e4    r-- .intvecs
  000000e4    000000e4    0000417a   0000417a    r-x .text
  00004260    00004260    00000158   00000158    r-- .const
  000043b8    000043b8    000000d0   000000d0    r-- .cinit
20000000    20000000    00000ce0   00000000    rw-
  20000000    20000000    00000800   00000000    rw- .sysmem
  20000800    20000800    0000027a   00000000    rw- .bss
  20000a7c    20000a7c    00000264   00000000    rw- .data
2000fe00    2000fe00    00000200   00000000    rw-
  2000fe00    2000fe00    00000200   00000000    rw- .stack


SECTION ALLOCATION MAP

 output                                  attributes/
section   page    origin      length       input sections
--------  ----  ----------  ----------   ----------------
.intvecs   0    00000000    000000e4     
                  00000000    000000e4     startup_msp432p401r_ccs.obj (.intvecs:retain)

.text      0    000000e4    0000417a     
                  000000e4    000010a0     main.obj (.text)
                  00001184    00000a5e     rtsv7M4_T_le_v4SPD16_eabi.lib : _printfi.c.obj (.text:__TI_printfi)
                  00001be2    00000002                                   : _lock.c.obj (.text:_nop)
                  00001be4    00000328     system_msp432p401r.obj (.text)
                  00001f0c    00000270     rtsv7M4_T_le_v4SPD16_eabi.lib : _printfi.c.obj (.text:_pconv_a)
                  0000217c    000001d0                                   : _printfi.c.obj (.text:_pconv_g)
                  0000234c    000001b6                                   : fd_add_t2.asm.obj (.text)
                  00002502    00000002                                   : div0.asm.obj (.text)
                  00002504    0000013c                                   : _printfi.c.obj (.text:_pconv_e)
                  00002640    00000136                                   : fd_div_t2.asm.obj (.text)
                  00002776    00000002     --HOLE-- [fill = 0]
                  00002778    00000120                                   : _printfi.c.obj (.text:fcvt)
                  00002898    00000114                                   : fputs.c.obj (.text:fputs)
                  000029ac    00000110                                   : s_scalbn.c.obj (.text:scalbn)
                  00002abc    00000100     COMMONCLOCKS.obj (.text)
                  00002bbc    000000fc     rtsv7M4_T_le_v4SPD16_eabi.lib : fd_mul_t2.asm.obj (.text)
                  00002cb8    000000dc                                   : setvbuf.c.obj (.text:setvbuf)
                  00002d94    000000d8                                   : memory.c.obj (.text:free)
                  00002e6c    000000b1                                   : _printfi.c.obj (.text:_ltostr)
                  00002f1d    00000003     --HOLE-- [fill = 0]
                  00002f20    0000009c     msp432p4xx_driverlib.lib : cs.o (.text:CS_startHFXTWithTimeout)
                  00002fbc    0000009c     rtsv7M4_T_le_v4SPD16_eabi.lib : memcpy_t2.asm.obj (.text)
                  00003058    00000096                                   : ull_div_t2.asm.obj (.text)
                  000030ee    00000002     --HOLE-- [fill = 0]
                  000030f0    0000008c                                   : fputc.c.obj (.text:fputc)
                  0000317c    00000086                                   : fd_cmp_t2.asm.obj (.text:__aeabi_cdcmple)
                  00003202    00000086                                   : fd_cmp_t2.asm.obj (.text:__aeabi_cdrcmple)
                  00003288    0000007c                                   : fflush.c.obj (.text:fflush)
                  00003304    0000007a                                   : memset_t2.asm.obj (.text)
                  0000337e    00000002     --HOLE-- [fill = 0]
                  00003380    00000078                                   : memory.c.obj (.text:malloc)
                  000033f8    00000074                                   : fclose.c.obj (.text:__TI_closefile)
                  0000346c    00000070     msp432p4xx_driverlib.lib : cs.o (.text:_CSGetHFXTFrequency)
                  000034dc    0000006e     rtsv7M4_T_le_v4SPD16_eabi.lib : _printfi.c.obj (.text:_mcpy)
                  0000354a    00000002     --HOLE-- [fill = 0]
                  0000354c    00000068                                   : hostlseek.c.obj (.text:HOSTlseek)
                  000035b4    00000068                                   : hostrename.c.obj (.text:HOSTrename)
                  0000361c    00000068                                   : copy_decompress_lzss.c.obj (.text:decompress:lzss:__TI_decompress_lzss)
                  00003684    00000068                                   : printf.c.obj (.text:printf)
                  000036ec    00000064     msp432p4xx_driverlib.lib : interrupt.o (.text:Interrupt_enableInterrupt)
                  00003750    00000064     rtsv7M4_T_le_v4SPD16_eabi.lib : s_frexp.c.obj (.text:frexp)
                  000037b4    00000064                                   : fseek.c.obj (.text:fseek)
                  00003818    00000062                                   : _io_perm.c.obj (.text:__TI_wrt_ok)
                  0000387a    00000002     --HOLE-- [fill = 0]
                  0000387c    00000060                                   : hostopen.c.obj (.text:HOSTopen)
                  000038dc    0000005c                                   : close.c.obj (.text:close)
                  00003938    00000058                                   : hostread.c.obj (.text:HOSTread)
                  00003990    00000058                                   : hostwrite.c.obj (.text:HOSTwrite)
                  000039e8    00000056                                   : _printfi.c.obj (.text:_pconv_f)
                  00003a3e    00000054                                   : ltoa.c.obj (.text:ltoa)
                  00003a92    00000052                                   : _printfi.c.obj (.text:_ecpy)
                  00003ae4    0000004c                                   : fflush.c.obj (.text:__TI_doflush)
                  00003b30    0000004c                                   : atoi.c.obj (.text:atoi)
                  00003b7c    00000048                                   : exit.c.obj (.text:exit)
                  00003bc4    00000048                                   : fd_toi_t2.asm.obj (.text)
                  00003c0c    00000044                                   : hostclose.c.obj (.text:HOSTclose)
                  00003c50    00000044                                   : hostunlink.c.obj (.text:HOSTunlink)
                  00003c94    00000044                                   : autoinit.c.obj (.text:__TI_auto_init_nobinit_nopinit:__TI_auto_init_nobinit_nopinit)
                  00003cd8    00000044                                   : getdevice.c.obj (.text:getdevice)
                  00003d1c    00000040                                   : sprintf.c.obj (.text:sprintf)
                  00003d5c    0000003e                                   : _printfi.c.obj (.text:_fcpy)
                  00003d9a    00000002     --HOLE-- [fill = 0]
                  00003d9c    0000003c                                   : memory.c.obj (.text:minsert)
                  00003dd8    00000038                                   : trgmsg.c.obj (.text:__TI_writemsg)
                  00003e10    00000038                                   : boot_cortex_m.c.obj (.text:_c_int00_noargs:_c_int00_noargs)
                  00003e48    00000038                                   : memory.c.obj (.text:minit)
                  00003e80    00000036                                   : strncpy.c.obj (.text:strncpy)
                  00003eb6    00000002     --HOLE-- [fill = 0]
                  00003eb8    00000034                                   : fopen.c.obj (.text:__TI_cleanup)
                  00003eec    00000034                                   : trgmsg.c.obj (.text:__TI_readmsg)
                  00003f20    00000030     msp432p4xx_driverlib.lib : gpio.o (.text:GPIO_setAsInputPinWithPullUpResistor)
                  00003f50    00000030     main.obj (.text:convertToBCD)
                  00003f80    00000030     rtsv7M4_T_le_v4SPD16_eabi.lib : getdevice.c.obj (.text:finddevice)
                  00003fb0    0000002e                                   : i_tofd_t2.asm.obj (.text)
                  00003fde    00000002     --HOLE-- [fill = 0]
                  00003fe0    0000002c                                   : unlink.c.obj (.text:unlink)
                  0000400c    00000028     main.obj (.text:convertFromBCD)
                  00004034    00000028     rtsv7M4_T_le_v4SPD16_eabi.lib : lseek.c.obj (.text:lseek)
                  0000405c    00000028                                   : memory.c.obj (.text:mremove)
                  00004084    00000028                                   : write.c.obj (.text:write)
                  000040ac    00000020                                   : memchr.c.obj (.text:memchr)
                  000040cc    0000001c                                   : memccpy.c.obj (.text:memccpy)
                  000040e8    00000018     msp432p4xx_driverlib.lib : gpio.o (.text:GPIO_clearInterruptFlag)
                  00004100    00000018     rtsv7M4_T_le_v4SPD16_eabi.lib : sprintf.c.obj (.text:_outs)
                  00004118    00000018                                   : strcmp.c.obj (.text:strcmp)
                  00004130    00000016                                   : strchr.c.obj (.text:strchr)
                  00004146    00000002     --HOLE-- [fill = 0]
                  00004148    00000014     msp432p4xx_driverlib.lib : cs.o (.text:CS_setExternalClockSourceFrequency)
                  0000415c    00000014                              : gpio.o (.text:GPIO_enableInterrupt)
                  00004170    00000014     rtsv7M4_T_le_v4SPD16_eabi.lib : s_copysign.c.obj (.text:copysign)
                  00004184    00000014                                   : strcpy.c.obj (.text:strcpy)
                  00004198    00000014                                   : strlen.c.obj (.text:strlen)
                  000041ac    00000012                                   : copy_zero_init.c.obj (.text:decompress:ZI:__TI_zero_init_nomemset:__TI_zero_init_nomemset)
                  000041be    00000012                                   : wcslen.c.obj (.text:wcslen)
                  000041d0    00000010     msp432p4xx_driverlib.lib : interrupt.o (.text:Interrupt_enableMaster)
                  000041e0    00000010                              : sysctl.o (.text:SysCtl_disableNMISource)
                  000041f0    00000010                              : sysctl.o (.text:SysCtl_enableNMISource)
                  00004200    0000000e     rtsv7M4_T_le_v4SPD16_eabi.lib : copy_decompress_none.c.obj (.text:decompress:none:__TI_decompress_none)
                  0000420e    0000000e     startup_msp432p401r_ccs.obj (.text)
                  0000421c    0000000c     msp432p4xx_driverlib.lib : cpu.o (.text:CPU_cpsie)
                  00004228    0000000c                              : sysctl.o (.text:SysCtl_getNMISourceStatus)
                  00004234    0000000a     rtsv7M4_T_le_v4SPD16_eabi.lib : sprintf.c.obj (.text:_outc)
                  0000423e    00000002     --HOLE-- [fill = 0]
                  00004240    00000008                                   : errno.c.obj (.text:__aeabi_errno_addr)
                  00004248    00000006     msp432p4xx_driverlib.lib : cs.o (.text:CS_startHFXT)
                  0000424e    00000004     rtsv7M4_T_le_v4SPD16_eabi.lib : printf.c.obj (.text:_outc)
                  00004252    00000004                                   : printf.c.obj (.text:_outs)
                  00004256    00000004                                   : pre_init.c.obj (.text:_system_pre_init)
                  0000425a    00000004                                   : exit.c.obj (.text:abort:abort)

.const     0    00004260    00000158     
                  00004260    00000101     rtsv7M4_T_le_v4SPD16_eabi.lib : ctype.c.obj (.const:.string:_ctypes_)
                  00004361    00000003     --HOLE-- [fill = 0]
                  00004364    00000040     msp432p4xx_driverlib.lib : interrupt.o (.const)
                  000043a4    00000014     main.obj (.const:i2cConfig2)

.cinit     0    000043b8    000000d0     
                  000043b8    000000ab     (.cinit..data.load) [load image, compression = lzss]
                  00004463    00000001     --HOLE-- [fill = 0]
                  00004464    0000000c     (__TI_handler_table)
                  00004470    00000008     (.cinit..bss.load) [load image, compression = zero_init]
                  00004478    00000010     (__TI_cinit_table)

.init_array 
*          0    00000000    00000000     UNINITIALIZED

.sysmem    0    20000000    00000800     UNINITIALIZED
                  20000000    00000008     rtsv7M4_T_le_v4SPD16_eabi.lib : memory.c.obj (.sysmem)
                  20000008    000007f8     --HOLE--

.bss       0    20000800    0000027a     UNINITIALIZED
                  20000800    00000120     rtsv7M4_T_le_v4SPD16_eabi.lib : trgmsg.c.obj (.bss:_CIOBUF_)
                  20000920    000000a0     (.common:__TI_tmpnams)
                  200009c0    0000001c     (.common:timeArr1)
                  200009dc    0000001c     (.common:timeArr2)
                  200009f8    0000001c     (.common:timeArr3)
                  20000a14    0000001c     (.common:timeArr4)
                  20000a30    0000001c     (.common:timeArr5)
                  20000a4c    00000014     (.common:RTC_registers)
                  20000a60    00000008     (.common:parmbuf)
                  20000a68    00000004     (.common:hfxtFreq)
                  20000a6c    00000004     (.common:lfxtFreq)
                  20000a70    00000001     (.common:bcdDate)
                  20000a71    00000001     (.common:bcdDay)
                  20000a72    00000001     (.common:bcdHour)
                  20000a73    00000001     (.common:bcdMinute)
                  20000a74    00000001     (.common:bcdMonth)
                  20000a75    00000001     (.common:bcdSecond)
                  20000a76    00000001     (.common:bcdYear)
                  20000a77    00000001     (.common:col)
                  20000a78    00000001     (.common:row)
                  20000a79    00000001     (.common:value)

.data      0    20000a7c    00000264     UNINITIALIZED
                  20000a7c    000000f0     rtsv7M4_T_le_v4SPD16_eabi.lib : defs.c.obj (.data:_ftable)
                  20000b6c    00000078                                   : write.c.obj (.data:_device)
                  20000be4    00000050                                   : write.c.obj (.data:_stream)
                  20000c34    00000044     main.obj (.data)
                  20000c78    00000030     msp432p4xx_driverlib.lib : gpio.o (.data:GPIO_PORT_TO_BASE)
                  20000ca8    00000010     rtsv7M4_T_le_v4SPD16_eabi.lib : defs.c.obj (.data)
                  20000cb8    0000000c                                   : exit.c.obj (.data:$O1$$)
                  20000cc4    0000000c                                   : memory.c.obj (.data:$O1$$)
                  20000cd0    00000008                                   : _lock.c.obj (.data:$O1$$)
                  20000cd8    00000004                                   : errno.c.obj (.data)
                  20000cdc    00000004     system_msp432p401r.obj (.data)

.stack     0    2000fe00    00000200     UNINITIALIZED
                  2000fe00    00000004     rtsv7M4_T_le_v4SPD16_eabi.lib : boot_cortex_m.c.obj (.stack)
                  2000fe04    000001fc     --HOLE--

MODULE SUMMARY

       Module                        code    ro data   rw data
       ------                        ----    -------   -------
    .\
       main.obj                      4344    20        238    
       system_msp432p401r.obj        808     0         4      
       COMMONCLOCKS.obj              256     0         0      
       startup_msp432p401r_ccs.obj   14      228       0      
    +--+-----------------------------+-------+---------+---------+
       Total:                        5422    248       242    
                                                              
    C:/ti/msp/MSP432Ware_3_50_00_02/driverlib/driverlib/MSP432P4xx/ccs/msp432p4xx_driverlib.lib
       cs.o                          294     0         8      
       interrupt.o                   116     64        0      
       gpio.o                        92      0         48     
       sysctl.o                      44      0         0      
       cpu.o                         12      0         0      
    +--+-----------------------------+-------+---------+---------+
       Total:                        558     64        56     
                                                              
    C:\ti\ccsv8\tools\compiler\ti-cgt-arm_18.1.3.LTS\lib\rtsv7M4_T_le_v4SPD16_eabi.lib
       _printfi.c.obj                4863    0         0      
       memory.c.obj                  492     0         12     
       fd_add_t2.asm.obj             438     0         0      
       defs.c.obj                    0       0         416    
       trgmsg.c.obj                  108     0         288    
       fd_div_t2.asm.obj             310     0         0      
       fputs.c.obj                   276     0         0      
       s_scalbn.c.obj                272     0         0      
       fd_cmp_t2.asm.obj             268     0         0      
       ctype.c.obj                   0       257       0      
       fd_mul_t2.asm.obj             252     0         0      
       write.c.obj                   40      0         200    
       setvbuf.c.obj                 220     0         0      
       fflush.c.obj                  200     0         0      
       memcpy_t2.asm.obj             156     0         0      
       ull_div_t2.asm.obj            150     0         0      
       fputc.c.obj                   140     0         0      
       memset_t2.asm.obj             122     0         0      
       fclose.c.obj                  116     0         0      
       getdevice.c.obj               116     0         0      
       printf.c.obj                  112     0         0      
       copy_decompress_lzss.c.obj    104     0         0      
       hostlseek.c.obj               104     0         0      
       hostopen.c.obj                96      0         8      
       hostrename.c.obj              104     0         0      
       fseek.c.obj                   100     0         0      
       s_frexp.c.obj                 100     0         0      
       _io_perm.c.obj                98      0         0      
       sprintf.c.obj                 98      0         0      
       close.c.obj                   92      0         0      
       exit.c.obj                    76      0         12     
       hostread.c.obj                88      0         0      
       hostwrite.c.obj               88      0         0      
       ltoa.c.obj                    84      0         0      
       atoi.c.obj                    76      0         0      
       fd_toi_t2.asm.obj             72      0         0      
       autoinit.c.obj                68      0         0      
       hostclose.c.obj               68      0         0      
       hostunlink.c.obj              68      0         0      
       boot_cortex_m.c.obj           56      0         0      
       strncpy.c.obj                 54      0         0      
       fopen.c.obj                   52      0         0      
       i_tofd_t2.asm.obj             46      0         0      
       unlink.c.obj                  44      0         0      
       lseek.c.obj                   40      0         0      
       memchr.c.obj                  32      0         0      
       memccpy.c.obj                 28      0         0      
       strcmp.c.obj                  24      0         0      
       strchr.c.obj                  22      0         0      
       s_copysign.c.obj              20      0         0      
       strcpy.c.obj                  20      0         0      
       strlen.c.obj                  20      0         0      
       copy_zero_init.c.obj          18      0         0      
       wcslen.c.obj                  18      0         0      
       copy_decompress_none.c.obj    14      0         0      
       errno.c.obj                   8       0         4      
       _lock.c.obj                   2       0         8      
       pre_init.c.obj                4       0         0      
       div0.asm.obj                  2       0         0      
    +--+-----------------------------+-------+---------+---------+
       Total:                        10759   257       948    
                                                              
       Heap:                         0       0         2048   
       Stack:                        0       0         512    
       Linker Generated:             0       207       0      
    +--+-----------------------------+-------+---------+---------+
       Grand Total:                  16739   776       3806   


LINKER GENERATED COPY TABLES

__TI_cinit_table @ 00004478 records: 2, size/record: 8, table size: 16
	.data: load addr=000043b8, load size=000000ab bytes, run addr=20000a7c, run size=00000264 bytes, compression=lzss
	.bss: load addr=00004470, load size=00000008 bytes, run addr=20000800, run size=0000027a bytes, compression=zero_init


LINKER GENERATED HANDLER TABLE

__TI_handler_table @ 00004464 records: 3, size/record: 4, table size: 12
	index: 0, handler: __TI_decompress_lzss
	index: 1, handler: __TI_decompress_none
	index: 2, handler: __TI_zero_init


GLOBAL SYMBOLS: SORTED ALPHABETICALLY BY Name 

address   name                                
-------   ----                                
0000421b  ADC14_IRQHandler                    
0000421b  AES256_IRQHandler                   
0000421b  BusFault_Handler                    
0000425b  C$$EXIT                             
00003e07  C$$IO$$                             
00002b2d  COMMONCLOCKS_initClocks             
00002abd  COMMONCLOCKS_sysTick_Init           
00002ad9  COMMONCLOCKS_sysTick_delay_3MHZ     
00002b03  COMMONCLOCKS_sysTick_delay_48MHZ    
0000421b  COMP_E0_IRQHandler                  
0000421b  COMP_E1_IRQHandler                  
0000421d  CPU_cpsie                           
0000421b  CS_IRQHandler                       
00004149  CS_setExternalClockSourceFrequency  
00004249  CS_startHFXT                        
00002f21  CS_startHFXTWithTimeout             
20000c44  Calculated_Speed                    
000002a1  Configure                           
0000421b  DMA_ERR_IRQHandler                  
0000421b  DMA_INT0_IRQHandler                 
0000421b  DMA_INT1_IRQHandler                 
0000421b  DMA_INT2_IRQHandler                 
0000421b  DMA_INT3_IRQHandler                 
0000421b  DebugMon_Handler                    
0000421b  Default_Handler                     
0000421b  EUSCIA0_IRQHandler                  
0000421b  EUSCIA1_IRQHandler                  
0000421b  EUSCIA2_IRQHandler                  
0000421b  EUSCIA3_IRQHandler                  
0000421b  EUSCIB0_IRQHandler                  
0000421b  EUSCIB1_IRQHandler                  
0000421b  EUSCIB2_IRQHandler                  
0000421b  EUSCIB3_IRQHandler                  
0000421b  FLCTL_IRQHandler                    
0000421b  FPU_IRQHandler                      
000040e9  GPIO_clearInterruptFlag             
0000415d  GPIO_enableInterrupt                
00003f21  GPIO_setAsInputPinWithPullUpResistor
00003c0d  HOSTclose                           
0000354d  HOSTlseek                           
0000387d  HOSTopen                            
00003939  HOSTread                            
000035b5  HOSTrename                          
00003c51  HOSTunlink                          
00003991  HOSTwrite                           
0000421b  HardFault_Handler                   
000036ed  Interrupt_enableInterrupt           
000041d1  Interrupt_enableMaster              
20000c40  Magnet_Counter                      
0000421b  MemManage_Handler                   
0000421b  NMI_Handler                         
0000421b  PCM_IRQHandler                      
0000421b  PORT1_IRQHandler                    
00001067  PORT2_IRQHandler                    
00001067  PORT2_IRQHandler                    
0000421b  PORT3_IRQHandler                    
0000421b  PORT4_IRQHandler                    
0000421b  PORT5_IRQHandler                    
0000421b  PORT6_IRQHandler                    
0000421b  PSS_IRQHandler                      
0000421b  PendSV_Handler                      
0000421b  RTC_C_IRQHandler                    
20000a4c  RTC_registers                       
0000420f  Reset_Handler                       
0000421b  SVC_Handler                         
20000c3c  Seconds                             
000041e1  SysCtl_disableNMISource             
000041f1  SysCtl_enableNMISource              
00004229  SysCtl_getNMISourceStatus           
0000421b  SysTick_Handler                     
20000cdc  SystemCoreClock                     
00001be5  SystemCoreClockUpdate               
00001e59  SystemInit                          
000010af  T32_INT1_IRQHandler                 
000010af  T32_INT1_IRQHandler                 
0000421b  T32_INT2_IRQHandler                 
0000421b  T32_INTC_IRQHandler                 
0000421b  TA0_0_IRQHandler                    
0000421b  TA0_N_IRQHandler                    
0000421b  TA1_0_IRQHandler                    
0000421b  TA1_N_IRQHandler                    
0000421b  TA2_0_IRQHandler                    
0000421b  TA2_N_IRQHandler                    
0000421b  TA3_0_IRQHandler                    
0000421b  TA3_N_IRQHandler                    
0000421b  UsageFault_Handler                  
20000c38  User_Speed_Count                    
4000480c  WDTCTL_SYM                          
0000421b  WDT_A_IRQHandler                    
20000800  __CIOBUF_                           
20010000  __STACK_END                         
00000200  __STACK_SIZE                        
00000800  __SYSMEM_SIZE                       
00004478  __TI_CINIT_Base                     
00004488  __TI_CINIT_Limit                    
00004464  __TI_Handler_Table_Base             
00004470  __TI_Handler_Table_Limit            
00003c95  __TI_auto_init_nobinit_nopinit      
00003eb9  __TI_cleanup                        
20000cb8  __TI_cleanup_ptr                    
000033f9  __TI_closefile                      
0000361d  __TI_decompress_lzss                
00004201  __TI_decompress_none                
00003ae5  __TI_doflush                        
20000cbc  __TI_dtors_ptr                      
20000cc0  __TI_enable_exit_profile_output     
20000ca8  __TI_ft_end                         
ffffffff  __TI_pprof_out_hndl                 
00001185  __TI_printfi                        
ffffffff  __TI_prof_data_size                 
ffffffff  __TI_prof_data_start                
00003eed  __TI_readmsg                        
00000000  __TI_static_base__                  
20000920  __TI_tmpnams                        
00003dd9  __TI_writemsg                       
00003819  __TI_wrt_ok                         
000041ad  __TI_zero_init_nomemset             
0000317d  __aeabi_cdcmpeq                     
0000317d  __aeabi_cdcmple                     
00003203  __aeabi_cdrcmple                    
00003bc5  __aeabi_d2iz                        
00002357  __aeabi_dadd                        
00002641  __aeabi_ddiv                        
00002bbd  __aeabi_dmul                        
0000234d  __aeabi_dsub                        
00004241  __aeabi_errno_addr                  
00003fb1  __aeabi_i2d                         
00002503  __aeabi_idiv0                       
00002503  __aeabi_ldiv0                       
00003305  __aeabi_memclr                      
00003305  __aeabi_memclr4                     
00003305  __aeabi_memclr8                     
00002fbd  __aeabi_memcpy                      
00002fbd  __aeabi_memcpy4                     
00002fbd  __aeabi_memcpy8                     
00003307  __aeabi_memset                      
00003307  __aeabi_memset4                     
00003307  __aeabi_memset8                     
20000cb4  __aeabi_stderr                      
20000cac  __aeabi_stdin                       
20000cb0  __aeabi_stdout                      
00003059  __aeabi_uldivmod                    
ffffffff  __binit__                           
ffffffff  __c_args__                          
UNDEFED   __mpu_init                          
2000fe00  __stack                             
00003e11  _c_int00_noargs                     
00004260  _ctypes_                            
20000b6c  _device                             
20000a7c  _ftable                             
20000cd0  _lock                               
00001be3  _nop                                
20000be4  _stream                             
20000000  _sys_memory                         
UNDEFED   _system_post_cinit                  
00004257  _system_pre_init                    
20000cd4  _unlock                             
0000425b  abort                               
00003b31  atoi                                
20000a70  bcdDate                             
20000a71  bcdDay                              
20000a72  bcdHour                             
20000a73  bcdMinute                           
20000a74  bcdMonth                            
20000a75  bcdSecond                           
20000a76  bcdYear                             
ffffffff  binit                               
000038dd  close                               
20000a77  col                                 
20000c58  colorState                          
0000400d  convertFromBCD                      
00003f51  convertToBCD                        
00004171  copysign                            
00004171  copysignl                           
20000c60  count                               
20000c50  debounceFlag                        
20000c54  debounceFlag2                       
0000059d  driveMotor                          
20000cd8  errno                               
00003b7d  exit                                
00003289  fflush                              
00003f81  finddevice                          
20000c70  firstClock                          
20000c74  firstFlag                           
20000c64  firstRead                           
20000c35  flag                                
000030f1  fputc                               
00002899  fputs                               
00002d95  free                                
00003751  frexp                               
00003751  frexpl                              
000037b5  fseek                               
00000439  getKey                              
000009a9  getTime                             
00003cd9  getdevice                           
20000c68  i                                   
000043a4  i2cConfig2                          
00000335  iicInit                             
000002c7  initClocks                          
00000000  interruptVectors                    
000029ad  ldexp                               
000029ad  ldexpl                              
00004035  lseek                               
00003a3f  ltoa                                
00000111  main                                
00003381  malloc                              
000040cd  memccpy                             
000040ad  memchr                              
00002fbd  memcpy                              
0000330d  memset                              
00003e49  minit                               
20000c5c  msDelay                             
20000a60  parmbuf                             
0000037f  port_Init                           
20000c6c  pos                                 
20000c48  previous_Speed                      
00000fff  printDay                            
00000c85  printTime                           
00003685  printf                              
000008fd  promptUser                          
000030f1  putc                                
000007b1  readFromSlave                       
00003fe1  remove                              
20000a78  row                                 
000029ad  scalbn                              
000029ad  scalbnl                             
00000851  setTime                             
00002cb9  setvbuf                             
00003d1d  sprintf                             
00004131  strchr                              
00004119  strcmp                              
00004185  strcpy                              
00004199  strlen                              
00003e81  strncpy                             
20000c4c  sysTikToggleSpeed                   
20000c34  textSize                            
200009c0  timeArr1                            
200009dc  timeArr2                            
200009f8  timeArr3                            
20000a14  timeArr4                            
20000a30  timeArr5                            
00001095  timer32setup                        
00003fe1  unlink                              
20000a79  value                               
000041bf  wcslen                              
00004085  write                               
00000709  writeFromMaster                     


GLOBAL SYMBOLS: SORTED BY Symbol Address 

address   name                                
-------   ----                                
00000000  __TI_static_base__                  
00000000  interruptVectors                    
00000111  main                                
00000200  __STACK_SIZE                        
000002a1  Configure                           
000002c7  initClocks                          
00000335  iicInit                             
0000037f  port_Init                           
00000439  getKey                              
0000059d  driveMotor                          
00000709  writeFromMaster                     
000007b1  readFromSlave                       
00000800  __SYSMEM_SIZE                       
00000851  setTime                             
000008fd  promptUser                          
000009a9  getTime                             
00000c85  printTime                           
00000fff  printDay                            
00001067  PORT2_IRQHandler                    
00001067  PORT2_IRQHandler                    
00001095  timer32setup                        
000010af  T32_INT1_IRQHandler                 
000010af  T32_INT1_IRQHandler                 
00001185  __TI_printfi                        
00001be3  _nop                                
00001be5  SystemCoreClockUpdate               
00001e59  SystemInit                          
0000234d  __aeabi_dsub                        
00002357  __aeabi_dadd                        
00002503  __aeabi_idiv0                       
00002503  __aeabi_ldiv0                       
00002641  __aeabi_ddiv                        
00002899  fputs                               
000029ad  ldexp                               
000029ad  ldexpl                              
000029ad  scalbn                              
000029ad  scalbnl                             
00002abd  COMMONCLOCKS_sysTick_Init           
00002ad9  COMMONCLOCKS_sysTick_delay_3MHZ     
00002b03  COMMONCLOCKS_sysTick_delay_48MHZ    
00002b2d  COMMONCLOCKS_initClocks             
00002bbd  __aeabi_dmul                        
00002cb9  setvbuf                             
00002d95  free                                
00002f21  CS_startHFXTWithTimeout             
00002fbd  __aeabi_memcpy                      
00002fbd  __aeabi_memcpy4                     
00002fbd  __aeabi_memcpy8                     
00002fbd  memcpy                              
00003059  __aeabi_uldivmod                    
000030f1  fputc                               
000030f1  putc                                
0000317d  __aeabi_cdcmpeq                     
0000317d  __aeabi_cdcmple                     
00003203  __aeabi_cdrcmple                    
00003289  fflush                              
00003305  __aeabi_memclr                      
00003305  __aeabi_memclr4                     
00003305  __aeabi_memclr8                     
00003307  __aeabi_memset                      
00003307  __aeabi_memset4                     
00003307  __aeabi_memset8                     
0000330d  memset                              
00003381  malloc                              
000033f9  __TI_closefile                      
0000354d  HOSTlseek                           
000035b5  HOSTrename                          
0000361d  __TI_decompress_lzss                
00003685  printf                              
000036ed  Interrupt_enableInterrupt           
00003751  frexp                               
00003751  frexpl                              
000037b5  fseek                               
00003819  __TI_wrt_ok                         
0000387d  HOSTopen                            
000038dd  close                               
00003939  HOSTread                            
00003991  HOSTwrite                           
00003a3f  ltoa                                
00003ae5  __TI_doflush                        
00003b31  atoi                                
00003b7d  exit                                
00003bc5  __aeabi_d2iz                        
00003c0d  HOSTclose                           
00003c51  HOSTunlink                          
00003c95  __TI_auto_init_nobinit_nopinit      
00003cd9  getdevice                           
00003d1d  sprintf                             
00003dd9  __TI_writemsg                       
00003e07  C$$IO$$                             
00003e11  _c_int00_noargs                     
00003e49  minit                               
00003e81  strncpy                             
00003eb9  __TI_cleanup                        
00003eed  __TI_readmsg                        
00003f21  GPIO_setAsInputPinWithPullUpResistor
00003f51  convertToBCD                        
00003f81  finddevice                          
00003fb1  __aeabi_i2d                         
00003fe1  remove                              
00003fe1  unlink                              
0000400d  convertFromBCD                      
00004035  lseek                               
00004085  write                               
000040ad  memchr                              
000040cd  memccpy                             
000040e9  GPIO_clearInterruptFlag             
00004119  strcmp                              
00004131  strchr                              
00004149  CS_setExternalClockSourceFrequency  
0000415d  GPIO_enableInterrupt                
00004171  copysign                            
00004171  copysignl                           
00004185  strcpy                              
00004199  strlen                              
000041ad  __TI_zero_init_nomemset             
000041bf  wcslen                              
000041d1  Interrupt_enableMaster              
000041e1  SysCtl_disableNMISource             
000041f1  SysCtl_enableNMISource              
00004201  __TI_decompress_none                
0000420f  Reset_Handler                       
0000421b  ADC14_IRQHandler                    
0000421b  AES256_IRQHandler                   
0000421b  BusFault_Handler                    
0000421b  COMP_E0_IRQHandler                  
0000421b  COMP_E1_IRQHandler                  
0000421b  CS_IRQHandler                       
0000421b  DMA_ERR_IRQHandler                  
0000421b  DMA_INT0_IRQHandler                 
0000421b  DMA_INT1_IRQHandler                 
0000421b  DMA_INT2_IRQHandler                 
0000421b  DMA_INT3_IRQHandler                 
0000421b  DebugMon_Handler                    
0000421b  Default_Handler                     
0000421b  EUSCIA0_IRQHandler                  
0000421b  EUSCIA1_IRQHandler                  
0000421b  EUSCIA2_IRQHandler                  
0000421b  EUSCIA3_IRQHandler                  
0000421b  EUSCIB0_IRQHandler                  
0000421b  EUSCIB1_IRQHandler                  
0000421b  EUSCIB2_IRQHandler                  
0000421b  EUSCIB3_IRQHandler                  
0000421b  FLCTL_IRQHandler                    
0000421b  FPU_IRQHandler                      
0000421b  HardFault_Handler                   
0000421b  MemManage_Handler                   
0000421b  NMI_Handler                         
0000421b  PCM_IRQHandler                      
0000421b  PORT1_IRQHandler                    
0000421b  PORT3_IRQHandler                    
0000421b  PORT4_IRQHandler                    
0000421b  PORT5_IRQHandler                    
0000421b  PORT6_IRQHandler                    
0000421b  PSS_IRQHandler                      
0000421b  PendSV_Handler                      
0000421b  RTC_C_IRQHandler                    
0000421b  SVC_Handler                         
0000421b  SysTick_Handler                     
0000421b  T32_INT2_IRQHandler                 
0000421b  T32_INTC_IRQHandler                 
0000421b  TA0_0_IRQHandler                    
0000421b  TA0_N_IRQHandler                    
0000421b  TA1_0_IRQHandler                    
0000421b  TA1_N_IRQHandler                    
0000421b  TA2_0_IRQHandler                    
0000421b  TA2_N_IRQHandler                    
0000421b  TA3_0_IRQHandler                    
0000421b  TA3_N_IRQHandler                    
0000421b  UsageFault_Handler                  
0000421b  WDT_A_IRQHandler                    
0000421d  CPU_cpsie                           
00004229  SysCtl_getNMISourceStatus           
00004241  __aeabi_errno_addr                  
00004249  CS_startHFXT                        
00004257  _system_pre_init                    
0000425b  C$$EXIT                             
0000425b  abort                               
00004260  _ctypes_                            
000043a4  i2cConfig2                          
00004464  __TI_Handler_Table_Base             
00004470  __TI_Handler_Table_Limit            
00004478  __TI_CINIT_Base                     
00004488  __TI_CINIT_Limit                    
20000000  _sys_memory                         
20000800  __CIOBUF_                           
20000920  __TI_tmpnams                        
200009c0  timeArr1                            
200009dc  timeArr2                            
200009f8  timeArr3                            
20000a14  timeArr4                            
20000a30  timeArr5                            
20000a4c  RTC_registers                       
20000a60  parmbuf                             
20000a70  bcdDate                             
20000a71  bcdDay                              
20000a72  bcdHour                             
20000a73  bcdMinute                           
20000a74  bcdMonth                            
20000a75  bcdSecond                           
20000a76  bcdYear                             
20000a77  col                                 
20000a78  row                                 
20000a79  value                               
20000a7c  _ftable                             
20000b6c  _device                             
20000be4  _stream                             
20000c34  textSize                            
20000c35  flag                                
20000c38  User_Speed_Count                    
20000c3c  Seconds                             
20000c40  Magnet_Counter                      
20000c44  Calculated_Speed                    
20000c48  previous_Speed                      
20000c4c  sysTikToggleSpeed                   
20000c50  debounceFlag                        
20000c54  debounceFlag2                       
20000c58  colorState                          
20000c5c  msDelay                             
20000c60  count                               
20000c64  firstRead                           
20000c68  i                                   
20000c6c  pos                                 
20000c70  firstClock                          
20000c74  firstFlag                           
20000ca8  __TI_ft_end                         
20000cac  __aeabi_stdin                       
20000cb0  __aeabi_stdout                      
20000cb4  __aeabi_stderr                      
20000cb8  __TI_cleanup_ptr                    
20000cbc  __TI_dtors_ptr                      
20000cc0  __TI_enable_exit_profile_output     
20000cd0  _lock                               
20000cd4  _unlock                             
20000cd8  errno                               
20000cdc  SystemCoreClock                     
2000fe00  __stack                             
20010000  __STACK_END                         
4000480c  WDTCTL_SYM                          
ffffffff  __TI_pprof_out_hndl                 
ffffffff  __TI_prof_data_size                 
ffffffff  __TI_prof_data_start                
ffffffff  __binit__                           
ffffffff  __c_args__                          
ffffffff  binit                               
UNDEFED   __mpu_init                          
UNDEFED   _system_post_cinit                  

[247 symbols]
