******************************************************************************
                  TI ARM Linker PC v18.1.3                     
******************************************************************************
>> Linked Fri Nov  2 13:47:49 2018

OUTPUT FILE NAME:   <EGR326_Lab10.out>
ENTRY POINT SYMBOL: "_c_int00_noargs"  address: 00002d49


MEMORY CONFIGURATION

         name            origin    length      used     unused   attr    fill
----------------------  --------  ---------  --------  --------  ----  --------
  MAIN                  00000000   00040000  000033a4  0003cc5c  R  X
  INFO                  00200000   00004000  00000000  00004000  R  X
  SRAM_CODE             01000000   00010000  00000000  00010000  RW X
  SRAM_DATA             20000000   00010000  00000e00  0000f200  RW  


SEGMENT ALLOCATION MAP

run origin  load origin   length   init length attrs members
----------  ----------- ---------- ----------- ----- -------
00000000    00000000    000033a8   000033a8    r-x
  00000000    00000000    000000e4   000000e4    r-- .intvecs
  000000e4    000000e4    00003094   00003094    r-x .text
  00003178    00003178    0000016c   0000016c    r-- .const
  000032e8    000032e8    000000c0   000000c0    r-- .cinit
20000000    20000000    00000c00   00000000    rw-
  20000000    20000000    00000800   00000000    rw- .sysmem
  20000800    20000800    00000238   00000000    rw- .data
  20000a38    20000a38    000001c8   00000000    rw- .bss
2000fe00    2000fe00    00000200   00000000    rw-
  2000fe00    2000fe00    00000200   00000000    rw- .stack


SECTION ALLOCATION MAP

 output                                  attributes/
section   page    origin      length       input sections
--------  ----  ----------  ----------   ----------------
.intvecs   0    00000000    000000e4     
                  00000000    000000e4     startup_msp432p401r_ccs.obj (.intvecs:retain)

.text      0    000000e4    00003094     
                  000000e4    00000a5e     rtsv7M4_T_le_v4SPD16_eabi.lib : _printfi.c.obj (.text:__TI_printfi)
                  00000b42    00000002                                   : _lock.c.obj (.text:_nop)
                  00000b44    00000328     system_msp432p401r.obj (.text)
                  00000e6c    00000270     rtsv7M4_T_le_v4SPD16_eabi.lib : _printfi.c.obj (.text:_pconv_a)
                  000010dc    000001d0                                   : _printfi.c.obj (.text:_pconv_g)
                  000012ac    000001b6                                   : fd_add_t2.asm.obj (.text)
                  00001462    00000002                                   : div0.asm.obj (.text)
                  00001464    0000013c                                   : _printfi.c.obj (.text:_pconv_e)
                  000015a0    00000136                                   : fd_div_t2.asm.obj (.text)
                  000016d6    00000002     --HOLE-- [fill = 0]
                  000016d8    0000012c     main.obj (.text)
                  00001804    00000120     rtsv7M4_T_le_v4SPD16_eabi.lib : _printfi.c.obj (.text:fcvt)
                  00001924    00000114                                   : fputs.c.obj (.text:fputs)
                  00001a38    00000110                                   : s_scalbn.c.obj (.text:scalbn)
                  00001b48    000000fc                                   : fd_mul_t2.asm.obj (.text)
                  00001c44    000000dc                                   : setvbuf.c.obj (.text:setvbuf)
                  00001d20    000000d8                                   : memory.c.obj (.text:free)
                  00001df8    000000b2     msp432p4xx_driverlib.lib : timer_a.o (.text:privateTimer_AProcessClockSourceDivider)
                  00001eaa    00000002     --HOLE-- [fill = 0]
                  00001eac    000000b1     rtsv7M4_T_le_v4SPD16_eabi.lib : _printfi.c.obj (.text:_ltostr)
                  00001f5d    00000001     --HOLE-- [fill = 0]
                  00001f5e    0000009c                                   : memcpy_t2.asm.obj (.text)
                  00001ffa    00000096                                   : ull_div_t2.asm.obj (.text)
                  00002090    0000008c                                   : fputc.c.obj (.text:fputc)
                  0000211c    00000086                                   : fd_cmp_t2.asm.obj (.text:__aeabi_cdcmple)
                  000021a2    00000086                                   : fd_cmp_t2.asm.obj (.text:__aeabi_cdrcmple)
                  00002228    0000007c     COMMONCLOCKS.obj (.text)
                  000022a4    0000007a     rtsv7M4_T_le_v4SPD16_eabi.lib : memset_t2.asm.obj (.text)
                  0000231e    00000002     --HOLE-- [fill = 0]
                  00002320    00000078                                   : memory.c.obj (.text:malloc)
                  00002398    00000074                                   : fclose.c.obj (.text:__TI_closefile)
                  0000240c    0000006e                                   : _printfi.c.obj (.text:_mcpy)
                  0000247a    00000002     --HOLE-- [fill = 0]
                  0000247c    00000068                                   : hostlseek.c.obj (.text:HOSTlseek)
                  000024e4    00000068                                   : hostrename.c.obj (.text:HOSTrename)
                  0000254c    00000068                                   : copy_decompress_lzss.c.obj (.text:decompress:lzss:__TI_decompress_lzss)
                  000025b4    00000068                                   : printf.c.obj (.text:printf)
                  0000261c    00000064     msp432p4xx_driverlib.lib : interrupt.o (.text:Interrupt_enableInterrupt)
                  00002680    00000064     rtsv7M4_T_le_v4SPD16_eabi.lib : s_frexp.c.obj (.text:frexp)
                  000026e4    00000064                                   : fseek.c.obj (.text:fseek)
                  00002748    00000062                                   : _io_perm.c.obj (.text:__TI_wrt_ok)
                  000027aa    00000002     --HOLE-- [fill = 0]
                  000027ac    00000060                                   : hostopen.c.obj (.text:HOSTopen)
                  0000280c    0000005c                                   : close.c.obj (.text:close)
                  00002868    00000058                                   : hostread.c.obj (.text:HOSTread)
                  000028c0    00000058                                   : hostwrite.c.obj (.text:HOSTwrite)
                  00002918    00000056                                   : _printfi.c.obj (.text:_pconv_f)
                  0000296e    00000054                                   : ltoa.c.obj (.text:ltoa)
                  000029c2    00000052                                   : _printfi.c.obj (.text:_ecpy)
                  00002a14    0000004c                                   : fflush.c.obj (.text:__TI_doflush)
                  00002a60    0000004c                                   : atoi.c.obj (.text:atoi)
                  00002aac    00000048     msp432p4xx_driverlib.lib : timer32.o (.text:Timer32_initModule)
                  00002af4    00000048     rtsv7M4_T_le_v4SPD16_eabi.lib : exit.c.obj (.text:exit)
                  00002b3c    00000048                                   : fd_toi_t2.asm.obj (.text)
                  00002b84    00000044                                   : hostclose.c.obj (.text:HOSTclose)
                  00002bc8    00000044                                   : hostunlink.c.obj (.text:HOSTunlink)
                  00002c0c    00000044                                   : autoinit.c.obj (.text:__TI_auto_init_nobinit_nopinit:__TI_auto_init_nobinit_nopinit)
                  00002c50    00000044                                   : getdevice.c.obj (.text:getdevice)
                  00002c94    0000003e                                   : _printfi.c.obj (.text:_fcpy)
                  00002cd2    00000002     --HOLE-- [fill = 0]
                  00002cd4    0000003c                                   : memory.c.obj (.text:minsert)
                  00002d10    00000038                                   : trgmsg.c.obj (.text:__TI_writemsg)
                  00002d48    00000038                                   : boot_cortex_m.c.obj (.text:_c_int00_noargs:_c_int00_noargs)
                  00002d80    00000038                                   : memory.c.obj (.text:minit)
                  00002db8    00000036                                   : strncpy.c.obj (.text:strncpy)
                  00002dee    00000002     --HOLE-- [fill = 0]
                  00002df0    00000034                                   : fopen.c.obj (.text:__TI_cleanup)
                  00002e24    00000034                                   : trgmsg.c.obj (.text:__TI_readmsg)
                  00002e58    00000030     msp432p4xx_driverlib.lib : timer_a.o (.text:Timer_A_initCapture)
                  00002e88    00000030     rtsv7M4_T_le_v4SPD16_eabi.lib : getdevice.c.obj (.text:finddevice)
                  00002eb8    0000002e                                   : i_tofd_t2.asm.obj (.text)
                  00002ee6    00000002     --HOLE-- [fill = 0]
                  00002ee8    0000002c     msp432p4xx_driverlib.lib : gpio.o (.text:GPIO_setAsInputPin)
                  00002f14    0000002c     rtsv7M4_T_le_v4SPD16_eabi.lib : unlink.c.obj (.text:unlink)
                  00002f40    00000028                                   : lseek.c.obj (.text:lseek)
                  00002f68    00000028                                   : memory.c.obj (.text:mremove)
                  00002f90    00000028                                   : write.c.obj (.text:write)
                  00002fb8    00000024     msp432p4xx_driverlib.lib : timer32.o (.text:Timer32_setCount)
                  00002fdc    00000024                              : timer_a.o (.text:Timer_A_configureContinuousMode)
                  00003000    00000020                              : timer32.o (.text:Timer32_startTimer)
                  00003020    00000020     rtsv7M4_T_le_v4SPD16_eabi.lib : memchr.c.obj (.text:memchr)
                  00003040    0000001c                                   : memccpy.c.obj (.text:memccpy)
                  0000305c    0000001a     msp432p4xx_driverlib.lib : timer_a.o (.text:Timer_A_clearCaptureCompareInterrupt)
                  00003076    00000018     rtsv7M4_T_le_v4SPD16_eabi.lib : strcmp.c.obj (.text:strcmp)
                  0000308e    00000016                                   : strchr.c.obj (.text:strchr)
                  000030a4    00000014                                   : s_copysign.c.obj (.text:copysign)
                  000030b8    00000014                                   : strcpy.c.obj (.text:strcpy)
                  000030cc    00000014                                   : strlen.c.obj (.text:strlen)
                  000030e0    00000012                                   : copy_zero_init.c.obj (.text:decompress:ZI:__TI_zero_init_nomemset:__TI_zero_init_nomemset)
                  000030f2    00000012                                   : wcslen.c.obj (.text:wcslen)
                  00003104    00000010     msp432p4xx_driverlib.lib : interrupt.o (.text:Interrupt_enableMaster)
                  00003114    0000000e                              : timer_a.o (.text:Timer_A_getCaptureCompareCount)
                  00003122    0000000e     rtsv7M4_T_le_v4SPD16_eabi.lib : copy_decompress_none.c.obj (.text:decompress:none:__TI_decompress_none)
                  00003130    0000000e     startup_msp432p401r_ccs.obj (.text)
                  0000313e    0000000c     msp432p4xx_driverlib.lib : cpu.o (.text:CPU_cpsie)
                  0000314a    0000000a                              : timer32.o (.text:Timer32_disableInterrupt)
                  00003154    00000008                              : timer_a.o (.text:Timer_A_startCounter)
                  0000315c    00000008     rtsv7M4_T_le_v4SPD16_eabi.lib : errno.c.obj (.text:__aeabi_errno_addr)
                  00003164    00000004     msp432p4xx_driverlib.lib : timer32.o (.text:Timer32_getValue)
                  00003168    00000004     rtsv7M4_T_le_v4SPD16_eabi.lib : printf.c.obj (.text:_outc)
                  0000316c    00000004                                   : printf.c.obj (.text:_outs)
                  00003170    00000004                                   : pre_init.c.obj (.text:_system_pre_init)
                  00003174    00000004                                   : exit.c.obj (.text:abort:abort)

.const     0    00003178    0000016c     
                  00003178    00000101     rtsv7M4_T_le_v4SPD16_eabi.lib : ctype.c.obj (.const:.string:_ctypes_)
                  00003279    00000003     --HOLE-- [fill = 0]
                  0000327c    00000040     msp432p4xx_driverlib.lib : interrupt.o (.const)
                  000032bc    00000018     main.obj (.const:captureModeConfig)
                  000032d4    00000010     main.obj (.const:continuousModeConfig)

.cinit     0    000032e8    000000c0     
                  000032e8    00000098     (.cinit..data.load) [load image, compression = lzss]
                  00003380    0000000c     (__TI_handler_table)
                  0000338c    00000004     --HOLE-- [fill = 0]
                  00003390    00000008     (.cinit..bss.load) [load image, compression = zero_init]
                  00003398    00000010     (__TI_cinit_table)

.init_array 
*          0    00000000    00000000     UNINITIALIZED

.sysmem    0    20000000    00000800     UNINITIALIZED
                  20000000    00000008     rtsv7M4_T_le_v4SPD16_eabi.lib : memory.c.obj (.sysmem)
                  20000008    000007f8     --HOLE--

.data      0    20000800    00000238     UNINITIALIZED
                  20000800    000000f0     rtsv7M4_T_le_v4SPD16_eabi.lib : defs.c.obj (.data:_ftable)
                  200008f0    00000078                                   : write.c.obj (.data:_device)
                  20000968    00000050                                   : write.c.obj (.data:_stream)
                  200009b8    00000030     msp432p4xx_driverlib.lib : gpio.o (.data:GPIO_PORT_TO_BASE)
                  200009e8    00000018     main.obj (.data)
                  20000a00    00000010     rtsv7M4_T_le_v4SPD16_eabi.lib : defs.c.obj (.data)
                  20000a10    0000000c                                   : exit.c.obj (.data:$O1$$)
                  20000a1c    0000000c                                   : memory.c.obj (.data:$O1$$)
                  20000a28    00000008                                   : _lock.c.obj (.data:$O1$$)
                  20000a30    00000004                                   : errno.c.obj (.data)
                  20000a34    00000004     system_msp432p401r.obj (.data)

.bss       0    20000a38    000001c8     UNINITIALIZED
                  20000a38    00000120     rtsv7M4_T_le_v4SPD16_eabi.lib : trgmsg.c.obj (.bss:_CIOBUF_)
                  20000b58    000000a0     (.common:__TI_tmpnams)
                  20000bf8    00000008     (.common:parmbuf)

.stack     0    2000fe00    00000200     UNINITIALIZED
                  2000fe00    00000004     rtsv7M4_T_le_v4SPD16_eabi.lib : boot_cortex_m.c.obj (.stack)
                  2000fe04    000001fc     --HOLE--

MODULE SUMMARY

       Module                        code    ro data   rw data
       ------                        ----    -------   -------
    .\
       system_msp432p401r.obj        808     0         4      
       main.obj                      300     40        24     
       startup_msp432p401r_ccs.obj   14      228       0      
       COMMONCLOCKS.obj              124     0         0      
    +--+-----------------------------+-------+---------+---------+
       Total:                        1246    268       28     
                                                              
    C:/ti/msp/MSP432Ware_3_50_00_02/driverlib/driverlib/MSP432P4xx/ccs/msp432p4xx_driverlib.lib
       timer_a.o                     310     0         0      
       interrupt.o                   116     64        0      
       timer32.o                     154     0         0      
       gpio.o                        44      0         48     
       cpu.o                         12      0         0      
    +--+-----------------------------+-------+---------+---------+
       Total:                        636     64        48     
                                                              
    C:\ti\ccsv8\tools\compiler\ti-cgt-arm_18.1.3.LTS\lib\rtsv7M4_T_le_v4SPD16_eabi.lib
       _printfi.c.obj                4863    0         0      
       memory.c.obj                  492     0         12     
       fd_add_t2.asm.obj             438     0         0      
       defs.c.obj                    0       0         416    
       trgmsg.c.obj                  108     0         288    
       fd_div_t2.asm.obj             310     0         0      
       fputs.c.obj                   276     0         0      
       s_scalbn.c.obj                272     0         0      
       fd_cmp_t2.asm.obj             268     0         0      
       ctype.c.obj                   0       257       0      
       fd_mul_t2.asm.obj             252     0         0      
       write.c.obj                   40      0         200    
       setvbuf.c.obj                 220     0         0      
       memcpy_t2.asm.obj             156     0         0      
       ull_div_t2.asm.obj            150     0         0      
       fputc.c.obj                   140     0         0      
       memset_t2.asm.obj             122     0         0      
       fclose.c.obj                  116     0         0      
       getdevice.c.obj               116     0         0      
       printf.c.obj                  112     0         0      
       copy_decompress_lzss.c.obj    104     0         0      
       hostlseek.c.obj               104     0         0      
       hostopen.c.obj                96      0         8      
       hostrename.c.obj              104     0         0      
       fseek.c.obj                   100     0         0      
       s_frexp.c.obj                 100     0         0      
       _io_perm.c.obj                98      0         0      
       close.c.obj                   92      0         0      
       exit.c.obj                    76      0         12     
       hostread.c.obj                88      0         0      
       hostwrite.c.obj               88      0         0      
       ltoa.c.obj                    84      0         0      
       atoi.c.obj                    76      0         0      
       fflush.c.obj                  76      0         0      
       fd_toi_t2.asm.obj             72      0         0      
       autoinit.c.obj                68      0         0      
       hostclose.c.obj               68      0         0      
       hostunlink.c.obj              68      0         0      
       boot_cortex_m.c.obj           56      0         0      
       strncpy.c.obj                 54      0         0      
       fopen.c.obj                   52      0         0      
       i_tofd_t2.asm.obj             46      0         0      
       unlink.c.obj                  44      0         0      
       lseek.c.obj                   40      0         0      
       memchr.c.obj                  32      0         0      
       memccpy.c.obj                 28      0         0      
       strcmp.c.obj                  24      0         0      
       strchr.c.obj                  22      0         0      
       s_copysign.c.obj              20      0         0      
       strcpy.c.obj                  20      0         0      
       strlen.c.obj                  20      0         0      
       copy_zero_init.c.obj          18      0         0      
       wcslen.c.obj                  18      0         0      
       copy_decompress_none.c.obj    14      0         0      
       errno.c.obj                   8       0         4      
       _lock.c.obj                   2       0         8      
       pre_init.c.obj                4       0         0      
       div0.asm.obj                  2       0         0      
    +--+-----------------------------+-------+---------+---------+
       Total:                        10537   257       948    
                                                              
       Heap:                         0       0         2048   
       Stack:                        0       0         512    
       Linker Generated:             0       188       0      
    +--+-----------------------------+-------+---------+---------+
       Grand Total:                  12419   777       3584   


LINKER GENERATED COPY TABLES

__TI_cinit_table @ 00003398 records: 2, size/record: 8, table size: 16
	.data: load addr=000032e8, load size=00000098 bytes, run addr=20000800, run size=00000238 bytes, compression=lzss
	.bss: load addr=00003390, load size=00000008 bytes, run addr=20000a38, run size=000001c8 bytes, compression=zero_init


LINKER GENERATED HANDLER TABLE

__TI_handler_table @ 00003380 records: 3, size/record: 4, table size: 12
	index: 0, handler: __TI_decompress_lzss
	index: 1, handler: __TI_decompress_none
	index: 2, handler: __TI_zero_init


GLOBAL SYMBOLS: SORTED ALPHABETICALLY BY Name 

address   name                                
-------   ----                                
0000313d  ADC14_IRQHandler                    
0000313d  AES256_IRQHandler                   
0000313d  BusFault_Handler                    
00003175  C$$EXIT                             
00002d3f  C$$IO$$                             
00002229  COMMONCLOCKS_sysTick_Init           
00002245  COMMONCLOCKS_sysTick_delay_3MHZ     
0000226f  COMMONCLOCKS_sysTick_delay_48MHZ    
0000313d  COMP_E0_IRQHandler                  
0000313d  COMP_E1_IRQHandler                  
0000313f  CPU_cpsie                           
0000313d  CS_IRQHandler                       
0000313d  DMA_ERR_IRQHandler                  
0000313d  DMA_INT0_IRQHandler                 
0000313d  DMA_INT1_IRQHandler                 
0000313d  DMA_INT2_IRQHandler                 
0000313d  DMA_INT3_IRQHandler                 
0000313d  DebugMon_Handler                    
0000313d  Default_Handler                     
0000313d  EUSCIA0_IRQHandler                  
0000313d  EUSCIA1_IRQHandler                  
0000313d  EUSCIA2_IRQHandler                  
0000313d  EUSCIA3_IRQHandler                  
0000313d  EUSCIB0_IRQHandler                  
0000313d  EUSCIB1_IRQHandler                  
0000313d  EUSCIB2_IRQHandler                  
0000313d  EUSCIB3_IRQHandler                  
0000313d  FLCTL_IRQHandler                    
0000313d  FPU_IRQHandler                      
00002ee9  GPIO_setAsInputPin                  
00002b85  HOSTclose                           
0000247d  HOSTlseek                           
000027ad  HOSTopen                            
00002869  HOSTread                            
000024e5  HOSTrename                          
00002bc9  HOSTunlink                          
000028c1  HOSTwrite                           
0000313d  HardFault_Handler                   
0000261d  Interrupt_enableInterrupt           
00003105  Interrupt_enableMaster              
0000313d  MemManage_Handler                   
0000313d  NMI_Handler                         
0000313d  PCM_IRQHandler                      
0000313d  PORT1_IRQHandler                    
0000313d  PORT2_IRQHandler                    
0000313d  PORT3_IRQHandler                    
0000313d  PORT4_IRQHandler                    
0000313d  PORT5_IRQHandler                    
0000313d  PORT6_IRQHandler                    
0000313d  PSS_IRQHandler                      
0000313d  PendSV_Handler                      
0000313d  RTC_C_IRQHandler                    
00003131  Reset_Handler                       
0000313d  SVC_Handler                         
0000313d  SysTick_Handler                     
20000a34  SystemCoreClock                     
00000b45  SystemCoreClockUpdate               
00000db9  SystemInit                          
0000313d  T32_INT1_IRQHandler                 
0000313d  T32_INT2_IRQHandler                 
0000313d  T32_INTC_IRQHandler                 
0000313d  TA0_0_IRQHandler                    
00001787  TA0_N_IRQHandler                    
00001787  TA0_N_IRQHandler                    
0000313d  TA1_0_IRQHandler                    
0000313d  TA1_N_IRQHandler                    
0000313d  TA2_0_IRQHandler                    
0000313d  TA2_N_IRQHandler                    
0000313d  TA3_0_IRQHandler                    
0000313d  TA3_N_IRQHandler                    
0000314b  Timer32_disableInterrupt            
00003165  Timer32_getValue                    
00002aad  Timer32_initModule                  
00002fb9  Timer32_setCount                    
00003001  Timer32_startTimer                  
0000305d  Timer_A_clearCaptureCompareInterrupt
00002fdd  Timer_A_configureContinuousMode     
00003115  Timer_A_getCaptureCompareCount      
00002e59  Timer_A_initCapture                 
00003155  Timer_A_startCounter                
0000313d  UsageFault_Handler                  
4000480c  WDTCTL_SYM                          
0000313d  WDT_A_IRQHandler                    
20000a38  __CIOBUF_                           
20010000  __STACK_END                         
00000200  __STACK_SIZE                        
00000800  __SYSMEM_SIZE                       
00003398  __TI_CINIT_Base                     
000033a8  __TI_CINIT_Limit                    
00003380  __TI_Handler_Table_Base             
0000338c  __TI_Handler_Table_Limit            
00002c0d  __TI_auto_init_nobinit_nopinit      
00002df1  __TI_cleanup                        
20000a10  __TI_cleanup_ptr                    
00002399  __TI_closefile                      
0000254d  __TI_decompress_lzss                
00003123  __TI_decompress_none                
00002a15  __TI_doflush                        
20000a14  __TI_dtors_ptr                      
20000a18  __TI_enable_exit_profile_output     
20000a00  __TI_ft_end                         
ffffffff  __TI_pprof_out_hndl                 
000000e5  __TI_printfi                        
ffffffff  __TI_prof_data_size                 
ffffffff  __TI_prof_data_start                
00002e25  __TI_readmsg                        
00000000  __TI_static_base__                  
20000b58  __TI_tmpnams                        
00002d11  __TI_writemsg                       
00002749  __TI_wrt_ok                         
000030e1  __TI_zero_init_nomemset             
0000211d  __aeabi_cdcmpeq                     
0000211d  __aeabi_cdcmple                     
000021a3  __aeabi_cdrcmple                    
00002b3d  __aeabi_d2iz                        
000012b7  __aeabi_dadd                        
000015a1  __aeabi_ddiv                        
00001b49  __aeabi_dmul                        
000012ad  __aeabi_dsub                        
0000315d  __aeabi_errno_addr                  
00002eb9  __aeabi_i2d                         
00001463  __aeabi_idiv0                       
00001463  __aeabi_ldiv0                       
000022a5  __aeabi_memclr                      
000022a5  __aeabi_memclr4                     
000022a5  __aeabi_memclr8                     
00001f5f  __aeabi_memcpy                      
00001f5f  __aeabi_memcpy4                     
00001f5f  __aeabi_memcpy8                     
000022a7  __aeabi_memset                      
000022a7  __aeabi_memset4                     
000022a7  __aeabi_memset8                     
20000a0c  __aeabi_stderr                      
20000a04  __aeabi_stdin                       
20000a08  __aeabi_stdout                      
00001ffb  __aeabi_uldivmod                    
ffffffff  __binit__                           
ffffffff  __c_args__                          
UNDEFED   __mpu_init                          
2000fe00  __stack                             
00002d49  _c_int00_noargs                     
00003178  _ctypes_                            
200008f0  _device                             
20000800  _ftable                             
20000a28  _lock                               
00000b43  _nop                                
20000968  _stream                             
20000000  _sys_memory                         
UNDEFED   _system_post_cinit                  
00003171  _system_pre_init                    
20000a2c  _unlock                             
00003175  abort                               
00002a61  atoi                                
ffffffff  binit                               
000032bc  captureModeConfig                   
0000280d  close                               
000032d4  continuousModeConfig                
000030a5  copysign                            
000030a5  copysignl                           
200009f4  delay                               
20000a30  errno                               
00002af5  exit                                
00002e89  finddevice                          
00002091  fputc                               
00001925  fputs                               
00001d21  free                                
00002681  frexp                               
00002681  frexpl                              
000026e5  fseek                               
00002c51  getdevice                           
200009ec  interruptButton2Status              
200009e8  interruptHallStatus                 
00000000  interruptVectors                    
00001a39  ldexp                               
00001a39  ldexpl                              
00002f41  lseek                               
0000296f  ltoa                                
000016d9  main                                
00002321  malloc                              
200009f8  meas1                               
200009fc  meas2                               
00003041  memccpy                             
00003021  memchr                              
00001f5f  memcpy                              
000022ad  memset                              
00002d81  minit                               
20000bf8  parmbuf                             
000025b5  printf                              
00002091  putc                                
200009f0  readingValue                        
00002f15  remove                              
00001a39  scalbn                              
00001a39  scalbnl                             
00001c45  setvbuf                             
0000308f  strchr                              
00003077  strcmp                              
000030b9  strcpy                              
000030cd  strlen                              
00002db9  strncpy                             
00001765  timerAInit                          
00002f15  unlink                              
000030f3  wcslen                              
00002f91  write                               


GLOBAL SYMBOLS: SORTED BY Symbol Address 

address   name                                
-------   ----                                
00000000  __TI_static_base__                  
00000000  interruptVectors                    
000000e5  __TI_printfi                        
00000200  __STACK_SIZE                        
00000800  __SYSMEM_SIZE                       
00000b43  _nop                                
00000b45  SystemCoreClockUpdate               
00000db9  SystemInit                          
000012ad  __aeabi_dsub                        
000012b7  __aeabi_dadd                        
00001463  __aeabi_idiv0                       
00001463  __aeabi_ldiv0                       
000015a1  __aeabi_ddiv                        
000016d9  main                                
00001765  timerAInit                          
00001787  TA0_N_IRQHandler                    
00001787  TA0_N_IRQHandler                    
00001925  fputs                               
00001a39  ldexp                               
00001a39  ldexpl                              
00001a39  scalbn                              
00001a39  scalbnl                             
00001b49  __aeabi_dmul                        
00001c45  setvbuf                             
00001d21  free                                
00001f5f  __aeabi_memcpy                      
00001f5f  __aeabi_memcpy4                     
00001f5f  __aeabi_memcpy8                     
00001f5f  memcpy                              
00001ffb  __aeabi_uldivmod                    
00002091  fputc                               
00002091  putc                                
0000211d  __aeabi_cdcmpeq                     
0000211d  __aeabi_cdcmple                     
000021a3  __aeabi_cdrcmple                    
00002229  COMMONCLOCKS_sysTick_Init           
00002245  COMMONCLOCKS_sysTick_delay_3MHZ     
0000226f  COMMONCLOCKS_sysTick_delay_48MHZ    
000022a5  __aeabi_memclr                      
000022a5  __aeabi_memclr4                     
000022a5  __aeabi_memclr8                     
000022a7  __aeabi_memset                      
000022a7  __aeabi_memset4                     
000022a7  __aeabi_memset8                     
000022ad  memset                              
00002321  malloc                              
00002399  __TI_closefile                      
0000247d  HOSTlseek                           
000024e5  HOSTrename                          
0000254d  __TI_decompress_lzss                
000025b5  printf                              
0000261d  Interrupt_enableInterrupt           
00002681  frexp                               
00002681  frexpl                              
000026e5  fseek                               
00002749  __TI_wrt_ok                         
000027ad  HOSTopen                            
0000280d  close                               
00002869  HOSTread                            
000028c1  HOSTwrite                           
0000296f  ltoa                                
00002a15  __TI_doflush                        
00002a61  atoi                                
00002aad  Timer32_initModule                  
00002af5  exit                                
00002b3d  __aeabi_d2iz                        
00002b85  HOSTclose                           
00002bc9  HOSTunlink                          
00002c0d  __TI_auto_init_nobinit_nopinit      
00002c51  getdevice                           
00002d11  __TI_writemsg                       
00002d3f  C$$IO$$                             
00002d49  _c_int00_noargs                     
00002d81  minit                               
00002db9  strncpy                             
00002df1  __TI_cleanup                        
00002e25  __TI_readmsg                        
00002e59  Timer_A_initCapture                 
00002e89  finddevice                          
00002eb9  __aeabi_i2d                         
00002ee9  GPIO_setAsInputPin                  
00002f15  remove                              
00002f15  unlink                              
00002f41  lseek                               
00002f91  write                               
00002fb9  Timer32_setCount                    
00002fdd  Timer_A_configureContinuousMode     
00003001  Timer32_startTimer                  
00003021  memchr                              
00003041  memccpy                             
0000305d  Timer_A_clearCaptureCompareInterrupt
00003077  strcmp                              
0000308f  strchr                              
000030a5  copysign                            
000030a5  copysignl                           
000030b9  strcpy                              
000030cd  strlen                              
000030e1  __TI_zero_init_nomemset             
000030f3  wcslen                              
00003105  Interrupt_enableMaster              
00003115  Timer_A_getCaptureCompareCount      
00003123  __TI_decompress_none                
00003131  Reset_Handler                       
0000313d  ADC14_IRQHandler                    
0000313d  AES256_IRQHandler                   
0000313d  BusFault_Handler                    
0000313d  COMP_E0_IRQHandler                  
0000313d  COMP_E1_IRQHandler                  
0000313d  CS_IRQHandler                       
0000313d  DMA_ERR_IRQHandler                  
0000313d  DMA_INT0_IRQHandler                 
0000313d  DMA_INT1_IRQHandler                 
0000313d  DMA_INT2_IRQHandler                 
0000313d  DMA_INT3_IRQHandler                 
0000313d  DebugMon_Handler                    
0000313d  Default_Handler                     
0000313d  EUSCIA0_IRQHandler                  
0000313d  EUSCIA1_IRQHandler                  
0000313d  EUSCIA2_IRQHandler                  
0000313d  EUSCIA3_IRQHandler                  
0000313d  EUSCIB0_IRQHandler                  
0000313d  EUSCIB1_IRQHandler                  
0000313d  EUSCIB2_IRQHandler                  
0000313d  EUSCIB3_IRQHandler                  
0000313d  FLCTL_IRQHandler                    
0000313d  FPU_IRQHandler                      
0000313d  HardFault_Handler                   
0000313d  MemManage_Handler                   
0000313d  NMI_Handler                         
0000313d  PCM_IRQHandler                      
0000313d  PORT1_IRQHandler                    
0000313d  PORT2_IRQHandler                    
0000313d  PORT3_IRQHandler                    
0000313d  PORT4_IRQHandler                    
0000313d  PORT5_IRQHandler                    
0000313d  PORT6_IRQHandler                    
0000313d  PSS_IRQHandler                      
0000313d  PendSV_Handler                      
0000313d  RTC_C_IRQHandler                    
0000313d  SVC_Handler                         
0000313d  SysTick_Handler                     
0000313d  T32_INT1_IRQHandler                 
0000313d  T32_INT2_IRQHandler                 
0000313d  T32_INTC_IRQHandler                 
0000313d  TA0_0_IRQHandler                    
0000313d  TA1_0_IRQHandler                    
0000313d  TA1_N_IRQHandler                    
0000313d  TA2_0_IRQHandler                    
0000313d  TA2_N_IRQHandler                    
0000313d  TA3_0_IRQHandler                    
0000313d  TA3_N_IRQHandler                    
0000313d  UsageFault_Handler                  
0000313d  WDT_A_IRQHandler                    
0000313f  CPU_cpsie                           
0000314b  Timer32_disableInterrupt            
00003155  Timer_A_startCounter                
0000315d  __aeabi_errno_addr                  
00003165  Timer32_getValue                    
00003171  _system_pre_init                    
00003175  C$$EXIT                             
00003175  abort                               
00003178  _ctypes_                            
000032bc  captureModeConfig                   
000032d4  continuousModeConfig                
00003380  __TI_Handler_Table_Base             
0000338c  __TI_Handler_Table_Limit            
00003398  __TI_CINIT_Base                     
000033a8  __TI_CINIT_Limit                    
20000000  _sys_memory                         
20000800  _ftable                             
200008f0  _device                             
20000968  _stream                             
200009e8  interruptHallStatus                 
200009ec  interruptButton2Status              
200009f0  readingValue                        
200009f4  delay                               
200009f8  meas1                               
200009fc  meas2                               
20000a00  __TI_ft_end                         
20000a04  __aeabi_stdin                       
20000a08  __aeabi_stdout                      
20000a0c  __aeabi_stderr                      
20000a10  __TI_cleanup_ptr                    
20000a14  __TI_dtors_ptr                      
20000a18  __TI_enable_exit_profile_output     
20000a28  _lock                               
20000a2c  _unlock                             
20000a30  errno                               
20000a34  SystemCoreClock                     
20000a38  __CIOBUF_                           
20000b58  __TI_tmpnams                        
20000bf8  parmbuf                             
2000fe00  __stack                             
20010000  __STACK_END                         
4000480c  WDTCTL_SYM                          
ffffffff  __TI_pprof_out_hndl                 
ffffffff  __TI_prof_data_size                 
ffffffff  __TI_prof_data_start                
ffffffff  __binit__                           
ffffffff  __c_args__                          
ffffffff  binit                               
UNDEFED   __mpu_init                          
UNDEFED   _system_post_cinit                  

[203 symbols]
