<?xml version="1.0" encoding="ISO-8859-1" ?>
<link_info>
   <banner>TI ARM Linker PC v18.1.3.LTS</banner>
   <copyright>Copyright (c) 1996-2017 Texas Instruments Incorporated</copyright>
   <link_time>0x5bce0dad</link_time>
   <link_errors>0x0</link_errors>
   <output_file>EGR326_Lab9.out</output_file>
   <entry_point>
      <name>_c_int00_noargs</name>
      <address>0x2d69</address>
   </entry_point>
   <input_file_list>
      <input_file id="fl-2">
         <path>.\</path>
         <kind>object</kind>
         <file>COMMONCLOCKS.obj</file>
         <name>COMMONCLOCKS.obj</name>
      </input_file>
      <input_file id="fl-3">
         <path>.\</path>
         <kind>object</kind>
         <file>main.obj</file>
         <name>main.obj</name>
      </input_file>
      <input_file id="fl-4">
         <path>.\</path>
         <kind>object</kind>
         <file>startup_msp432p401r_ccs.obj</file>
         <name>startup_msp432p401r_ccs.obj</name>
      </input_file>
      <input_file id="fl-5">
         <path>.\</path>
         <kind>object</kind>
         <file>system_msp432p401r.obj</file>
         <name>system_msp432p401r.obj</name>
      </input_file>
      <input_file id="fl-a">
         <kind>object</kind>
         <file>&lt;internal&gt;</file>
         <name>&lt;internal&gt;</name>
      </input_file>
      <input_file id="fl-c0">
         <path>C:\ti\ccsv8\tools\compiler\ti-cgt-arm_18.1.3.LTS\lib\</path>
         <kind>archive</kind>
         <file>rtsv7M4_T_le_v4SPD16_eabi.lib</file>
         <name>copy_zero_init.c.obj</name>
      </input_file>
      <input_file id="fl-c1">
         <path>C:\ti\ccsv8\tools\compiler\ti-cgt-arm_18.1.3.LTS\lib\</path>
         <kind>archive</kind>
         <file>rtsv7M4_T_le_v4SPD16_eabi.lib</file>
         <name>copy_decompress_none.c.obj</name>
      </input_file>
      <input_file id="fl-c2">
         <path>C:\ti\ccsv8\tools\compiler\ti-cgt-arm_18.1.3.LTS\lib\</path>
         <kind>archive</kind>
         <file>rtsv7M4_T_le_v4SPD16_eabi.lib</file>
         <name>copy_decompress_lzss.c.obj</name>
      </input_file>
      <input_file id="fl-c3">
         <path>C:\ti\ccsv8\tools\compiler\ti-cgt-arm_18.1.3.LTS\lib\</path>
         <kind>archive</kind>
         <file>rtsv7M4_T_le_v4SPD16_eabi.lib</file>
         <name>printf.c.obj</name>
      </input_file>
      <input_file id="fl-c4">
         <path>C:\ti\ccsv8\tools\compiler\ti-cgt-arm_18.1.3.LTS\lib\</path>
         <kind>archive</kind>
         <file>rtsv7M4_T_le_v4SPD16_eabi.lib</file>
         <name>boot_cortex_m.c.obj</name>
      </input_file>
      <input_file id="fl-c5">
         <path>C:\ti\ccsv8\tools\compiler\ti-cgt-arm_18.1.3.LTS\lib\</path>
         <kind>archive</kind>
         <file>rtsv7M4_T_le_v4SPD16_eabi.lib</file>
         <name>memset_t2.asm.obj</name>
      </input_file>
      <input_file id="fl-c6">
         <path>C:\ti\ccsv8\tools\compiler\ti-cgt-arm_18.1.3.LTS\lib\</path>
         <kind>archive</kind>
         <file>rtsv7M4_T_le_v4SPD16_eabi.lib</file>
         <name>memcpy_t2.asm.obj</name>
      </input_file>
      <input_file id="fl-c7">
         <path>C:\ti\ccsv8\tools\compiler\ti-cgt-arm_18.1.3.LTS\lib\</path>
         <kind>archive</kind>
         <file>rtsv7M4_T_le_v4SPD16_eabi.lib</file>
         <name>autoinit.c.obj</name>
      </input_file>
      <input_file id="fl-c8">
         <path>C:\ti\ccsv8\tools\compiler\ti-cgt-arm_18.1.3.LTS\lib\</path>
         <kind>archive</kind>
         <file>rtsv7M4_T_le_v4SPD16_eabi.lib</file>
         <name>pre_init.c.obj</name>
      </input_file>
      <input_file id="fl-c9">
         <path>C:\ti\ccsv8\tools\compiler\ti-cgt-arm_18.1.3.LTS\lib\</path>
         <kind>archive</kind>
         <file>rtsv7M4_T_le_v4SPD16_eabi.lib</file>
         <name>cpy_tbl.c.obj</name>
      </input_file>
      <input_file id="fl-ca">
         <path>C:\ti\ccsv8\tools\compiler\ti-cgt-arm_18.1.3.LTS\lib\</path>
         <kind>archive</kind>
         <file>rtsv7M4_T_le_v4SPD16_eabi.lib</file>
         <name>exit.c.obj</name>
      </input_file>
      <input_file id="fl-cb">
         <path>C:\ti\ccsv8\tools\compiler\ti-cgt-arm_18.1.3.LTS\lib\</path>
         <kind>archive</kind>
         <file>rtsv7M4_T_le_v4SPD16_eabi.lib</file>
         <name>_lock.c.obj</name>
      </input_file>
      <input_file id="fl-cc">
         <path>C:\ti\ccsv8\tools\compiler\ti-cgt-arm_18.1.3.LTS\lib\</path>
         <kind>archive</kind>
         <file>rtsv7M4_T_le_v4SPD16_eabi.lib</file>
         <name>_printfi.c.obj</name>
      </input_file>
      <input_file id="fl-cd">
         <path>C:\ti\ccsv8\tools\compiler\ti-cgt-arm_18.1.3.LTS\lib\</path>
         <kind>archive</kind>
         <file>rtsv7M4_T_le_v4SPD16_eabi.lib</file>
         <name>args_main.c.obj</name>
      </input_file>
      <input_file id="fl-ce">
         <path>C:\ti\ccsv8\tools\compiler\ti-cgt-arm_18.1.3.LTS\lib\</path>
         <kind>archive</kind>
         <file>rtsv7M4_T_le_v4SPD16_eabi.lib</file>
         <name>atoi.c.obj</name>
      </input_file>
      <input_file id="fl-cf">
         <path>C:\ti\ccsv8\tools\compiler\ti-cgt-arm_18.1.3.LTS\lib\</path>
         <kind>archive</kind>
         <file>rtsv7M4_T_le_v4SPD16_eabi.lib</file>
         <name>ctype.c.obj</name>
      </input_file>
      <input_file id="fl-d0">
         <path>C:\ti\ccsv8\tools\compiler\ti-cgt-arm_18.1.3.LTS\lib\</path>
         <kind>archive</kind>
         <file>rtsv7M4_T_le_v4SPD16_eabi.lib</file>
         <name>defs.c.obj</name>
      </input_file>
      <input_file id="fl-d1">
         <path>C:\ti\ccsv8\tools\compiler\ti-cgt-arm_18.1.3.LTS\lib\</path>
         <kind>archive</kind>
         <file>rtsv7M4_T_le_v4SPD16_eabi.lib</file>
         <name>fputc.c.obj</name>
      </input_file>
      <input_file id="fl-d2">
         <path>C:\ti\ccsv8\tools\compiler\ti-cgt-arm_18.1.3.LTS\lib\</path>
         <kind>archive</kind>
         <file>rtsv7M4_T_le_v4SPD16_eabi.lib</file>
         <name>fputs.c.obj</name>
      </input_file>
      <input_file id="fl-d3">
         <path>C:\ti\ccsv8\tools\compiler\ti-cgt-arm_18.1.3.LTS\lib\</path>
         <kind>archive</kind>
         <file>rtsv7M4_T_le_v4SPD16_eabi.lib</file>
         <name>ltoa.c.obj</name>
      </input_file>
      <input_file id="fl-d4">
         <path>C:\ti\ccsv8\tools\compiler\ti-cgt-arm_18.1.3.LTS\lib\</path>
         <kind>archive</kind>
         <file>rtsv7M4_T_le_v4SPD16_eabi.lib</file>
         <name>memccpy.c.obj</name>
      </input_file>
      <input_file id="fl-d5">
         <path>C:\ti\ccsv8\tools\compiler\ti-cgt-arm_18.1.3.LTS\lib\</path>
         <kind>archive</kind>
         <file>rtsv7M4_T_le_v4SPD16_eabi.lib</file>
         <name>memchr.c.obj</name>
      </input_file>
      <input_file id="fl-d6">
         <path>C:\ti\ccsv8\tools\compiler\ti-cgt-arm_18.1.3.LTS\lib\</path>
         <kind>archive</kind>
         <file>rtsv7M4_T_le_v4SPD16_eabi.lib</file>
         <name>strchr.c.obj</name>
      </input_file>
      <input_file id="fl-d7">
         <path>C:\ti\ccsv8\tools\compiler\ti-cgt-arm_18.1.3.LTS\lib\</path>
         <kind>archive</kind>
         <file>rtsv7M4_T_le_v4SPD16_eabi.lib</file>
         <name>strlen.c.obj</name>
      </input_file>
      <input_file id="fl-d8">
         <path>C:\ti\ccsv8\tools\compiler\ti-cgt-arm_18.1.3.LTS\lib\</path>
         <kind>archive</kind>
         <file>rtsv7M4_T_le_v4SPD16_eabi.lib</file>
         <name>write.c.obj</name>
      </input_file>
      <input_file id="fl-d9">
         <path>C:\ti\ccsv8\tools\compiler\ti-cgt-arm_18.1.3.LTS\lib\</path>
         <kind>archive</kind>
         <file>rtsv7M4_T_le_v4SPD16_eabi.lib</file>
         <name>errno.c.obj</name>
      </input_file>
      <input_file id="fl-da">
         <path>C:\ti\ccsv8\tools\compiler\ti-cgt-arm_18.1.3.LTS\lib\</path>
         <kind>archive</kind>
         <file>rtsv7M4_T_le_v4SPD16_eabi.lib</file>
         <name>s_frexp.c.obj</name>
      </input_file>
      <input_file id="fl-db">
         <path>C:\ti\ccsv8\tools\compiler\ti-cgt-arm_18.1.3.LTS\lib\</path>
         <kind>archive</kind>
         <file>rtsv7M4_T_le_v4SPD16_eabi.lib</file>
         <name>s_scalbn.c.obj</name>
      </input_file>
      <input_file id="fl-dc">
         <path>C:\ti\ccsv8\tools\compiler\ti-cgt-arm_18.1.3.LTS\lib\</path>
         <kind>archive</kind>
         <file>rtsv7M4_T_le_v4SPD16_eabi.lib</file>
         <name>wcslen.c.obj</name>
      </input_file>
      <input_file id="fl-dd">
         <path>C:\ti\ccsv8\tools\compiler\ti-cgt-arm_18.1.3.LTS\lib\</path>
         <kind>archive</kind>
         <file>rtsv7M4_T_le_v4SPD16_eabi.lib</file>
         <name>s_copysign.c.obj</name>
      </input_file>
      <input_file id="fl-de">
         <path>C:\ti\ccsv8\tools\compiler\ti-cgt-arm_18.1.3.LTS\lib\</path>
         <kind>archive</kind>
         <file>rtsv7M4_T_le_v4SPD16_eabi.lib</file>
         <name>ull_div_t2.asm.obj</name>
      </input_file>
      <input_file id="fl-df">
         <path>C:\ti\ccsv8\tools\compiler\ti-cgt-arm_18.1.3.LTS\lib\</path>
         <kind>archive</kind>
         <file>rtsv7M4_T_le_v4SPD16_eabi.lib</file>
         <name>fd_add_t2.asm.obj</name>
      </input_file>
      <input_file id="fl-e0">
         <path>C:\ti\ccsv8\tools\compiler\ti-cgt-arm_18.1.3.LTS\lib\</path>
         <kind>archive</kind>
         <file>rtsv7M4_T_le_v4SPD16_eabi.lib</file>
         <name>fd_cmp_t2.asm.obj</name>
      </input_file>
      <input_file id="fl-e1">
         <path>C:\ti\ccsv8\tools\compiler\ti-cgt-arm_18.1.3.LTS\lib\</path>
         <kind>archive</kind>
         <file>rtsv7M4_T_le_v4SPD16_eabi.lib</file>
         <name>fd_div_t2.asm.obj</name>
      </input_file>
      <input_file id="fl-e2">
         <path>C:\ti\ccsv8\tools\compiler\ti-cgt-arm_18.1.3.LTS\lib\</path>
         <kind>archive</kind>
         <file>rtsv7M4_T_le_v4SPD16_eabi.lib</file>
         <name>fd_mul_t2.asm.obj</name>
      </input_file>
      <input_file id="fl-e3">
         <path>C:\ti\ccsv8\tools\compiler\ti-cgt-arm_18.1.3.LTS\lib\</path>
         <kind>archive</kind>
         <file>rtsv7M4_T_le_v4SPD16_eabi.lib</file>
         <name>fd_toi_t2.asm.obj</name>
      </input_file>
      <input_file id="fl-e4">
         <path>C:\ti\ccsv8\tools\compiler\ti-cgt-arm_18.1.3.LTS\lib\</path>
         <kind>archive</kind>
         <file>rtsv7M4_T_le_v4SPD16_eabi.lib</file>
         <name>i_tofd_t2.asm.obj</name>
      </input_file>
      <input_file id="fl-e5">
         <path>C:\ti\ccsv8\tools\compiler\ti-cgt-arm_18.1.3.LTS\lib\</path>
         <kind>archive</kind>
         <file>rtsv7M4_T_le_v4SPD16_eabi.lib</file>
         <name>_io_perm.c.obj</name>
      </input_file>
      <input_file id="fl-e6">
         <path>C:\ti\ccsv8\tools\compiler\ti-cgt-arm_18.1.3.LTS\lib\</path>
         <kind>archive</kind>
         <file>rtsv7M4_T_le_v4SPD16_eabi.lib</file>
         <name>fflush.c.obj</name>
      </input_file>
      <input_file id="fl-e7">
         <path>C:\ti\ccsv8\tools\compiler\ti-cgt-arm_18.1.3.LTS\lib\</path>
         <kind>archive</kind>
         <file>rtsv7M4_T_le_v4SPD16_eabi.lib</file>
         <name>fseek.c.obj</name>
      </input_file>
      <input_file id="fl-e8">
         <path>C:\ti\ccsv8\tools\compiler\ti-cgt-arm_18.1.3.LTS\lib\</path>
         <kind>archive</kind>
         <file>rtsv7M4_T_le_v4SPD16_eabi.lib</file>
         <name>lseek.c.obj</name>
      </input_file>
      <input_file id="fl-e9">
         <path>C:\ti\ccsv8\tools\compiler\ti-cgt-arm_18.1.3.LTS\lib\</path>
         <kind>archive</kind>
         <file>rtsv7M4_T_le_v4SPD16_eabi.lib</file>
         <name>setvbuf.c.obj</name>
      </input_file>
      <input_file id="fl-ea">
         <path>C:\ti\ccsv8\tools\compiler\ti-cgt-arm_18.1.3.LTS\lib\</path>
         <kind>archive</kind>
         <file>rtsv7M4_T_le_v4SPD16_eabi.lib</file>
         <name>hostclose.c.obj</name>
      </input_file>
      <input_file id="fl-eb">
         <path>C:\ti\ccsv8\tools\compiler\ti-cgt-arm_18.1.3.LTS\lib\</path>
         <kind>archive</kind>
         <file>rtsv7M4_T_le_v4SPD16_eabi.lib</file>
         <name>hostlseek.c.obj</name>
      </input_file>
      <input_file id="fl-ec">
         <path>C:\ti\ccsv8\tools\compiler\ti-cgt-arm_18.1.3.LTS\lib\</path>
         <kind>archive</kind>
         <file>rtsv7M4_T_le_v4SPD16_eabi.lib</file>
         <name>hostopen.c.obj</name>
      </input_file>
      <input_file id="fl-ed">
         <path>C:\ti\ccsv8\tools\compiler\ti-cgt-arm_18.1.3.LTS\lib\</path>
         <kind>archive</kind>
         <file>rtsv7M4_T_le_v4SPD16_eabi.lib</file>
         <name>hostread.c.obj</name>
      </input_file>
      <input_file id="fl-ee">
         <path>C:\ti\ccsv8\tools\compiler\ti-cgt-arm_18.1.3.LTS\lib\</path>
         <kind>archive</kind>
         <file>rtsv7M4_T_le_v4SPD16_eabi.lib</file>
         <name>hostrename.c.obj</name>
      </input_file>
      <input_file id="fl-ef">
         <path>C:\ti\ccsv8\tools\compiler\ti-cgt-arm_18.1.3.LTS\lib\</path>
         <kind>archive</kind>
         <file>rtsv7M4_T_le_v4SPD16_eabi.lib</file>
         <name>hostunlink.c.obj</name>
      </input_file>
      <input_file id="fl-f0">
         <path>C:\ti\ccsv8\tools\compiler\ti-cgt-arm_18.1.3.LTS\lib\</path>
         <kind>archive</kind>
         <file>rtsv7M4_T_le_v4SPD16_eabi.lib</file>
         <name>hostwrite.c.obj</name>
      </input_file>
      <input_file id="fl-f1">
         <path>C:\ti\ccsv8\tools\compiler\ti-cgt-arm_18.1.3.LTS\lib\</path>
         <kind>archive</kind>
         <file>rtsv7M4_T_le_v4SPD16_eabi.lib</file>
         <name>trgmsg.c.obj</name>
      </input_file>
      <input_file id="fl-f2">
         <path>C:\ti\ccsv8\tools\compiler\ti-cgt-arm_18.1.3.LTS\lib\</path>
         <kind>archive</kind>
         <file>rtsv7M4_T_le_v4SPD16_eabi.lib</file>
         <name>div0.asm.obj</name>
      </input_file>
      <input_file id="fl-f3">
         <path>C:\ti\ccsv8\tools\compiler\ti-cgt-arm_18.1.3.LTS\lib\</path>
         <kind>archive</kind>
         <file>rtsv7M4_T_le_v4SPD16_eabi.lib</file>
         <name>memory.c.obj</name>
      </input_file>
      <input_file id="fl-f4">
         <path>C:\ti\ccsv8\tools\compiler\ti-cgt-arm_18.1.3.LTS\lib\</path>
         <kind>archive</kind>
         <file>rtsv7M4_T_le_v4SPD16_eabi.lib</file>
         <name>fopen.c.obj</name>
      </input_file>
      <input_file id="fl-f5">
         <path>C:\ti\ccsv8\tools\compiler\ti-cgt-arm_18.1.3.LTS\lib\</path>
         <kind>archive</kind>
         <file>rtsv7M4_T_le_v4SPD16_eabi.lib</file>
         <name>open.c.obj</name>
      </input_file>
      <input_file id="fl-f6">
         <path>C:\ti\ccsv8\tools\compiler\ti-cgt-arm_18.1.3.LTS\lib\</path>
         <kind>archive</kind>
         <file>rtsv7M4_T_le_v4SPD16_eabi.lib</file>
         <name>strcpy.c.obj</name>
      </input_file>
      <input_file id="fl-f7">
         <path>C:\ti\ccsv8\tools\compiler\ti-cgt-arm_18.1.3.LTS\lib\</path>
         <kind>archive</kind>
         <file>rtsv7M4_T_le_v4SPD16_eabi.lib</file>
         <name>fclose.c.obj</name>
      </input_file>
      <input_file id="fl-f8">
         <path>C:\ti\ccsv8\tools\compiler\ti-cgt-arm_18.1.3.LTS\lib\</path>
         <kind>archive</kind>
         <file>rtsv7M4_T_le_v4SPD16_eabi.lib</file>
         <name>getdevice.c.obj</name>
      </input_file>
      <input_file id="fl-f9">
         <path>C:\ti\ccsv8\tools\compiler\ti-cgt-arm_18.1.3.LTS\lib\</path>
         <kind>archive</kind>
         <file>rtsv7M4_T_le_v4SPD16_eabi.lib</file>
         <name>remove.c.obj</name>
      </input_file>
      <input_file id="fl-fa">
         <path>C:\ti\ccsv8\tools\compiler\ti-cgt-arm_18.1.3.LTS\lib\</path>
         <kind>archive</kind>
         <file>rtsv7M4_T_le_v4SPD16_eabi.lib</file>
         <name>strcmp.c.obj</name>
      </input_file>
      <input_file id="fl-fb">
         <path>C:\ti\ccsv8\tools\compiler\ti-cgt-arm_18.1.3.LTS\lib\</path>
         <kind>archive</kind>
         <file>rtsv7M4_T_le_v4SPD16_eabi.lib</file>
         <name>strncpy.c.obj</name>
      </input_file>
      <input_file id="fl-fc">
         <path>C:\ti\ccsv8\tools\compiler\ti-cgt-arm_18.1.3.LTS\lib\</path>
         <kind>archive</kind>
         <file>rtsv7M4_T_le_v4SPD16_eabi.lib</file>
         <name>unlink.c.obj</name>
      </input_file>
      <input_file id="fl-fd">
         <path>C:\ti\ccsv8\tools\compiler\ti-cgt-arm_18.1.3.LTS\lib\</path>
         <kind>archive</kind>
         <file>rtsv7M4_T_le_v4SPD16_eabi.lib</file>
         <name>close.c.obj</name>
      </input_file>
   </input_file_list>
   <object_component_list>
      <object_component id="oc-1f">
         <name>.intvecs:retain</name>
         <load_address>0x0</load_address>
         <run_address>0x0</run_address>
         <size>0x140</size>
         <input_file_ref idref="fl-4"/>
      </object_component>
      <object_component id="oc-142">
         <name>.text:__TI_printfi</name>
         <load_address>0x140</load_address>
         <run_address>0x140</run_address>
         <size>0xa5e</size>
         <input_file_ref idref="fl-cc"/>
      </object_component>
      <object_component id="oc-1e7">
         <name>.text:_nop</name>
         <load_address>0xb9e</load_address>
         <run_address>0xb9e</run_address>
         <size>0x2</size>
         <input_file_ref idref="fl-cb"/>
      </object_component>
      <object_component id="oc-a5">
         <name>.text</name>
         <load_address>0xba0</load_address>
         <run_address>0xba0</run_address>
         <size>0x328</size>
         <input_file_ref idref="fl-5"/>
      </object_component>
      <object_component id="oc-1c3">
         <name>.text:_pconv_a</name>
         <load_address>0xec8</load_address>
         <run_address>0xec8</run_address>
         <size>0x270</size>
         <input_file_ref idref="fl-cc"/>
      </object_component>
      <object_component id="oc-93">
         <name>.text</name>
         <load_address>0x1138</load_address>
         <run_address>0x1138</run_address>
         <size>0x250</size>
         <input_file_ref idref="fl-3"/>
      </object_component>
      <object_component id="oc-1b1">
         <name>.text:_pconv_g</name>
         <load_address>0x1388</load_address>
         <run_address>0x1388</run_address>
         <size>0x1d0</size>
         <input_file_ref idref="fl-cc"/>
      </object_component>
      <object_component id="oc-24e">
         <name>.text</name>
         <load_address>0x1558</load_address>
         <run_address>0x1558</run_address>
         <size>0x1b6</size>
         <input_file_ref idref="fl-df"/>
      </object_component>
      <object_component id="oc-2d4">
         <name>.text</name>
         <load_address>0x170e</load_address>
         <run_address>0x170e</run_address>
         <size>0x2</size>
         <input_file_ref idref="fl-f2"/>
      </object_component>
      <object_component id="oc-1bd">
         <name>.text:_pconv_e</name>
         <load_address>0x1710</load_address>
         <run_address>0x1710</run_address>
         <size>0x13c</size>
         <input_file_ref idref="fl-cc"/>
      </object_component>
      <object_component id="oc-234">
         <name>.text</name>
         <load_address>0x184c</load_address>
         <run_address>0x184c</run_address>
         <size>0x136</size>
         <input_file_ref idref="fl-e1"/>
      </object_component>
      <object_component id="oc-260">
         <name>.text:fcvt</name>
         <load_address>0x1984</load_address>
         <run_address>0x1984</run_address>
         <size>0x120</size>
         <input_file_ref idref="fl-cc"/>
      </object_component>
      <object_component id="oc-1f5">
         <name>.text:fputs</name>
         <load_address>0x1aa4</load_address>
         <run_address>0x1aa4</run_address>
         <size>0x114</size>
         <input_file_ref idref="fl-d2"/>
      </object_component>
      <object_component id="oc-274">
         <name>.text:scalbn</name>
         <load_address>0x1bb8</load_address>
         <run_address>0x1bb8</run_address>
         <size>0x110</size>
         <input_file_ref idref="fl-db"/>
      </object_component>
      <object_component id="oc-22f">
         <name>.text</name>
         <load_address>0x1cc8</load_address>
         <run_address>0x1cc8</run_address>
         <size>0xfc</size>
         <input_file_ref idref="fl-e2"/>
      </object_component>
      <object_component id="oc-30f">
         <name>.text:setvbuf</name>
         <load_address>0x1dc4</load_address>
         <run_address>0x1dc4</run_address>
         <size>0xdc</size>
         <input_file_ref idref="fl-e9"/>
      </object_component>
      <object_component id="oc-33d">
         <name>.text:free</name>
         <load_address>0x1ea0</load_address>
         <run_address>0x1ea0</run_address>
         <size>0xd8</size>
         <input_file_ref idref="fl-f3"/>
      </object_component>
      <object_component id="oc-1a6">
         <name>.text:_ltostr</name>
         <load_address>0x1f78</load_address>
         <run_address>0x1f78</run_address>
         <size>0xb1</size>
         <input_file_ref idref="fl-cc"/>
      </object_component>
      <object_component id="oc-33">
         <name>.text</name>
         <load_address>0x202a</load_address>
         <run_address>0x202a</run_address>
         <size>0x9c</size>
         <input_file_ref idref="fl-c6"/>
      </object_component>
      <object_component id="oc-228">
         <name>.text</name>
         <load_address>0x20c6</load_address>
         <run_address>0x20c6</run_address>
         <size>0x96</size>
         <input_file_ref idref="fl-de"/>
      </object_component>
      <object_component id="oc-1fc">
         <name>.text:fputc</name>
         <load_address>0x215c</load_address>
         <run_address>0x215c</run_address>
         <size>0x8c</size>
         <input_file_ref idref="fl-d1"/>
      </object_component>
      <object_component id="oc-1ac">
         <name>.text:__aeabi_cdcmple</name>
         <load_address>0x21e8</load_address>
         <run_address>0x21e8</run_address>
         <size>0x86</size>
         <input_file_ref idref="fl-e0"/>
      </object_component>
      <object_component id="oc-239">
         <name>.text:__aeabi_cdrcmple</name>
         <load_address>0x226e</load_address>
         <run_address>0x226e</run_address>
         <size>0x86</size>
         <input_file_ref idref="fl-e0"/>
      </object_component>
      <object_component id="oc-cf">
         <name>.text</name>
         <load_address>0x22f4</load_address>
         <run_address>0x22f4</run_address>
         <size>0x7c</size>
         <input_file_ref idref="fl-2"/>
      </object_component>
      <object_component id="oc-87">
         <name>.text</name>
         <load_address>0x2370</load_address>
         <run_address>0x2370</run_address>
         <size>0x7a</size>
         <input_file_ref idref="fl-c5"/>
      </object_component>
      <object_component id="oc-343">
         <name>.text:malloc</name>
         <load_address>0x23ec</load_address>
         <run_address>0x23ec</run_address>
         <size>0x78</size>
         <input_file_ref idref="fl-f3"/>
      </object_component>
      <object_component id="oc-388">
         <name>.text:__TI_closefile</name>
         <load_address>0x2464</load_address>
         <run_address>0x2464</run_address>
         <size>0x74</size>
         <input_file_ref idref="fl-f7"/>
      </object_component>
      <object_component id="oc-259">
         <name>.text:_mcpy</name>
         <load_address>0x24d8</load_address>
         <run_address>0x24d8</run_address>
         <size>0x6e</size>
         <input_file_ref idref="fl-cc"/>
      </object_component>
      <object_component id="oc-3ac">
         <name>.text:HOSTlseek</name>
         <load_address>0x2548</load_address>
         <run_address>0x2548</run_address>
         <size>0x68</size>
         <input_file_ref idref="fl-eb"/>
      </object_component>
      <object_component id="oc-3b8">
         <name>.text:HOSTrename</name>
         <load_address>0x25b0</load_address>
         <run_address>0x25b0</run_address>
         <size>0x68</size>
         <input_file_ref idref="fl-ee"/>
      </object_component>
      <object_component id="oc-10">
         <name>.text:decompress:lzss:__TI_decompress_lzss</name>
         <load_address>0x2618</load_address>
         <run_address>0x2618</run_address>
         <size>0x68</size>
         <input_file_ref idref="fl-c2"/>
      </object_component>
      <object_component id="oc-d5">
         <name>.text:printf</name>
         <load_address>0x2680</load_address>
         <run_address>0x2680</run_address>
         <size>0x68</size>
         <input_file_ref idref="fl-c3"/>
      </object_component>
      <object_component id="oc-26e">
         <name>.text:frexp</name>
         <load_address>0x26e8</load_address>
         <run_address>0x26e8</run_address>
         <size>0x64</size>
         <input_file_ref idref="fl-da"/>
      </object_component>
      <object_component id="oc-309">
         <name>.text:fseek</name>
         <load_address>0x274c</load_address>
         <run_address>0x274c</run_address>
         <size>0x64</size>
         <input_file_ref idref="fl-e7"/>
      </object_component>
      <object_component id="oc-2a5">
         <name>.text:__TI_wrt_ok</name>
         <load_address>0x27b0</load_address>
         <run_address>0x27b0</run_address>
         <size>0x62</size>
         <input_file_ref idref="fl-e5"/>
      </object_component>
      <object_component id="oc-394">
         <name>.text:HOSTopen</name>
         <load_address>0x2814</load_address>
         <run_address>0x2814</run_address>
         <size>0x60</size>
         <input_file_ref idref="fl-ec"/>
      </object_component>
      <object_component id="oc-3c7">
         <name>.text:close</name>
         <load_address>0x2874</load_address>
         <run_address>0x2874</run_address>
         <size>0x5c</size>
         <input_file_ref idref="fl-fd"/>
      </object_component>
      <object_component id="oc-3a0">
         <name>.text:HOSTread</name>
         <load_address>0x28d0</load_address>
         <run_address>0x28d0</run_address>
         <size>0x58</size>
         <input_file_ref idref="fl-ed"/>
      </object_component>
      <object_component id="oc-3a6">
         <name>.text:HOSTwrite</name>
         <load_address>0x2928</load_address>
         <run_address>0x2928</run_address>
         <size>0x58</size>
         <input_file_ref idref="fl-f0"/>
      </object_component>
      <object_component id="oc-1b7">
         <name>.text:_pconv_f</name>
         <load_address>0x2980</load_address>
         <run_address>0x2980</run_address>
         <size>0x56</size>
         <input_file_ref idref="fl-cc"/>
      </object_component>
      <object_component id="oc-243">
         <name>.text:ltoa</name>
         <load_address>0x29d6</load_address>
         <run_address>0x29d6</run_address>
         <size>0x54</size>
         <input_file_ref idref="fl-d3"/>
      </object_component>
      <object_component id="oc-253">
         <name>.text:_ecpy</name>
         <load_address>0x2a2a</load_address>
         <run_address>0x2a2a</run_address>
         <size>0x52</size>
         <input_file_ref idref="fl-cc"/>
      </object_component>
      <object_component id="oc-2b1">
         <name>.text:__TI_doflush</name>
         <load_address>0x2a7c</load_address>
         <run_address>0x2a7c</run_address>
         <size>0x4c</size>
         <input_file_ref idref="fl-e6"/>
      </object_component>
      <object_component id="oc-1a0">
         <name>.text:atoi</name>
         <load_address>0x2ac8</load_address>
         <run_address>0x2ac8</run_address>
         <size>0x4c</size>
         <input_file_ref idref="fl-ce"/>
      </object_component>
      <object_component id="oc-ff">
         <name>.text:exit</name>
         <load_address>0x2b14</load_address>
         <run_address>0x2b14</run_address>
         <size>0x48</size>
         <input_file_ref idref="fl-ca"/>
      </object_component>
      <object_component id="oc-23e">
         <name>.text</name>
         <load_address>0x2b5c</load_address>
         <run_address>0x2b5c</run_address>
         <size>0x48</size>
         <input_file_ref idref="fl-e3"/>
      </object_component>
      <object_component id="oc-39a">
         <name>.text:HOSTclose</name>
         <load_address>0x2ba4</load_address>
         <run_address>0x2ba4</run_address>
         <size>0x44</size>
         <input_file_ref idref="fl-ea"/>
      </object_component>
      <object_component id="oc-3b2">
         <name>.text:HOSTunlink</name>
         <load_address>0x2be8</load_address>
         <run_address>0x2be8</run_address>
         <size>0x44</size>
         <input_file_ref idref="fl-ef"/>
      </object_component>
      <object_component id="oc-105">
         <name>.text:__TI_auto_init_nobinit_nopinit:__TI_auto_init_nobinit_nopinit</name>
         <load_address>0x2c2c</load_address>
         <run_address>0x2c2c</run_address>
         <size>0x44</size>
         <input_file_ref idref="fl-c7"/>
      </object_component>
      <object_component id="oc-3fc">
         <name>.text:getdevice</name>
         <load_address>0x2c70</load_address>
         <run_address>0x2c70</run_address>
         <size>0x44</size>
         <input_file_ref idref="fl-f8"/>
      </object_component>
      <object_component id="oc-266">
         <name>.text:_fcpy</name>
         <load_address>0x2cb4</load_address>
         <run_address>0x2cb4</run_address>
         <size>0x3e</size>
         <input_file_ref idref="fl-cc"/>
      </object_component>
      <object_component id="oc-37d">
         <name>.text:minsert</name>
         <load_address>0x2cf4</load_address>
         <run_address>0x2cf4</run_address>
         <size>0x3c</size>
         <input_file_ref idref="fl-f3"/>
      </object_component>
      <object_component id="oc-3d8">
         <name>.text:__TI_writemsg</name>
         <load_address>0x2d30</load_address>
         <run_address>0x2d30</run_address>
         <size>0x38</size>
         <input_file_ref idref="fl-f1"/>
      </object_component>
      <object_component id="oc-51">
         <name>.text:_c_int00_noargs:_c_int00_noargs</name>
         <load_address>0x2d68</load_address>
         <run_address>0x2d68</run_address>
         <size>0x38</size>
         <input_file_ref idref="fl-c4"/>
      </object_component>
      <object_component id="oc-371">
         <name>.text:minit</name>
         <load_address>0x2da0</load_address>
         <run_address>0x2da0</run_address>
         <size>0x38</size>
         <input_file_ref idref="fl-f3"/>
      </object_component>
      <object_component id="oc-41e">
         <name>.text:strncpy</name>
         <load_address>0x2dd8</load_address>
         <run_address>0x2dd8</run_address>
         <size>0x36</size>
         <input_file_ref idref="fl-fb"/>
      </object_component>
      <object_component id="oc-349">
         <name>.text:__TI_cleanup</name>
         <load_address>0x2e10</load_address>
         <run_address>0x2e10</run_address>
         <size>0x34</size>
         <input_file_ref idref="fl-f4"/>
      </object_component>
      <object_component id="oc-3de">
         <name>.text:__TI_readmsg</name>
         <load_address>0x2e44</load_address>
         <run_address>0x2e44</run_address>
         <size>0x34</size>
         <input_file_ref idref="fl-f1"/>
      </object_component>
      <object_component id="oc-424">
         <name>.text:finddevice</name>
         <load_address>0x2e78</load_address>
         <run_address>0x2e78</run_address>
         <size>0x30</size>
         <input_file_ref idref="fl-f8"/>
      </object_component>
      <object_component id="oc-249">
         <name>.text</name>
         <load_address>0x2ea8</load_address>
         <run_address>0x2ea8</run_address>
         <size>0x2e</size>
         <input_file_ref idref="fl-e4"/>
      </object_component>
      <object_component id="oc-3cd">
         <name>.text:unlink</name>
         <load_address>0x2ed8</load_address>
         <run_address>0x2ed8</run_address>
         <size>0x2c</size>
         <input_file_ref idref="fl-fc"/>
      </object_component>
      <object_component id="oc-335">
         <name>.text:lseek</name>
         <load_address>0x2f04</load_address>
         <run_address>0x2f04</run_address>
         <size>0x28</size>
         <input_file_ref idref="fl-e8"/>
      </object_component>
      <object_component id="oc-377">
         <name>.text:mremove</name>
         <load_address>0x2f2c</load_address>
         <run_address>0x2f2c</run_address>
         <size>0x28</size>
         <input_file_ref idref="fl-f3"/>
      </object_component>
      <object_component id="oc-2b7">
         <name>.text:write</name>
         <load_address>0x2f54</load_address>
         <run_address>0x2f54</run_address>
         <size>0x28</size>
         <input_file_ref idref="fl-d8"/>
      </object_component>
      <object_component id="oc-2ab">
         <name>.text:memchr</name>
         <load_address>0x2f7c</load_address>
         <run_address>0x2f7c</run_address>
         <size>0x20</size>
         <input_file_ref idref="fl-d5"/>
      </object_component>
      <object_component id="oc-1c9">
         <name>.text:memccpy</name>
         <load_address>0x2f9c</load_address>
         <run_address>0x2f9c</run_address>
         <size>0x1c</size>
         <input_file_ref idref="fl-d4"/>
      </object_component>
      <object_component id="oc-43b">
         <name>.text:strcmp</name>
         <load_address>0x2fb8</load_address>
         <run_address>0x2fb8</run_address>
         <size>0x18</size>
         <input_file_ref idref="fl-fa"/>
      </object_component>
      <object_component id="oc-27a">
         <name>.text:strchr</name>
         <load_address>0x2fd0</load_address>
         <run_address>0x2fd0</run_address>
         <size>0x16</size>
         <input_file_ref idref="fl-d6"/>
      </object_component>
      <object_component id="oc-2ed">
         <name>.text:copysign</name>
         <load_address>0x2fe6</load_address>
         <run_address>0x2fe6</run_address>
         <size>0x14</size>
         <input_file_ref idref="fl-dd"/>
      </object_component>
      <object_component id="oc-3f2">
         <name>.text:strcpy</name>
         <load_address>0x2ffa</load_address>
         <run_address>0x2ffa</run_address>
         <size>0x14</size>
         <input_file_ref idref="fl-f6"/>
      </object_component>
      <object_component id="oc-19a">
         <name>.text:strlen</name>
         <load_address>0x300e</load_address>
         <run_address>0x300e</run_address>
         <size>0x14</size>
         <input_file_ref idref="fl-d7"/>
      </object_component>
      <object_component id="oc-3f">
         <name>.text:decompress:ZI:__TI_zero_init_nomemset:__TI_zero_init_nomemset</name>
         <load_address>0x3022</load_address>
         <run_address>0x3022</run_address>
         <size>0x12</size>
         <input_file_ref idref="fl-c0"/>
      </object_component>
      <object_component id="oc-63">
         <name>.text</name>
         <load_address>0x3034</load_address>
         <run_address>0x3034</run_address>
         <size>0x12</size>
         <input_file_ref idref="fl-4"/>
      </object_component>
      <object_component id="oc-1cf">
         <name>.text:wcslen</name>
         <load_address>0x3046</load_address>
         <run_address>0x3046</run_address>
         <size>0x12</size>
         <input_file_ref idref="fl-dc"/>
      </object_component>
      <object_component id="oc-16">
         <name>.text:decompress:none:__TI_decompress_none</name>
         <load_address>0x3058</load_address>
         <run_address>0x3058</run_address>
         <size>0xe</size>
         <input_file_ref idref="fl-c1"/>
      </object_component>
      <object_component id="oc-1d5">
         <name>.text:__aeabi_errno_addr</name>
         <load_address>0x3068</load_address>
         <run_address>0x3068</run_address>
         <size>0x8</size>
         <input_file_ref idref="fl-d9"/>
      </object_component>
      <object_component id="oc-154">
         <name>.text:_outc</name>
         <load_address>0x3070</load_address>
         <run_address>0x3070</run_address>
         <size>0x4</size>
         <input_file_ref idref="fl-c3"/>
      </object_component>
      <object_component id="oc-14e">
         <name>.text:_outs</name>
         <load_address>0x3074</load_address>
         <run_address>0x3074</run_address>
         <size>0x4</size>
         <input_file_ref idref="fl-c3"/>
      </object_component>
      <object_component id="oc-8d">
         <name>.text:_system_pre_init</name>
         <load_address>0x3078</load_address>
         <run_address>0x3078</run_address>
         <size>0x4</size>
         <input_file_ref idref="fl-c8"/>
      </object_component>
      <object_component id="oc-f9">
         <name>.text:abort:abort</name>
         <load_address>0x307c</load_address>
         <run_address>0x307c</run_address>
         <size>0x4</size>
         <input_file_ref idref="fl-ca"/>
      </object_component>
      <object_component id="oc-223">
         <name>.const:.string:_ctypes_</name>
         <load_address>0x3080</load_address>
         <run_address>0x3080</run_address>
         <size>0x101</size>
         <input_file_ref idref="fl-cf"/>
      </object_component>
      <object_component id="oc-474">
         <name>.cinit..data.load</name>
         <load_address>0x3188</load_address>
         <run_address>0x3188</run_address>
         <size>0xcd</size>
      </object_component>
      <object_component id="oc-472">
         <name>__TI_handler_table</name>
         <load_address>0x3258</load_address>
         <run_address>0x3258</run_address>
         <size>0xc</size>
      </object_component>
      <object_component id="oc-475">
         <name>.cinit..bss.load</name>
         <load_address>0x3268</load_address>
         <run_address>0x3268</run_address>
         <size>0x8</size>
      </object_component>
      <object_component id="oc-473">
         <name>__TI_cinit_table</name>
         <load_address>0x3270</load_address>
         <run_address>0x3270</run_address>
         <size>0x10</size>
      </object_component>
      <object_component id="oc-db">
         <name>.data</name>
         <load_address>0x20000a38</load_address>
         <run_address>0x20000a38</run_address>
         <size>0x10</size>
         <input_file_ref idref="fl-3"/>
      </object_component>
      <object_component id="oc-de">
         <name>.data:savedData1</name>
         <load_address>0x200009b8</load_address>
         <run_address>0x200009b8</run_address>
         <size>0x19</size>
         <input_file_ref idref="fl-3"/>
      </object_component>
      <object_component id="oc-e1">
         <name>.data:savedData2</name>
         <load_address>0x200009d1</load_address>
         <run_address>0x200009d1</run_address>
         <size>0x19</size>
         <input_file_ref idref="fl-3"/>
      </object_component>
      <object_component id="oc-e4">
         <name>.data:savedData3</name>
         <load_address>0x200009ea</load_address>
         <run_address>0x200009ea</run_address>
         <size>0x19</size>
         <input_file_ref idref="fl-3"/>
      </object_component>
      <object_component id="oc-e7">
         <name>.data:savedData4</name>
         <load_address>0x20000a03</load_address>
         <run_address>0x20000a03</run_address>
         <size>0x19</size>
         <input_file_ref idref="fl-3"/>
      </object_component>
      <object_component id="oc-ea">
         <name>.data:savedData5</name>
         <load_address>0x20000a1c</load_address>
         <run_address>0x20000a1c</run_address>
         <size>0x19</size>
         <input_file_ref idref="fl-3"/>
      </object_component>
      <object_component id="oc-137">
         <name>.data</name>
         <load_address>0x20000a7c</load_address>
         <run_address>0x20000a7c</run_address>
         <size>0x4</size>
         <input_file_ref idref="fl-5"/>
      </object_component>
      <object_component id="oc-17a">
         <name>.data:$O1$$</name>
         <load_address>0x20000a58</load_address>
         <run_address>0x20000a58</run_address>
         <size>0xc</size>
         <input_file_ref idref="fl-ca"/>
      </object_component>
      <object_component id="oc-148">
         <name>.data:$O1$$</name>
         <load_address>0x20000a70</load_address>
         <run_address>0x20000a70</run_address>
         <size>0x8</size>
         <input_file_ref idref="fl-cb"/>
      </object_component>
      <object_component id="oc-14b">
         <name>.data:_ftable</name>
         <load_address>0x20000800</load_address>
         <run_address>0x20000800</run_address>
         <size>0xf0</size>
         <input_file_ref idref="fl-d0"/>
      </object_component>
      <object_component id="oc-38e">
         <name>.data</name>
         <load_address>0x20000a48</load_address>
         <run_address>0x20000a48</run_address>
         <size>0x10</size>
         <input_file_ref idref="fl-d0"/>
      </object_component>
      <object_component id="oc-35c">
         <name>.data:_device</name>
         <load_address>0x200008f0</load_address>
         <run_address>0x200008f0</run_address>
         <size>0x78</size>
         <input_file_ref idref="fl-d8"/>
      </object_component>
      <object_component id="oc-31b">
         <name>.data:_stream</name>
         <load_address>0x20000968</load_address>
         <run_address>0x20000968</run_address>
         <size>0x50</size>
         <input_file_ref idref="fl-d8"/>
      </object_component>
      <object_component id="oc-28a">
         <name>.data</name>
         <load_address>0x20000a78</load_address>
         <run_address>0x20000a78</run_address>
         <size>0x4</size>
         <input_file_ref idref="fl-d9"/>
      </object_component>
      <object_component id="oc-383">
         <name>.data:$O1$$</name>
         <load_address>0x20000a64</load_address>
         <run_address>0x20000a64</run_address>
         <size>0xc</size>
         <input_file_ref idref="fl-f3"/>
      </object_component>
      <object_component id="oc-406">
         <name>.bss:_CIOBUF_</name>
         <uninitialized>true</uninitialized>
         <run_address>0x20000a80</run_address>
         <size>0x120</size>
         <input_file_ref idref="fl-f1"/>
      </object_component>
      <object_component id="oc-3d3">
         <name>.common:__TI_tmpnams</name>
         <uninitialized>true</uninitialized>
         <run_address>0x20000ba0</run_address>
         <size>0xa0</size>
      </object_component>
      <object_component id="oc-3e4">
         <name>.common:parmbuf</name>
         <uninitialized>true</uninitialized>
         <run_address>0x20000c40</run_address>
         <size>0x8</size>
      </object_component>
      <object_component id="oc-25">
         <name>.sysmem</name>
         <uninitialized>true</uninitialized>
         <run_address>0x20000000</run_address>
         <size>0x8</size>
         <input_file_ref idref="fl-f3"/>
      </object_component>
      <object_component id="oc-477">
         <name>.sysmem</name>
         <uninitialized>true</uninitialized>
         <run_address>0x20000000</run_address>
         <size>0x0</size>
      </object_component>
      <object_component id="oc-22">
         <name>.stack</name>
         <uninitialized>true</uninitialized>
         <run_address>0x2000fe00</run_address>
         <size>0x4</size>
         <input_file_ref idref="fl-c4"/>
      </object_component>
      <object_component id="oc-476">
         <name>.stack</name>
         <uninitialized>true</uninitialized>
         <run_address>0x2000fe00</run_address>
         <size>0x0</size>
      </object_component>
      <object_component id="oc-140">
         <name>.debug_info</name>
         <load_address>0x0</load_address>
         <run_address>0x0</run_address>
         <size>0x56e</size>
         <input_file_ref idref="fl-2"/>
      </object_component>
      <object_component id="oc-d0">
         <name>.debug_info</name>
         <load_address>0x56e</load_address>
         <run_address>0x56e</run_address>
         <size>0x3fd</size>
         <input_file_ref idref="fl-2"/>
      </object_component>
      <object_component id="oc-174">
         <name>.debug_info</name>
         <load_address>0x96b</load_address>
         <run_address>0x96b</run_address>
         <size>0x1055</size>
         <input_file_ref idref="fl-2"/>
      </object_component>
      <object_component id="oc-ae">
         <name>.debug_info</name>
         <load_address>0x19c0</load_address>
         <run_address>0x19c0</run_address>
         <size>0x26b</size>
         <input_file_ref idref="fl-2"/>
      </object_component>
      <object_component id="oc-16f">
         <name>.debug_info</name>
         <load_address>0x1c2b</load_address>
         <run_address>0x1c2b</run_address>
         <size>0x37e2</size>
         <input_file_ref idref="fl-2"/>
      </object_component>
      <object_component id="oc-2e">
         <name>.debug_info</name>
         <load_address>0x540d</load_address>
         <run_address>0x540d</run_address>
         <size>0x84</size>
         <input_file_ref idref="fl-2"/>
      </object_component>
      <object_component id="oc-13b">
         <name>.debug_info</name>
         <load_address>0x5491</load_address>
         <run_address>0x5491</run_address>
         <size>0x297</size>
         <input_file_ref idref="fl-2"/>
      </object_component>
      <object_component id="oc-f4">
         <name>.debug_info</name>
         <load_address>0x5728</load_address>
         <run_address>0x5728</run_address>
         <size>0xbb</size>
         <input_file_ref idref="fl-2"/>
      </object_component>
      <object_component id="oc-15c">
         <name>.debug_info</name>
         <load_address>0x57e3</load_address>
         <run_address>0x57e3</run_address>
         <size>0x2c</size>
         <input_file_ref idref="fl-2"/>
      </object_component>
      <object_component id="oc-f3">
         <name>.debug_info</name>
         <load_address>0x580f</load_address>
         <run_address>0x580f</run_address>
         <size>0x61d</size>
         <input_file_ref idref="fl-3"/>
      </object_component>
      <object_component id="oc-dc">
         <name>.debug_info</name>
         <load_address>0x5e2c</load_address>
         <run_address>0x5e2c</run_address>
         <size>0x17f</size>
         <input_file_ref idref="fl-3"/>
      </object_component>
      <object_component id="oc-df">
         <name>.debug_info</name>
         <load_address>0x5fab</load_address>
         <run_address>0x5fab</run_address>
         <size>0xd8</size>
         <input_file_ref idref="fl-3"/>
      </object_component>
      <object_component id="oc-e2">
         <name>.debug_info</name>
         <load_address>0x6083</load_address>
         <run_address>0x6083</run_address>
         <size>0xd8</size>
         <input_file_ref idref="fl-3"/>
      </object_component>
      <object_component id="oc-e5">
         <name>.debug_info</name>
         <load_address>0x615b</load_address>
         <run_address>0x615b</run_address>
         <size>0xd8</size>
         <input_file_ref idref="fl-3"/>
      </object_component>
      <object_component id="oc-e8">
         <name>.debug_info</name>
         <load_address>0x6233</load_address>
         <run_address>0x6233</run_address>
         <size>0xd8</size>
         <input_file_ref idref="fl-3"/>
      </object_component>
      <object_component id="oc-eb">
         <name>.debug_info</name>
         <load_address>0x630b</load_address>
         <run_address>0x630b</run_address>
         <size>0xd8</size>
         <input_file_ref idref="fl-3"/>
      </object_component>
      <object_component id="oc-94">
         <name>.debug_info</name>
         <load_address>0x63e3</load_address>
         <run_address>0x63e3</run_address>
         <size>0x25e</size>
         <input_file_ref idref="fl-3"/>
      </object_component>
      <object_component id="oc-ee">
         <name>.debug_info</name>
         <load_address>0x6641</load_address>
         <run_address>0x6641</run_address>
         <size>0x8b</size>
         <input_file_ref idref="fl-3"/>
      </object_component>
      <object_component id="oc-6b">
         <name>.debug_info</name>
         <load_address>0x66cc</load_address>
         <run_address>0x66cc</run_address>
         <size>0x2cc</size>
         <input_file_ref idref="fl-4"/>
      </object_component>
      <object_component id="oc-20">
         <name>.debug_info</name>
         <load_address>0x6998</load_address>
         <run_address>0x6998</run_address>
         <size>0xf7</size>
         <input_file_ref idref="fl-4"/>
      </object_component>
      <object_component id="oc-64">
         <name>.debug_info</name>
         <load_address>0x6a8f</load_address>
         <run_address>0x6a8f</run_address>
         <size>0x25e</size>
         <input_file_ref idref="fl-4"/>
      </object_component>
      <object_component id="oc-138">
         <name>.debug_info</name>
         <load_address>0x6ced</load_address>
         <run_address>0x6ced</run_address>
         <size>0xf0</size>
         <input_file_ref idref="fl-5"/>
      </object_component>
      <object_component id="oc-a6">
         <name>.debug_info</name>
         <load_address>0x6ddd</load_address>
         <run_address>0x6ddd</run_address>
         <size>0x262</size>
         <input_file_ref idref="fl-5"/>
      </object_component>
      <object_component id="oc-86">
         <name>.debug_info</name>
         <load_address>0x703f</load_address>
         <run_address>0x703f</run_address>
         <size>0x313</size>
         <input_file_ref idref="fl-c0"/>
      </object_component>
      <object_component id="oc-40">
         <name>.debug_info</name>
         <load_address>0x7352</load_address>
         <run_address>0x7352</run_address>
         <size>0x1b4</size>
         <input_file_ref idref="fl-c0"/>
      </object_component>
      <object_component id="oc-81">
         <name>.debug_info</name>
         <load_address>0x7506</load_address>
         <run_address>0x7506</run_address>
         <size>0x46</size>
         <input_file_ref idref="fl-c0"/>
      </object_component>
      <object_component id="oc-c6">
         <name>.debug_info</name>
         <load_address>0x754c</load_address>
         <run_address>0x754c</run_address>
         <size>0x2c</size>
         <input_file_ref idref="fl-c0"/>
      </object_component>
      <object_component id="oc-3e">
         <name>.debug_info</name>
         <load_address>0x7578</load_address>
         <run_address>0x7578</run_address>
         <size>0x29d</size>
         <input_file_ref idref="fl-c1"/>
      </object_component>
      <object_component id="oc-18">
         <name>.debug_info</name>
         <load_address>0x7815</load_address>
         <run_address>0x7815</run_address>
         <size>0x1df</size>
         <input_file_ref idref="fl-c1"/>
      </object_component>
      <object_component id="oc-39">
         <name>.debug_info</name>
         <load_address>0x79f4</load_address>
         <run_address>0x79f4</run_address>
         <size>0x46</size>
         <input_file_ref idref="fl-c1"/>
      </object_component>
      <object_component id="oc-79">
         <name>.debug_info</name>
         <load_address>0x7a3a</load_address>
         <run_address>0x7a3a</run_address>
         <size>0x2c</size>
         <input_file_ref idref="fl-c1"/>
      </object_component>
      <object_component id="oc-77">
         <name>.debug_info</name>
         <load_address>0x7a66</load_address>
         <run_address>0x7a66</run_address>
         <size>0x293</size>
         <input_file_ref idref="fl-c2"/>
      </object_component>
      <object_component id="oc-13">
         <name>.debug_info</name>
         <load_address>0x7cf9</load_address>
         <run_address>0x7cf9</run_address>
         <size>0x245</size>
         <input_file_ref idref="fl-c2"/>
      </object_component>
      <object_component id="oc-29">
         <name>.debug_info</name>
         <load_address>0x7f3e</load_address>
         <run_address>0x7f3e</run_address>
         <size>0x60</size>
         <input_file_ref idref="fl-c2"/>
      </object_component>
      <object_component id="oc-bf">
         <name>.debug_info</name>
         <load_address>0x7f9e</load_address>
         <run_address>0x7f9e</run_address>
         <size>0x46</size>
         <input_file_ref idref="fl-c2"/>
      </object_component>
      <object_component id="oc-72">
         <name>.debug_info</name>
         <load_address>0x7fe4</load_address>
         <run_address>0x7fe4</run_address>
         <size>0x39</size>
         <input_file_ref idref="fl-c2"/>
      </object_component>
      <object_component id="oc-15b">
         <name>.debug_info</name>
         <load_address>0x801d</load_address>
         <run_address>0x801d</run_address>
         <size>0x3da</size>
         <input_file_ref idref="fl-c3"/>
      </object_component>
      <object_component id="oc-156">
         <name>.debug_info</name>
         <load_address>0x83f7</load_address>
         <run_address>0x83f7</run_address>
         <size>0x14c</size>
         <input_file_ref idref="fl-c3"/>
      </object_component>
      <object_component id="oc-150">
         <name>.debug_info</name>
         <load_address>0x8543</load_address>
         <run_address>0x8543</run_address>
         <size>0x15b</size>
         <input_file_ref idref="fl-c3"/>
      </object_component>
      <object_component id="oc-d7">
         <name>.debug_info</name>
         <load_address>0x869e</load_address>
         <run_address>0x869e</run_address>
         <size>0x1a1</size>
         <input_file_ref idref="fl-c3"/>
      </object_component>
      <object_component id="oc-205">
         <name>.debug_info</name>
         <load_address>0x883f</load_address>
         <run_address>0x883f</run_address>
         <size>0xb2</size>
         <input_file_ref idref="fl-c3"/>
      </object_component>
      <object_component id="oc-23">
         <name>.debug_info</name>
         <load_address>0x88f1</load_address>
         <run_address>0x88f1</run_address>
         <size>0x100</size>
         <input_file_ref idref="fl-c4"/>
      </object_component>
      <object_component id="oc-54">
         <name>.debug_info</name>
         <load_address>0x89f1</load_address>
         <run_address>0x89f1</run_address>
         <size>0x1a4</size>
         <input_file_ref idref="fl-c4"/>
      </object_component>
      <object_component id="oc-89">
         <name>.debug_info</name>
         <load_address>0x8b95</load_address>
         <run_address>0x8b95</run_address>
         <size>0x13f</size>
         <input_file_ref idref="fl-c5"/>
      </object_component>
      <object_component id="oc-35">
         <name>.debug_info</name>
         <load_address>0x8cd4</load_address>
         <run_address>0x8cd4</run_address>
         <size>0x111</size>
         <input_file_ref idref="fl-c6"/>
      </object_component>
      <object_component id="oc-181">
         <name>.debug_info</name>
         <load_address>0x8de5</load_address>
         <run_address>0x8de5</run_address>
         <size>0x547</size>
         <input_file_ref idref="fl-c7"/>
      </object_component>
      <object_component id="oc-108">
         <name>.debug_info</name>
         <load_address>0x932c</load_address>
         <run_address>0x932c</run_address>
         <size>0x19b</size>
         <input_file_ref idref="fl-c7"/>
      </object_component>
      <object_component id="oc-210">
         <name>.debug_info</name>
         <load_address>0x94c7</load_address>
         <run_address>0x94c7</run_address>
         <size>0x39</size>
         <input_file_ref idref="fl-c7"/>
      </object_component>
      <object_component id="oc-2c1">
         <name>.debug_info</name>
         <load_address>0x9500</load_address>
         <run_address>0x9500</run_address>
         <size>0x39</size>
         <input_file_ref idref="fl-c7"/>
      </object_component>
      <object_component id="oc-215">
         <name>.debug_info</name>
         <load_address>0x9539</load_address>
         <run_address>0x9539</run_address>
         <size>0x39</size>
         <input_file_ref idref="fl-c7"/>
      </object_component>
      <object_component id="oc-21a">
         <name>.debug_info</name>
         <load_address>0x9572</load_address>
         <run_address>0x9572</run_address>
         <size>0xcd</size>
         <input_file_ref idref="fl-c7"/>
      </object_component>
      <object_component id="oc-8f">
         <name>.debug_info</name>
         <load_address>0x963f</load_address>
         <run_address>0x963f</run_address>
         <size>0x148</size>
         <input_file_ref idref="fl-c8"/>
      </object_component>
      <object_component id="oc-17e">
         <name>.debug_info</name>
         <load_address>0x9787</load_address>
         <run_address>0x9787</run_address>
         <size>0x3a2</size>
         <input_file_ref idref="fl-ca"/>
      </object_component>
      <object_component id="oc-17b">
         <name>.debug_info</name>
         <load_address>0x9b29</load_address>
         <run_address>0x9b29</run_address>
         <size>0x185</size>
         <input_file_ref idref="fl-ca"/>
      </object_component>
      <object_component id="oc-fb">
         <name>.debug_info</name>
         <load_address>0x9cae</load_address>
         <run_address>0x9cae</run_address>
         <size>0x117</size>
         <input_file_ref idref="fl-ca"/>
      </object_component>
      <object_component id="oc-101">
         <name>.debug_info</name>
         <load_address>0x9dc5</load_address>
         <run_address>0x9dc5</run_address>
         <size>0x179</size>
         <input_file_ref idref="fl-ca"/>
      </object_component>
      <object_component id="oc-1ef">
         <name>.debug_info</name>
         <load_address>0x9f3e</load_address>
         <run_address>0x9f3e</run_address>
         <size>0x2be</size>
         <input_file_ref idref="fl-cb"/>
      </object_component>
      <object_component id="oc-149">
         <name>.debug_info</name>
         <load_address>0xa1fc</load_address>
         <run_address>0xa1fc</run_address>
         <size>0x113</size>
         <input_file_ref idref="fl-cb"/>
      </object_component>
      <object_component id="oc-1ea">
         <name>.debug_info</name>
         <load_address>0xa30f</load_address>
         <run_address>0xa30f</run_address>
         <size>0x123</size>
         <input_file_ref idref="fl-cb"/>
      </object_component>
      <object_component id="oc-1dc">
         <name>.debug_info</name>
         <load_address>0xa432</load_address>
         <run_address>0xa432</run_address>
         <size>0x8a6</size>
         <input_file_ref idref="fl-cc"/>
      </object_component>
      <object_component id="oc-1a8">
         <name>.debug_info</name>
         <load_address>0xacd8</load_address>
         <run_address>0xacd8</run_address>
         <size>0x213</size>
         <input_file_ref idref="fl-cc"/>
      </object_component>
      <object_component id="oc-255">
         <name>.debug_info</name>
         <load_address>0xaeeb</load_address>
         <run_address>0xaeeb</run_address>
         <size>0x1a8</size>
         <input_file_ref idref="fl-cc"/>
      </object_component>
      <object_component id="oc-25b">
         <name>.debug_info</name>
         <load_address>0xb093</load_address>
         <run_address>0xb093</run_address>
         <size>0x210</size>
         <input_file_ref idref="fl-cc"/>
      </object_component>
      <object_component id="oc-1b3">
         <name>.debug_info</name>
         <load_address>0xb2a3</load_address>
         <run_address>0xb2a3</run_address>
         <size>0x3b0</size>
         <input_file_ref idref="fl-cc"/>
      </object_component>
      <object_component id="oc-262">
         <name>.debug_info</name>
         <load_address>0xb653</load_address>
         <run_address>0xb653</run_address>
         <size>0x2fa</size>
         <input_file_ref idref="fl-cc"/>
      </object_component>
      <object_component id="oc-268">
         <name>.debug_info</name>
         <load_address>0xb94d</load_address>
         <run_address>0xb94d</run_address>
         <size>0x20a</size>
         <input_file_ref idref="fl-cc"/>
      </object_component>
      <object_component id="oc-1b9">
         <name>.debug_info</name>
         <load_address>0xbb57</load_address>
         <run_address>0xbb57</run_address>
         <size>0x20a</size>
         <input_file_ref idref="fl-cc"/>
      </object_component>
      <object_component id="oc-1bf">
         <name>.debug_info</name>
         <load_address>0xbd61</load_address>
         <run_address>0xbd61</run_address>
         <size>0x2f9</size>
         <input_file_ref idref="fl-cc"/>
      </object_component>
      <object_component id="oc-1c5">
         <name>.debug_info</name>
         <load_address>0xc05a</load_address>
         <run_address>0xc05a</run_address>
         <size>0x4a5</size>
         <input_file_ref idref="fl-cc"/>
      </object_component>
      <object_component id="oc-144">
         <name>.debug_info</name>
         <load_address>0xc4ff</load_address>
         <run_address>0xc4ff</run_address>
         <size>0x5cd</size>
         <input_file_ref idref="fl-cc"/>
      </object_component>
      <object_component id="oc-1dd">
         <name>.debug_info</name>
         <load_address>0xcacc</load_address>
         <run_address>0xcacc</run_address>
         <size>0x86</size>
         <input_file_ref idref="fl-cc"/>
      </object_component>
      <object_component id="oc-296">
         <name>.debug_info</name>
         <load_address>0xcb52</load_address>
         <run_address>0xcb52</run_address>
         <size>0x39</size>
         <input_file_ref idref="fl-cc"/>
      </object_component>
      <object_component id="oc-304">
         <name>.debug_info</name>
         <load_address>0xcb8b</load_address>
         <run_address>0xcb8b</run_address>
         <size>0xb6</size>
         <input_file_ref idref="fl-cc"/>
      </object_component>
      <object_component id="oc-29b">
         <name>.debug_info</name>
         <load_address>0xcc41</load_address>
         <run_address>0xcc41</run_address>
         <size>0x46</size>
         <input_file_ref idref="fl-cc"/>
      </object_component>
      <object_component id="oc-1e2">
         <name>.debug_info</name>
         <load_address>0xcc87</load_address>
         <run_address>0xcc87</run_address>
         <size>0x46</size>
         <input_file_ref idref="fl-cc"/>
      </object_component>
      <object_component id="oc-291">
         <name>.debug_info</name>
         <load_address>0xcccd</load_address>
         <run_address>0xcccd</run_address>
         <size>0x2c</size>
         <input_file_ref idref="fl-cc"/>
      </object_component>
      <object_component id="oc-227">
         <name>.debug_info</name>
         <load_address>0xccf9</load_address>
         <run_address>0xccf9</run_address>
         <size>0x2ae</size>
         <input_file_ref idref="fl-ce"/>
      </object_component>
      <object_component id="oc-1a1">
         <name>.debug_info</name>
         <load_address>0xcfa7</load_address>
         <run_address>0xcfa7</run_address>
         <size>0x171</size>
         <input_file_ref idref="fl-ce"/>
      </object_component>
      <object_component id="oc-2d1">
         <name>.debug_info</name>
         <load_address>0xd118</load_address>
         <run_address>0xd118</run_address>
         <size>0xee</size>
         <input_file_ref idref="fl-cf"/>
      </object_component>
      <object_component id="oc-224">
         <name>.debug_info</name>
         <load_address>0xd206</load_address>
         <run_address>0xd206</run_address>
         <size>0xfa</size>
         <input_file_ref idref="fl-cf"/>
      </object_component>
      <object_component id="oc-1f3">
         <name>.debug_info</name>
         <load_address>0xd300</load_address>
         <run_address>0xd300</run_address>
         <size>0x139</size>
         <input_file_ref idref="fl-d0"/>
      </object_component>
      <object_component id="oc-14c">
         <name>.debug_info</name>
         <load_address>0xd439</load_address>
         <run_address>0xd439</run_address>
         <size>0xf7</size>
         <input_file_ref idref="fl-d0"/>
      </object_component>
      <object_component id="oc-38f">
         <name>.debug_info</name>
         <load_address>0xd530</load_address>
         <run_address>0xd530</run_address>
         <size>0x184</size>
         <input_file_ref idref="fl-d0"/>
      </object_component>
      <object_component id="oc-2c0">
         <name>.debug_info</name>
         <load_address>0xd6b4</load_address>
         <run_address>0xd6b4</run_address>
         <size>0x378</size>
         <input_file_ref idref="fl-d1"/>
      </object_component>
      <object_component id="oc-1fd">
         <name>.debug_info</name>
         <load_address>0xda2c</load_address>
         <run_address>0xda2c</run_address>
         <size>0x1df</size>
         <input_file_ref idref="fl-d1"/>
      </object_component>
      <object_component id="oc-2be">
         <name>.debug_info</name>
         <load_address>0xdc0b</load_address>
         <run_address>0xdc0b</run_address>
         <size>0x3f1</size>
         <input_file_ref idref="fl-d2"/>
      </object_component>
      <object_component id="oc-1f6">
         <name>.debug_info</name>
         <load_address>0xdffc</load_address>
         <run_address>0xdffc</run_address>
         <size>0x2d7</size>
         <input_file_ref idref="fl-d2"/>
      </object_component>
      <object_component id="oc-2df">
         <name>.debug_info</name>
         <load_address>0xe2d3</load_address>
         <run_address>0xe2d3</run_address>
         <size>0x290</size>
         <input_file_ref idref="fl-d3"/>
      </object_component>
      <object_component id="oc-244">
         <name>.debug_info</name>
         <load_address>0xe563</load_address>
         <run_address>0xe563</run_address>
         <size>0x1c2</size>
         <input_file_ref idref="fl-d3"/>
      </object_component>
      <object_component id="oc-282">
         <name>.debug_info</name>
         <load_address>0xe725</load_address>
         <run_address>0xe725</run_address>
         <size>0x28b</size>
         <input_file_ref idref="fl-d4"/>
      </object_component>
      <object_component id="oc-1ca">
         <name>.debug_info</name>
         <load_address>0xe9b0</load_address>
         <run_address>0xe9b0</run_address>
         <size>0x1ab</size>
         <input_file_ref idref="fl-d4"/>
      </object_component>
      <object_component id="oc-318">
         <name>.debug_info</name>
         <load_address>0xeb5b</load_address>
         <run_address>0xeb5b</run_address>
         <size>0x29a</size>
         <input_file_ref idref="fl-d5"/>
      </object_component>
      <object_component id="oc-2ae">
         <name>.debug_info</name>
         <load_address>0xedf5</load_address>
         <run_address>0xedf5</run_address>
         <size>0x242</size>
         <input_file_ref idref="fl-d5"/>
      </object_component>
      <object_component id="oc-2f6">
         <name>.debug_info</name>
         <load_address>0xf037</load_address>
         <run_address>0xf037</run_address>
         <size>0x28f</size>
         <input_file_ref idref="fl-d6"/>
      </object_component>
      <object_component id="oc-27e">
         <name>.debug_info</name>
         <load_address>0xf2c6</load_address>
         <run_address>0xf2c6</run_address>
         <size>0x247</size>
         <input_file_ref idref="fl-d6"/>
      </object_component>
      <object_component id="oc-222">
         <name>.debug_info</name>
         <load_address>0xf50d</load_address>
         <run_address>0xf50d</run_address>
         <size>0x284</size>
         <input_file_ref idref="fl-d7"/>
      </object_component>
      <object_component id="oc-19b">
         <name>.debug_info</name>
         <load_address>0xf791</load_address>
         <run_address>0xf791</run_address>
         <size>0x22a</size>
         <input_file_ref idref="fl-d7"/>
      </object_component>
      <object_component id="oc-31f">
         <name>.debug_info</name>
         <load_address>0xf9bb</load_address>
         <run_address>0xf9bb</run_address>
         <size>0x4c5</size>
         <input_file_ref idref="fl-d8"/>
      </object_component>
      <object_component id="oc-35d">
         <name>.debug_info</name>
         <load_address>0xfe80</load_address>
         <run_address>0xfe80</run_address>
         <size>0xf8</size>
         <input_file_ref idref="fl-d8"/>
      </object_component>
      <object_component id="oc-31c">
         <name>.debug_info</name>
         <load_address>0xff78</load_address>
         <run_address>0xff78</run_address>
         <size>0xf8</size>
         <input_file_ref idref="fl-d8"/>
      </object_component>
      <object_component id="oc-2b8">
         <name>.debug_info</name>
         <load_address>0x10070</load_address>
         <run_address>0x10070</run_address>
         <size>0x184</size>
         <input_file_ref idref="fl-d8"/>
      </object_component>
      <object_component id="oc-363">
         <name>.debug_info</name>
         <load_address>0x101f4</load_address>
         <run_address>0x101f4</run_address>
         <size>0x120</size>
         <input_file_ref idref="fl-d8"/>
      </object_component>
      <object_component id="oc-368">
         <name>.debug_info</name>
         <load_address>0x10314</load_address>
         <run_address>0x10314</run_address>
         <size>0x2c</size>
         <input_file_ref idref="fl-d8"/>
      </object_component>
      <object_component id="oc-28e">
         <name>.debug_info</name>
         <load_address>0x10340</load_address>
         <run_address>0x10340</run_address>
         <size>0x27e</size>
         <input_file_ref idref="fl-d9"/>
      </object_component>
      <object_component id="oc-28b">
         <name>.debug_info</name>
         <load_address>0x105be</load_address>
         <run_address>0x105be</run_address>
         <size>0x103</size>
         <input_file_ref idref="fl-d9"/>
      </object_component>
      <object_component id="oc-1d7">
         <name>.debug_info</name>
         <load_address>0x106c1</load_address>
         <run_address>0x106c1</run_address>
         <size>0x143</size>
         <input_file_ref idref="fl-d9"/>
      </object_component>
      <object_component id="oc-2e7">
         <name>.debug_info</name>
         <load_address>0x10804</load_address>
         <run_address>0x10804</run_address>
         <size>0x28f</size>
         <input_file_ref idref="fl-da"/>
      </object_component>
      <object_component id="oc-26f">
         <name>.debug_info</name>
         <load_address>0x10a93</load_address>
         <run_address>0x10a93</run_address>
         <size>0x18a</size>
         <input_file_ref idref="fl-da"/>
      </object_component>
      <object_component id="oc-32b">
         <name>.debug_info</name>
         <load_address>0x10c1d</load_address>
         <run_address>0x10c1d</run_address>
         <size>0x39</size>
         <input_file_ref idref="fl-da"/>
      </object_component>
      <object_component id="oc-2e8">
         <name>.debug_info</name>
         <load_address>0x10c56</load_address>
         <run_address>0x10c56</run_address>
         <size>0x2c</size>
         <input_file_ref idref="fl-da"/>
      </object_component>
      <object_component id="oc-2f4">
         <name>.debug_info</name>
         <load_address>0x10c82</load_address>
         <run_address>0x10c82</run_address>
         <size>0x2f2</size>
         <input_file_ref idref="fl-db"/>
      </object_component>
      <object_component id="oc-275">
         <name>.debug_info</name>
         <load_address>0x10f74</load_address>
         <run_address>0x10f74</run_address>
         <size>0x21a</size>
         <input_file_ref idref="fl-db"/>
      </object_component>
      <object_component id="oc-289">
         <name>.debug_info</name>
         <load_address>0x1118e</load_address>
         <run_address>0x1118e</run_address>
         <size>0x284</size>
         <input_file_ref idref="fl-dc"/>
      </object_component>
      <object_component id="oc-1d0">
         <name>.debug_info</name>
         <load_address>0x11412</load_address>
         <run_address>0x11412</run_address>
         <size>0x14f</size>
         <input_file_ref idref="fl-dc"/>
      </object_component>
      <object_component id="oc-2f9">
         <name>.debug_info</name>
         <load_address>0x11561</load_address>
         <run_address>0x11561</run_address>
         <size>0x46</size>
         <input_file_ref idref="fl-dc"/>
      </object_component>
      <object_component id="oc-284">
         <name>.debug_info</name>
         <load_address>0x115a7</load_address>
         <run_address>0x115a7</run_address>
         <size>0x39</size>
         <input_file_ref idref="fl-dc"/>
      </object_component>
      <object_component id="oc-2ee">
         <name>.debug_info</name>
         <load_address>0x115e0</load_address>
         <run_address>0x115e0</run_address>
         <size>0x156</size>
         <input_file_ref idref="fl-dd"/>
      </object_component>
      <object_component id="oc-22b">
         <name>.debug_info</name>
         <load_address>0x11736</load_address>
         <run_address>0x11736</run_address>
         <size>0x12c</size>
         <input_file_ref idref="fl-de"/>
      </object_component>
      <object_component id="oc-250">
         <name>.debug_info</name>
         <load_address>0x11862</load_address>
         <run_address>0x11862</run_address>
         <size>0x144</size>
         <input_file_ref idref="fl-df"/>
      </object_component>
      <object_component id="oc-1ae">
         <name>.debug_info</name>
         <load_address>0x119a6</load_address>
         <run_address>0x119a6</run_address>
         <size>0x120</size>
         <input_file_ref idref="fl-e0"/>
      </object_component>
      <object_component id="oc-23c">
         <name>.debug_info</name>
         <load_address>0x11ac6</load_address>
         <run_address>0x11ac6</run_address>
         <size>0x122</size>
         <input_file_ref idref="fl-e0"/>
      </object_component>
      <object_component id="oc-237">
         <name>.debug_info</name>
         <load_address>0x11be8</load_address>
         <run_address>0x11be8</run_address>
         <size>0x132</size>
         <input_file_ref idref="fl-e1"/>
      </object_component>
      <object_component id="oc-231">
         <name>.debug_info</name>
         <load_address>0x11d1a</load_address>
         <run_address>0x11d1a</run_address>
         <size>0x132</size>
         <input_file_ref idref="fl-e2"/>
      </object_component>
      <object_component id="oc-240">
         <name>.debug_info</name>
         <load_address>0x11e4c</load_address>
         <run_address>0x11e4c</run_address>
         <size>0x126</size>
         <input_file_ref idref="fl-e3"/>
      </object_component>
      <object_component id="oc-24a">
         <name>.debug_info</name>
         <load_address>0x11f72</load_address>
         <run_address>0x11f72</run_address>
         <size>0x124</size>
         <input_file_ref idref="fl-e4"/>
      </object_component>
      <object_component id="oc-316">
         <name>.debug_info</name>
         <load_address>0x12096</load_address>
         <run_address>0x12096</run_address>
         <size>0x2f5</size>
         <input_file_ref idref="fl-e5"/>
      </object_component>
      <object_component id="oc-2a6">
         <name>.debug_info</name>
         <load_address>0x1238b</load_address>
         <run_address>0x1238b</run_address>
         <size>0x191</size>
         <input_file_ref idref="fl-e5"/>
      </object_component>
      <object_component id="oc-351">
         <name>.debug_info</name>
         <load_address>0x1251c</load_address>
         <run_address>0x1251c</run_address>
         <size>0xbf</size>
         <input_file_ref idref="fl-e5"/>
      </object_component>
      <object_component id="oc-31a">
         <name>.debug_info</name>
         <load_address>0x125db</load_address>
         <run_address>0x125db</run_address>
         <size>0x33c</size>
         <input_file_ref idref="fl-e6"/>
      </object_component>
      <object_component id="oc-2b2">
         <name>.debug_info</name>
         <load_address>0x12917</load_address>
         <run_address>0x12917</run_address>
         <size>0x17f</size>
         <input_file_ref idref="fl-e6"/>
      </object_component>
      <object_component id="oc-33c">
         <name>.debug_info</name>
         <load_address>0x12a96</load_address>
         <run_address>0x12a96</run_address>
         <size>0x319</size>
         <input_file_ref idref="fl-e7"/>
      </object_component>
      <object_component id="oc-30a">
         <name>.debug_info</name>
         <load_address>0x12daf</load_address>
         <run_address>0x12daf</run_address>
         <size>0x1e1</size>
         <input_file_ref idref="fl-e7"/>
      </object_component>
      <object_component id="oc-36e">
         <name>.debug_info</name>
         <load_address>0x12f90</load_address>
         <run_address>0x12f90</run_address>
         <size>0x38c</size>
         <input_file_ref idref="fl-e8"/>
      </object_component>
      <object_component id="oc-336">
         <name>.debug_info</name>
         <load_address>0x1331c</load_address>
         <run_address>0x1331c</run_address>
         <size>0x18a</size>
         <input_file_ref idref="fl-e8"/>
      </object_component>
      <object_component id="oc-350">
         <name>.debug_info</name>
         <load_address>0x134a6</load_address>
         <run_address>0x134a6</run_address>
         <size>0x369</size>
         <input_file_ref idref="fl-e9"/>
      </object_component>
      <object_component id="oc-311">
         <name>.debug_info</name>
         <load_address>0x1380f</load_address>
         <run_address>0x1380f</run_address>
         <size>0x200</size>
         <input_file_ref idref="fl-e9"/>
      </object_component>
      <object_component id="oc-3e9">
         <name>.debug_info</name>
         <load_address>0x13a0f</load_address>
         <run_address>0x13a0f</run_address>
         <size>0x368</size>
         <input_file_ref idref="fl-ea"/>
      </object_component>
      <object_component id="oc-39b">
         <name>.debug_info</name>
         <load_address>0x13d77</load_address>
         <run_address>0x13d77</run_address>
         <size>0x1b1</size>
         <input_file_ref idref="fl-ea"/>
      </object_component>
      <object_component id="oc-3ef">
         <name>.debug_info</name>
         <load_address>0x13f28</load_address>
         <run_address>0x13f28</run_address>
         <size>0x36d</size>
         <input_file_ref idref="fl-eb"/>
      </object_component>
      <object_component id="oc-3af">
         <name>.debug_info</name>
         <load_address>0x14295</load_address>
         <run_address>0x14295</run_address>
         <size>0x205</size>
         <input_file_ref idref="fl-eb"/>
      </object_component>
      <object_component id="oc-3e5">
         <name>.debug_info</name>
         <load_address>0x1449a</load_address>
         <run_address>0x1449a</run_address>
         <size>0x398</size>
         <input_file_ref idref="fl-ec"/>
      </object_component>
      <object_component id="oc-396">
         <name>.debug_info</name>
         <load_address>0x14832</load_address>
         <run_address>0x14832</run_address>
         <size>0x201</size>
         <input_file_ref idref="fl-ec"/>
      </object_component>
      <object_component id="oc-3eb">
         <name>.debug_info</name>
         <load_address>0x14a33</load_address>
         <run_address>0x14a33</run_address>
         <size>0x36c</size>
         <input_file_ref idref="fl-ed"/>
[...]
      </symbol>
      <symbol id="sm-5">
         <name>__TI_Handler_Table_Limit</name>
         <value>0x3264</value>
      </symbol>
      <symbol id="sm-6">
         <name>binit</name>
         <value>0xffffffff</value>
      </symbol>
      <symbol id="sm-7">
         <name>__binit__</name>
         <value>0xffffffff</value>
      </symbol>
      <symbol id="sm-8">
         <name>__STACK_SIZE</name>
         <value>0x200</value>
      </symbol>
      <symbol id="sm-9">
         <name>__STACK_END</name>
         <value>0x20010000</value>
      </symbol>
      <symbol id="sm-a">
         <name>__SYSMEM_SIZE</name>
         <value>0x800</value>
      </symbol>
      <symbol id="sm-b">
         <name>__c_args__</name>
         <value>0xffffffff</value>
      </symbol>
      <symbol id="sm-c">
         <name>__TI_pprof_out_hndl</name>
         <value>0xffffffff</value>
      </symbol>
      <symbol id="sm-d">
         <name>__TI_prof_data_start</name>
         <value>0xffffffff</value>
      </symbol>
      <symbol id="sm-e">
         <name>__TI_prof_data_size</name>
         <value>0xffffffff</value>
      </symbol>
      <symbol id="sm-5c">
         <name>COMMONCLOCKS_sysTick_Init</name>
         <value>0x22f5</value>
         <object_component_ref idref="oc-cf"/>
      </symbol>
      <symbol id="sm-5d">
         <name>COMMONCLOCKS_sysTick_delay_48MHZ</name>
         <value>0x233b</value>
         <object_component_ref idref="oc-cf"/>
      </symbol>
      <symbol id="sm-5e">
         <name>COMMONCLOCKS_sysTick_delay_3MHZ</name>
         <value>0x2311</value>
         <object_component_ref idref="oc-cf"/>
      </symbol>
      <symbol id="sm-ba">
         <name>msDelay</name>
         <value>0x20000a3c</value>
         <object_component_ref idref="oc-db"/>
      </symbol>
      <symbol id="sm-bb">
         <name>sysTikToggleSpeed</name>
         <value>0x20000a38</value>
         <object_component_ref idref="oc-db"/>
      </symbol>
      <symbol id="sm-bc">
         <name>interruptButton2Status</name>
         <value>0x20000a44</value>
         <object_component_ref idref="oc-db"/>
      </symbol>
      <symbol id="sm-bd">
         <name>main</name>
         <value>0x1139</value>
         <object_component_ref idref="oc-93"/>
      </symbol>
      <symbol id="sm-be">
         <name>savedData2</name>
         <value>0x200009d1</value>
         <object_component_ref idref="oc-e1"/>
      </symbol>
      <symbol id="sm-bf">
         <name>savedData3</name>
         <value>0x200009ea</value>
         <object_component_ref idref="oc-e4"/>
      </symbol>
      <symbol id="sm-c0">
         <name>savedData1</name>
         <value>0x200009b8</value>
         <object_component_ref idref="oc-de"/>
      </symbol>
      <symbol id="sm-c1">
         <name>savedData4</name>
         <value>0x20000a03</value>
         <object_component_ref idref="oc-e7"/>
      </symbol>
      <symbol id="sm-c2">
         <name>savedData5</name>
         <value>0x20000a1c</value>
         <object_component_ref idref="oc-ea"/>
      </symbol>
      <symbol id="sm-c3">
         <name>interruptButton1Status</name>
         <value>0x20000a40</value>
         <object_component_ref idref="oc-db"/>
      </symbol>
      <symbol id="sm-e0">
         <name>interruptVectors</name>
         <value>0x0</value>
         <object_component_ref idref="oc-1f"/>
      </symbol>
      <symbol id="sm-127">
         <name>SystemInit</name>
         <value>0xe15</value>
         <object_component_ref idref="oc-a5"/>
      </symbol>
      <symbol id="sm-128">
         <name>SystemCoreClockUpdate</name>
         <value>0xba1</value>
         <object_component_ref idref="oc-a5"/>
      </symbol>
      <symbol id="sm-129">
         <name>SystemCoreClock</name>
         <value>0x20000a7c</value>
         <object_component_ref idref="oc-137"/>
      </symbol>
      <symbol id="sm-142">
         <name>__TI_zero_init_nomemset</name>
         <value>0x3023</value>
         <object_component_ref idref="oc-3f"/>
      </symbol>
      <symbol id="sm-159">
         <name>__TI_decompress_none</name>
         <value>0x3059</value>
         <object_component_ref idref="oc-16"/>
      </symbol>
      <symbol id="sm-17c">
         <name>__TI_decompress_lzss</name>
         <value>0x2619</value>
         <object_component_ref idref="oc-10"/>
      </symbol>
      <symbol id="sm-1a8">
         <name>printf</name>
         <value>0x2681</value>
         <object_component_ref idref="oc-d5"/>
      </symbol>
      <symbol id="sm-1bb">
         <name>__stack</name>
         <value>0x2000fe00</value>
         <object_component_ref idref="oc-22"/>
      </symbol>
      <symbol id="sm-1bc">
         <name>_c_int00_noargs</name>
         <value>0x2d69</value>
         <object_component_ref idref="oc-51"/>
      </symbol>
      <symbol id="sm-1cb">
         <name>__aeabi_memset</name>
         <value>0x2373</value>
         <object_component_ref idref="oc-87"/>
      </symbol>
      <symbol id="sm-1cc">
         <name>memset</name>
         <value>0x2379</value>
         <object_component_ref idref="oc-87"/>
      </symbol>
      <symbol id="sm-1cd">
         <name>__aeabi_memset8</name>
         <value>0x2373</value>
         <object_component_ref idref="oc-87"/>
      </symbol>
      <symbol id="sm-1ce">
         <name>__aeabi_memset4</name>
         <value>0x2373</value>
         <object_component_ref idref="oc-87"/>
      </symbol>
      <symbol id="sm-1cf">
         <name>__aeabi_memclr8</name>
         <value>0x2371</value>
         <object_component_ref idref="oc-87"/>
      </symbol>
      <symbol id="sm-1d0">
         <name>__aeabi_memclr4</name>
         <value>0x2371</value>
         <object_component_ref idref="oc-87"/>
      </symbol>
      <symbol id="sm-1d1">
         <name>__aeabi_memclr</name>
         <value>0x2371</value>
         <object_component_ref idref="oc-87"/>
      </symbol>
      <symbol id="sm-1ec">
         <name>memcpy</name>
         <value>0x202b</value>
         <object_component_ref idref="oc-33"/>
      </symbol>
      <symbol id="sm-1ed">
         <name>__aeabi_memcpy</name>
         <value>0x202b</value>
         <object_component_ref idref="oc-33"/>
      </symbol>
      <symbol id="sm-1ee">
         <name>__aeabi_memcpy8</name>
         <value>0x202b</value>
         <object_component_ref idref="oc-33"/>
      </symbol>
      <symbol id="sm-1ef">
         <name>__aeabi_memcpy4</name>
         <value>0x202b</value>
         <object_component_ref idref="oc-33"/>
      </symbol>
      <symbol id="sm-217">
         <name>__TI_auto_init_nobinit_nopinit</name>
         <value>0x2c2d</value>
         <object_component_ref idref="oc-105"/>
      </symbol>
      <symbol id="sm-221">
         <name>_system_pre_init</name>
         <value>0x3079</value>
         <object_component_ref idref="oc-8d"/>
      </symbol>
      <symbol id="sm-248">
         <name>C$$EXIT</name>
         <value>0x307d</value>
         <object_component_ref idref="oc-f9"/>
      </symbol>
      <symbol id="sm-249">
         <name>abort</name>
         <value>0x307d</value>
         <object_component_ref idref="oc-f9"/>
      </symbol>
      <symbol id="sm-24a">
         <name>__TI_dtors_ptr</name>
         <value>0x20000a5c</value>
         <object_component_ref idref="oc-17a"/>
      </symbol>
      <symbol id="sm-24b">
         <name>__TI_cleanup_ptr</name>
         <value>0x20000a58</value>
         <object_component_ref idref="oc-17a"/>
      </symbol>
      <symbol id="sm-24c">
         <name>__TI_enable_exit_profile_output</name>
         <value>0x20000a60</value>
         <object_component_ref idref="oc-17a"/>
      </symbol>
      <symbol id="sm-24d">
         <name>exit</name>
         <value>0x2b15</value>
         <object_component_ref idref="oc-ff"/>
      </symbol>
      <symbol id="sm-262">
         <name>_nop</name>
         <value>0xb9f</value>
         <object_component_ref idref="oc-1e7"/>
      </symbol>
      <symbol id="sm-263">
         <name>_lock</name>
         <value>0x20000a70</value>
         <object_component_ref idref="oc-148"/>
      </symbol>
      <symbol id="sm-264">
         <name>_unlock</name>
         <value>0x20000a74</value>
         <object_component_ref idref="oc-148"/>
      </symbol>
      <symbol id="sm-3ce">
         <name>__TI_printfi</name>
         <value>0x141</value>
         <object_component_ref idref="oc-142"/>
      </symbol>
      <symbol id="sm-3e5">
         <name>atoi</name>
         <value>0x2ac9</value>
         <object_component_ref idref="oc-1a0"/>
      </symbol>
      <symbol id="sm-3f0">
         <name>_ctypes_</name>
         <value>0x3080</value>
         <object_component_ref idref="oc-223"/>
      </symbol>
      <symbol id="sm-405">
         <name>__TI_tmpnams</name>
         <value>0x20000ba0</value>
      </symbol>
      <symbol id="sm-406">
         <name>__aeabi_stdout</name>
         <value>0x20000a50</value>
         <object_component_ref idref="oc-38e"/>
      </symbol>
      <symbol id="sm-407">
         <name>__aeabi_stderr</name>
         <value>0x20000a54</value>
         <object_component_ref idref="oc-38e"/>
      </symbol>
      <symbol id="sm-408">
         <name>__aeabi_stdin</name>
         <value>0x20000a4c</value>
         <object_component_ref idref="oc-38e"/>
      </symbol>
      <symbol id="sm-409">
         <name>_ftable</name>
         <value>0x20000800</value>
         <object_component_ref idref="oc-14b"/>
      </symbol>
      <symbol id="sm-40a">
         <name>__TI_ft_end</name>
         <value>0x20000a48</value>
         <object_component_ref idref="oc-38e"/>
      </symbol>
      <symbol id="sm-41f">
         <name>putc</name>
         <value>0x215d</value>
         <object_component_ref idref="oc-1fc"/>
      </symbol>
      <symbol id="sm-420">
         <name>fputc</name>
         <value>0x215d</value>
         <object_component_ref idref="oc-1fc"/>
      </symbol>
      <symbol id="sm-43e">
         <name>fputs</name>
         <value>0x1aa5</value>
         <object_component_ref idref="oc-1f5"/>
      </symbol>
      <symbol id="sm-44d">
         <name>ltoa</name>
         <value>0x29d7</value>
         <object_component_ref idref="oc-243"/>
      </symbol>
      <symbol id="sm-45d">
         <name>memccpy</name>
         <value>0x2f9d</value>
         <object_component_ref idref="oc-1c9"/>
      </symbol>
      <symbol id="sm-46d">
         <name>memchr</name>
         <value>0x2f7d</value>
         <object_component_ref idref="oc-2ab"/>
      </symbol>
      <symbol id="sm-47d">
         <name>strchr</name>
         <value>0x2fd1</value>
         <object_component_ref idref="oc-27a"/>
      </symbol>
      <symbol id="sm-48b">
         <name>strlen</name>
         <value>0x300f</value>
         <object_component_ref idref="oc-19a"/>
      </symbol>
      <symbol id="sm-4b1">
         <name>_stream</name>
         <value>0x20000968</value>
         <object_component_ref idref="oc-31b"/>
      </symbol>
      <symbol id="sm-4b2">
         <name>_device</name>
         <value>0x200008f0</value>
         <object_component_ref idref="oc-35c"/>
      </symbol>
      <symbol id="sm-4b3">
         <name>write</name>
         <value>0x2f55</value>
         <object_component_ref idref="oc-2b7"/>
      </symbol>
      <symbol id="sm-4c9">
         <name>__aeabi_errno_addr</name>
         <value>0x3069</value>
         <object_component_ref idref="oc-1d5"/>
      </symbol>
      <symbol id="sm-4ca">
         <name>errno</name>
         <value>0x20000a78</value>
         <object_component_ref idref="oc-28a"/>
      </symbol>
      <symbol id="sm-4ea">
         <name>frexpl</name>
         <value>0x26e9</value>
         <object_component_ref idref="oc-26e"/>
      </symbol>
      <symbol id="sm-4eb">
         <name>frexp</name>
         <value>0x26e9</value>
         <object_component_ref idref="oc-26e"/>
      </symbol>
      <symbol id="sm-508">
         <name>scalbn</name>
         <value>0x1bb9</value>
         <object_component_ref idref="oc-274"/>
      </symbol>
      <symbol id="sm-509">
         <name>scalbnl</name>
         <value>0x1bb9</value>
         <object_component_ref idref="oc-274"/>
      </symbol>
      <symbol id="sm-50a">
         <name>ldexpl</name>
         <value>0x1bb9</value>
         <object_component_ref idref="oc-274"/>
      </symbol>
      <symbol id="sm-50b">
         <name>ldexp</name>
         <value>0x1bb9</value>
         <object_component_ref idref="oc-274"/>
      </symbol>
      <symbol id="sm-524">
         <name>wcslen</name>
         <value>0x3047</value>
         <object_component_ref idref="oc-1cf"/>
      </symbol>
      <symbol id="sm-52e">
         <name>copysign</name>
         <value>0x2fe7</value>
         <object_component_ref idref="oc-2ed"/>
      </symbol>
      <symbol id="sm-52f">
         <name>copysignl</name>
         <value>0x2fe7</value>
         <object_component_ref idref="oc-2ed"/>
      </symbol>
      <symbol id="sm-53c">
         <name>__aeabi_uldivmod</name>
         <value>0x20c7</value>
         <object_component_ref idref="oc-228"/>
      </symbol>
      <symbol id="sm-553">
         <name>__aeabi_dsub</name>
         <value>0x1559</value>
         <object_component_ref idref="oc-24e"/>
      </symbol>
      <symbol id="sm-554">
         <name>__aeabi_dadd</name>
         <value>0x1563</value>
         <object_component_ref idref="oc-24e"/>
      </symbol>
      <symbol id="sm-576">
         <name>__aeabi_cdcmpeq</name>
         <value>0x21e9</value>
         <object_component_ref idref="oc-1ac"/>
      </symbol>
      <symbol id="sm-577">
         <name>__aeabi_cdcmple</name>
         <value>0x21e9</value>
         <object_component_ref idref="oc-1ac"/>
      </symbol>
      <symbol id="sm-578">
         <name>__aeabi_cdrcmple</name>
         <value>0x226f</value>
         <object_component_ref idref="oc-239"/>
      </symbol>
      <symbol id="sm-58c">
         <name>__aeabi_ddiv</name>
         <value>0x184d</value>
         <object_component_ref idref="oc-234"/>
      </symbol>
      <symbol id="sm-597">
         <name>__aeabi_dmul</name>
         <value>0x1cc9</value>
         <object_component_ref idref="oc-22f"/>
      </symbol>
      <symbol id="sm-5a1">
         <name>__aeabi_d2iz</name>
         <value>0x2b5d</value>
         <object_component_ref idref="oc-23e"/>
      </symbol>
      <symbol id="sm-5ab">
         <name>__aeabi_i2d</name>
         <value>0x2ea9</value>
         <object_component_ref idref="oc-249"/>
      </symbol>
      <symbol id="sm-5c3">
         <name>__TI_wrt_ok</name>
         <value>0x27b1</value>
         <object_component_ref idref="oc-2a5"/>
      </symbol>
      <symbol id="sm-5d3">
         <name>__TI_doflush</name>
         <value>0x2a7d</value>
         <object_component_ref idref="oc-2b1"/>
      </symbol>
      <symbol id="sm-5e5">
         <name>fseek</name>
         <value>0x274d</value>
         <object_component_ref idref="oc-309"/>
      </symbol>
      <symbol id="sm-5f5">
         <name>lseek</name>
         <value>0x2f05</value>
         <object_component_ref idref="oc-335"/>
      </symbol>
      <symbol id="sm-611">
         <name>setvbuf</name>
         <value>0x1dc5</value>
         <object_component_ref idref="oc-30f"/>
      </symbol>
      <symbol id="sm-622">
         <name>HOSTclose</name>
         <value>0x2ba5</value>
         <object_component_ref idref="oc-39a"/>
      </symbol>
      <symbol id="sm-633">
         <name>HOSTlseek</name>
         <value>0x2549</value>
         <object_component_ref idref="oc-3ac"/>
      </symbol>
      <symbol id="sm-645">
         <name>parmbuf</name>
         <value>0x20000c40</value>
      </symbol>
      <symbol id="sm-646">
         <name>HOSTopen</name>
         <value>0x2815</value>
         <object_component_ref idref="oc-394"/>
      </symbol>
      <symbol id="sm-657">
         <name>HOSTread</name>
         <value>0x28d1</value>
         <object_component_ref idref="oc-3a0"/>
      </symbol>
      <symbol id="sm-668">
         <name>HOSTrename</name>
         <value>0x25b1</value>
         <object_component_ref idref="oc-3b8"/>
      </symbol>
      <symbol id="sm-679">
         <name>HOSTunlink</name>
         <value>0x2be9</value>
         <object_component_ref idref="oc-3b2"/>
      </symbol>
      <symbol id="sm-68a">
         <name>HOSTwrite</name>
         <value>0x2929</value>
         <object_component_ref idref="oc-3a6"/>
      </symbol>
      <symbol id="sm-6ae">
         <name>__TI_readmsg</name>
         <value>0x2e45</value>
         <object_component_ref idref="oc-3de"/>
      </symbol>
      <symbol id="sm-6af">
         <name>C$$IO$$</name>
         <value>0x2d5f</value>
         <object_component_ref idref="oc-3d8"/>
      </symbol>
      <symbol id="sm-6b0">
         <name>__CIOBUF_</name>
         <value>0x20000a80</value>
         <object_component_ref idref="oc-406"/>
      </symbol>
      <symbol id="sm-6b1">
         <name>__TI_writemsg</name>
         <value>0x2d31</value>
         <object_component_ref idref="oc-3d8"/>
      </symbol>
      <symbol id="sm-6bb">
         <name>__aeabi_idiv0</name>
         <value>0x170f</value>
         <object_component_ref idref="oc-2d4"/>
      </symbol>
      <symbol id="sm-6bc">
         <name>__aeabi_ldiv0</name>
         <value>0x170f</value>
         <object_component_ref idref="oc-2d4"/>
      </symbol>
      <symbol id="sm-737">
         <name>_sys_memory</name>
         <value>0x20000000</value>
         <object_component_ref idref="oc-25"/>
      </symbol>
      <symbol id="sm-738">
         <name>free</name>
         <value>0x1ea1</value>
         <object_component_ref idref="oc-33d"/>
      </symbol>
      <symbol id="sm-739">
         <name>malloc</name>
         <value>0x23ed</value>
         <object_component_ref idref="oc-343"/>
      </symbol>
      <symbol id="sm-73a">
         <name>minit</name>
         <value>0x2da1</value>
         <object_component_ref idref="oc-371"/>
      </symbol>
      <symbol id="sm-74a">
         <name>__TI_cleanup</name>
         <value>0x2e11</value>
         <object_component_ref idref="oc-349"/>
      </symbol>
      <symbol id="sm-759">
         <name>strcpy</name>
         <value>0x2ffb</value>
         <object_component_ref idref="oc-3f2"/>
      </symbol>
      <symbol id="sm-76e">
         <name>__TI_closefile</name>
         <value>0x2465</value>
         <object_component_ref idref="oc-388"/>
      </symbol>
      <symbol id="sm-791">
         <name>finddevice</name>
         <value>0x2e79</value>
         <object_component_ref idref="oc-424"/>
      </symbol>
      <symbol id="sm-792">
         <name>getdevice</name>
         <value>0x2c71</value>
         <object_component_ref idref="oc-3fc"/>
      </symbol>
      <symbol id="sm-7a2">
         <name>strcmp</name>
         <value>0x2fb9</value>
         <object_component_ref idref="oc-43b"/>
      </symbol>
      <symbol id="sm-7b2">
         <name>strncpy</name>
         <value>0x2dd9</value>
         <object_component_ref idref="oc-41e"/>
      </symbol>
      <symbol id="sm-7c2">
         <name>unlink</name>
         <value>0x2ed9</value>
         <object_component_ref idref="oc-3cd"/>
      </symbol>
      <symbol id="sm-7d6">
         <name>close</name>
         <value>0x2875</value>
         <object_component_ref idref="oc-3c7"/>
      </symbol>
      <symbol id="sm-7d7">
         <name>__TI_static_base__</name>
         <value>0x0</value>
      </symbol>
      <symbol id="sm-7da">
         <name>__mpu_init</name>
         <value>0x0</value>
      </symbol>
      <symbol id="sm-7db">
         <name>_system_post_cinit</name>
         <value>0x0</value>
      </symbol>
      <symbol id="sm-7dc">
         <name>remove</name>
         <value>0x2ed9</value>
      </symbol>
   </symbol_table>
   <title>Link successful</title>
</link_info>
