<?xml version="1.0" encoding="ISO-8859-1" ?>
<link_info>
   <banner>TI ARM Linker PC v18.1.3.LTS</banner>
   <copyright>Copyright (c) 1996-2017 Texas Instruments Incorporated</copyright>
   <link_time>0x5c08c0f0</link_time>
   <link_errors>0x0</link_errors>
   <output_file>EGR326_Final_Project_Slave.out</output_file>
   <entry_point>
      <name>_c_int00_noargs</name>
      <address>0x3e11</address>
   </entry_point>
   <input_file_list>
      <input_file id="fl-2">
         <path>.\</path>
         <kind>object</kind>
         <file>COMMONCLOCKS.obj</file>
         <name>COMMONCLOCKS.obj</name>
      </input_file>
      <input_file id="fl-3">
         <path>.\</path>
         <kind>object</kind>
         <file>main.obj</file>
         <name>main.obj</name>
      </input_file>
      <input_file id="fl-4">
         <path>.\</path>
         <kind>object</kind>
         <file>startup_msp432p401r_ccs.obj</file>
         <name>startup_msp432p401r_ccs.obj</name>
      </input_file>
      <input_file id="fl-5">
         <path>.\</path>
         <kind>object</kind>
         <file>system_msp432p401r.obj</file>
         <name>system_msp432p401r.obj</name>
      </input_file>
      <input_file id="fl-a">
         <kind>object</kind>
         <file>&lt;internal&gt;</file>
         <name>&lt;internal&gt;</name>
      </input_file>
      <input_file id="fl-b">
         <path>C:\ti\msp\MSP432Ware_3_50_00_02\driverlib\driverlib\MSP432P4xx\ccs\</path>
         <kind>archive</kind>
         <file>msp432p4xx_driverlib.lib</file>
         <name>cs.o</name>
      </input_file>
      <input_file id="fl-c">
         <path>C:\ti\msp\MSP432Ware_3_50_00_02\driverlib\driverlib\MSP432P4xx\ccs\</path>
         <kind>archive</kind>
         <file>msp432p4xx_driverlib.lib</file>
         <name>gpio.o</name>
      </input_file>
      <input_file id="fl-d">
         <path>C:\ti\msp\MSP432Ware_3_50_00_02\driverlib\driverlib\MSP432P4xx\ccs\</path>
         <kind>archive</kind>
         <file>msp432p4xx_driverlib.lib</file>
         <name>interrupt.o</name>
      </input_file>
      <input_file id="fl-e">
         <path>C:\ti\msp\MSP432Ware_3_50_00_02\driverlib\driverlib\MSP432P4xx\ccs\</path>
         <kind>archive</kind>
         <file>msp432p4xx_driverlib.lib</file>
         <name>sysctl.o</name>
      </input_file>
      <input_file id="fl-f">
         <path>C:\ti\msp\MSP432Ware_3_50_00_02\driverlib\driverlib\MSP432P4xx\ccs\</path>
         <kind>archive</kind>
         <file>msp432p4xx_driverlib.lib</file>
         <name>cpu.o</name>
      </input_file>
      <input_file id="fl-c5">
         <path>C:\ti\ccsv8\tools\compiler\ti-cgt-arm_18.1.3.LTS\lib\</path>
         <kind>archive</kind>
         <file>rtsv7M4_T_le_v4SPD16_eabi.lib</file>
         <name>fd_div_t2.asm.obj</name>
      </input_file>
      <input_file id="fl-c6">
         <path>C:\ti\ccsv8\tools\compiler\ti-cgt-arm_18.1.3.LTS\lib\</path>
         <kind>archive</kind>
         <file>rtsv7M4_T_le_v4SPD16_eabi.lib</file>
         <name>fd_mul_t2.asm.obj</name>
      </input_file>
      <input_file id="fl-c7">
         <path>C:\ti\ccsv8\tools\compiler\ti-cgt-arm_18.1.3.LTS\lib\</path>
         <kind>archive</kind>
         <file>rtsv7M4_T_le_v4SPD16_eabi.lib</file>
         <name>fd_toi_t2.asm.obj</name>
      </input_file>
      <input_file id="fl-c8">
         <path>C:\ti\ccsv8\tools\compiler\ti-cgt-arm_18.1.3.LTS\lib\</path>
         <kind>archive</kind>
         <file>rtsv7M4_T_le_v4SPD16_eabi.lib</file>
         <name>i_tofd_t2.asm.obj</name>
      </input_file>
      <input_file id="fl-c9">
         <path>C:\ti\ccsv8\tools\compiler\ti-cgt-arm_18.1.3.LTS\lib\</path>
         <kind>archive</kind>
         <file>rtsv7M4_T_le_v4SPD16_eabi.lib</file>
         <name>copy_zero_init.c.obj</name>
      </input_file>
      <input_file id="fl-ca">
         <path>C:\ti\ccsv8\tools\compiler\ti-cgt-arm_18.1.3.LTS\lib\</path>
         <kind>archive</kind>
         <file>rtsv7M4_T_le_v4SPD16_eabi.lib</file>
         <name>copy_decompress_none.c.obj</name>
      </input_file>
      <input_file id="fl-cb">
         <path>C:\ti\ccsv8\tools\compiler\ti-cgt-arm_18.1.3.LTS\lib\</path>
         <kind>archive</kind>
         <file>rtsv7M4_T_le_v4SPD16_eabi.lib</file>
         <name>copy_decompress_lzss.c.obj</name>
      </input_file>
      <input_file id="fl-cc">
         <path>C:\ti\ccsv8\tools\compiler\ti-cgt-arm_18.1.3.LTS\lib\</path>
         <kind>archive</kind>
         <file>rtsv7M4_T_le_v4SPD16_eabi.lib</file>
         <name>defs.c.obj</name>
      </input_file>
      <input_file id="fl-cd">
         <path>C:\ti\ccsv8\tools\compiler\ti-cgt-arm_18.1.3.LTS\lib\</path>
         <kind>archive</kind>
         <file>rtsv7M4_T_le_v4SPD16_eabi.lib</file>
         <name>fflush.c.obj</name>
      </input_file>
      <input_file id="fl-ce">
         <path>C:\ti\ccsv8\tools\compiler\ti-cgt-arm_18.1.3.LTS\lib\</path>
         <kind>archive</kind>
         <file>rtsv7M4_T_le_v4SPD16_eabi.lib</file>
         <name>printf.c.obj</name>
      </input_file>
      <input_file id="fl-cf">
         <path>C:\ti\ccsv8\tools\compiler\ti-cgt-arm_18.1.3.LTS\lib\</path>
         <kind>archive</kind>
         <file>rtsv7M4_T_le_v4SPD16_eabi.lib</file>
         <name>sprintf.c.obj</name>
      </input_file>
      <input_file id="fl-d0">
         <path>C:\ti\ccsv8\tools\compiler\ti-cgt-arm_18.1.3.LTS\lib\</path>
         <kind>archive</kind>
         <file>rtsv7M4_T_le_v4SPD16_eabi.lib</file>
         <name>write.c.obj</name>
      </input_file>
      <input_file id="fl-d1">
         <path>C:\ti\ccsv8\tools\compiler\ti-cgt-arm_18.1.3.LTS\lib\</path>
         <kind>archive</kind>
         <file>rtsv7M4_T_le_v4SPD16_eabi.lib</file>
         <name>boot_cortex_m.c.obj</name>
      </input_file>
      <input_file id="fl-d2">
         <path>C:\ti\ccsv8\tools\compiler\ti-cgt-arm_18.1.3.LTS\lib\</path>
         <kind>archive</kind>
         <file>rtsv7M4_T_le_v4SPD16_eabi.lib</file>
         <name>memset_t2.asm.obj</name>
      </input_file>
      <input_file id="fl-d3">
         <path>C:\ti\ccsv8\tools\compiler\ti-cgt-arm_18.1.3.LTS\lib\</path>
         <kind>archive</kind>
         <file>rtsv7M4_T_le_v4SPD16_eabi.lib</file>
         <name>memcpy_t2.asm.obj</name>
      </input_file>
      <input_file id="fl-d4">
         <path>C:\ti\ccsv8\tools\compiler\ti-cgt-arm_18.1.3.LTS\lib\</path>
         <kind>archive</kind>
         <file>rtsv7M4_T_le_v4SPD16_eabi.lib</file>
         <name>autoinit.c.obj</name>
      </input_file>
      <input_file id="fl-d5">
         <path>C:\ti\ccsv8\tools\compiler\ti-cgt-arm_18.1.3.LTS\lib\</path>
         <kind>archive</kind>
         <file>rtsv7M4_T_le_v4SPD16_eabi.lib</file>
         <name>pre_init.c.obj</name>
      </input_file>
      <input_file id="fl-d6">
         <path>C:\ti\ccsv8\tools\compiler\ti-cgt-arm_18.1.3.LTS\lib\</path>
         <kind>archive</kind>
         <file>rtsv7M4_T_le_v4SPD16_eabi.lib</file>
         <name>cpy_tbl.c.obj</name>
      </input_file>
      <input_file id="fl-d7">
         <path>C:\ti\ccsv8\tools\compiler\ti-cgt-arm_18.1.3.LTS\lib\</path>
         <kind>archive</kind>
         <file>rtsv7M4_T_le_v4SPD16_eabi.lib</file>
         <name>exit.c.obj</name>
      </input_file>
      <input_file id="fl-d8">
         <path>C:\ti\ccsv8\tools\compiler\ti-cgt-arm_18.1.3.LTS\lib\</path>
         <kind>archive</kind>
         <file>rtsv7M4_T_le_v4SPD16_eabi.lib</file>
         <name>_lock.c.obj</name>
      </input_file>
      <input_file id="fl-d9">
         <path>C:\ti\ccsv8\tools\compiler\ti-cgt-arm_18.1.3.LTS\lib\</path>
         <kind>archive</kind>
         <file>rtsv7M4_T_le_v4SPD16_eabi.lib</file>
         <name>_printfi.c.obj</name>
      </input_file>
      <input_file id="fl-da">
         <path>C:\ti\ccsv8\tools\compiler\ti-cgt-arm_18.1.3.LTS\lib\</path>
         <kind>archive</kind>
         <file>rtsv7M4_T_le_v4SPD16_eabi.lib</file>
         <name>args_main.c.obj</name>
      </input_file>
      <input_file id="fl-db">
         <path>C:\ti\ccsv8\tools\compiler\ti-cgt-arm_18.1.3.LTS\lib\</path>
         <kind>archive</kind>
         <file>rtsv7M4_T_le_v4SPD16_eabi.lib</file>
         <name>atoi.c.obj</name>
      </input_file>
      <input_file id="fl-dc">
         <path>C:\ti\ccsv8\tools\compiler\ti-cgt-arm_18.1.3.LTS\lib\</path>
         <kind>archive</kind>
         <file>rtsv7M4_T_le_v4SPD16_eabi.lib</file>
         <name>ctype.c.obj</name>
      </input_file>
      <input_file id="fl-dd">
         <path>C:\ti\ccsv8\tools\compiler\ti-cgt-arm_18.1.3.LTS\lib\</path>
         <kind>archive</kind>
         <file>rtsv7M4_T_le_v4SPD16_eabi.lib</file>
         <name>fputc.c.obj</name>
      </input_file>
      <input_file id="fl-de">
         <path>C:\ti\ccsv8\tools\compiler\ti-cgt-arm_18.1.3.LTS\lib\</path>
         <kind>archive</kind>
         <file>rtsv7M4_T_le_v4SPD16_eabi.lib</file>
         <name>fputs.c.obj</name>
      </input_file>
      <input_file id="fl-df">
         <path>C:\ti\ccsv8\tools\compiler\ti-cgt-arm_18.1.3.LTS\lib\</path>
         <kind>archive</kind>
         <file>rtsv7M4_T_le_v4SPD16_eabi.lib</file>
         <name>ltoa.c.obj</name>
      </input_file>
      <input_file id="fl-e0">
         <path>C:\ti\ccsv8\tools\compiler\ti-cgt-arm_18.1.3.LTS\lib\</path>
         <kind>archive</kind>
         <file>rtsv7M4_T_le_v4SPD16_eabi.lib</file>
         <name>memccpy.c.obj</name>
      </input_file>
      <input_file id="fl-e1">
         <path>C:\ti\ccsv8\tools\compiler\ti-cgt-arm_18.1.3.LTS\lib\</path>
         <kind>archive</kind>
         <file>rtsv7M4_T_le_v4SPD16_eabi.lib</file>
         <name>memchr.c.obj</name>
      </input_file>
      <input_file id="fl-e2">
         <path>C:\ti\ccsv8\tools\compiler\ti-cgt-arm_18.1.3.LTS\lib\</path>
         <kind>archive</kind>
         <file>rtsv7M4_T_le_v4SPD16_eabi.lib</file>
         <name>strchr.c.obj</name>
      </input_file>
      <input_file id="fl-e3">
         <path>C:\ti\ccsv8\tools\compiler\ti-cgt-arm_18.1.3.LTS\lib\</path>
         <kind>archive</kind>
         <file>rtsv7M4_T_le_v4SPD16_eabi.lib</file>
         <name>strlen.c.obj</name>
      </input_file>
      <input_file id="fl-e4">
         <path>C:\ti\ccsv8\tools\compiler\ti-cgt-arm_18.1.3.LTS\lib\</path>
         <kind>archive</kind>
         <file>rtsv7M4_T_le_v4SPD16_eabi.lib</file>
         <name>hostclose.c.obj</name>
      </input_file>
      <input_file id="fl-e5">
         <path>C:\ti\ccsv8\tools\compiler\ti-cgt-arm_18.1.3.LTS\lib\</path>
         <kind>archive</kind>
         <file>rtsv7M4_T_le_v4SPD16_eabi.lib</file>
         <name>hostlseek.c.obj</name>
      </input_file>
      <input_file id="fl-e6">
         <path>C:\ti\ccsv8\tools\compiler\ti-cgt-arm_18.1.3.LTS\lib\</path>
         <kind>archive</kind>
         <file>rtsv7M4_T_le_v4SPD16_eabi.lib</file>
         <name>hostopen.c.obj</name>
      </input_file>
      <input_file id="fl-e7">
         <path>C:\ti\ccsv8\tools\compiler\ti-cgt-arm_18.1.3.LTS\lib\</path>
         <kind>archive</kind>
         <file>rtsv7M4_T_le_v4SPD16_eabi.lib</file>
         <name>hostread.c.obj</name>
      </input_file>
      <input_file id="fl-e8">
         <path>C:\ti\ccsv8\tools\compiler\ti-cgt-arm_18.1.3.LTS\lib\</path>
         <kind>archive</kind>
         <file>rtsv7M4_T_le_v4SPD16_eabi.lib</file>
         <name>hostrename.c.obj</name>
      </input_file>
      <input_file id="fl-e9">
         <path>C:\ti\ccsv8\tools\compiler\ti-cgt-arm_18.1.3.LTS\lib\</path>
         <kind>archive</kind>
         <file>rtsv7M4_T_le_v4SPD16_eabi.lib</file>
         <name>hostunlink.c.obj</name>
      </input_file>
      <input_file id="fl-ea">
         <path>C:\ti\ccsv8\tools\compiler\ti-cgt-arm_18.1.3.LTS\lib\</path>
         <kind>archive</kind>
         <file>rtsv7M4_T_le_v4SPD16_eabi.lib</file>
         <name>hostwrite.c.obj</name>
      </input_file>
      <input_file id="fl-eb">
         <path>C:\ti\ccsv8\tools\compiler\ti-cgt-arm_18.1.3.LTS\lib\</path>
         <kind>archive</kind>
         <file>rtsv7M4_T_le_v4SPD16_eabi.lib</file>
         <name>trgmsg.c.obj</name>
      </input_file>
      <input_file id="fl-ec">
         <path>C:\ti\ccsv8\tools\compiler\ti-cgt-arm_18.1.3.LTS\lib\</path>
         <kind>archive</kind>
         <file>rtsv7M4_T_le_v4SPD16_eabi.lib</file>
         <name>errno.c.obj</name>
      </input_file>
      <input_file id="fl-ed">
         <path>C:\ti\ccsv8\tools\compiler\ti-cgt-arm_18.1.3.LTS\lib\</path>
         <kind>archive</kind>
         <file>rtsv7M4_T_le_v4SPD16_eabi.lib</file>
         <name>s_frexp.c.obj</name>
      </input_file>
      <input_file id="fl-ee">
         <path>C:\ti\ccsv8\tools\compiler\ti-cgt-arm_18.1.3.LTS\lib\</path>
         <kind>archive</kind>
         <file>rtsv7M4_T_le_v4SPD16_eabi.lib</file>
         <name>s_scalbn.c.obj</name>
      </input_file>
      <input_file id="fl-ef">
         <path>C:\ti\ccsv8\tools\compiler\ti-cgt-arm_18.1.3.LTS\lib\</path>
         <kind>archive</kind>
         <file>rtsv7M4_T_le_v4SPD16_eabi.lib</file>
         <name>wcslen.c.obj</name>
      </input_file>
      <input_file id="fl-f0">
         <path>C:\ti\ccsv8\tools\compiler\ti-cgt-arm_18.1.3.LTS\lib\</path>
         <kind>archive</kind>
         <file>rtsv7M4_T_le_v4SPD16_eabi.lib</file>
         <name>s_copysign.c.obj</name>
      </input_file>
      <input_file id="fl-f1">
         <path>C:\ti\ccsv8\tools\compiler\ti-cgt-arm_18.1.3.LTS\lib\</path>
         <kind>archive</kind>
         <file>rtsv7M4_T_le_v4SPD16_eabi.lib</file>
         <name>ull_div_t2.asm.obj</name>
      </input_file>
      <input_file id="fl-f2">
         <path>C:\ti\ccsv8\tools\compiler\ti-cgt-arm_18.1.3.LTS\lib\</path>
         <kind>archive</kind>
         <file>rtsv7M4_T_le_v4SPD16_eabi.lib</file>
         <name>fd_add_t2.asm.obj</name>
      </input_file>
      <input_file id="fl-f3">
         <path>C:\ti\ccsv8\tools\compiler\ti-cgt-arm_18.1.3.LTS\lib\</path>
         <kind>archive</kind>
         <file>rtsv7M4_T_le_v4SPD16_eabi.lib</file>
         <name>fd_cmp_t2.asm.obj</name>
      </input_file>
      <input_file id="fl-f4">
         <path>C:\ti\ccsv8\tools\compiler\ti-cgt-arm_18.1.3.LTS\lib\</path>
         <kind>archive</kind>
         <file>rtsv7M4_T_le_v4SPD16_eabi.lib</file>
         <name>_io_perm.c.obj</name>
      </input_file>
      <input_file id="fl-f5">
         <path>C:\ti\ccsv8\tools\compiler\ti-cgt-arm_18.1.3.LTS\lib\</path>
         <kind>archive</kind>
         <file>rtsv7M4_T_le_v4SPD16_eabi.lib</file>
         <name>fseek.c.obj</name>
      </input_file>
      <input_file id="fl-f6">
         <path>C:\ti\ccsv8\tools\compiler\ti-cgt-arm_18.1.3.LTS\lib\</path>
         <kind>archive</kind>
         <file>rtsv7M4_T_le_v4SPD16_eabi.lib</file>
         <name>lseek.c.obj</name>
      </input_file>
      <input_file id="fl-f7">
         <path>C:\ti\ccsv8\tools\compiler\ti-cgt-arm_18.1.3.LTS\lib\</path>
         <kind>archive</kind>
         <file>rtsv7M4_T_le_v4SPD16_eabi.lib</file>
         <name>setvbuf.c.obj</name>
      </input_file>
      <input_file id="fl-f8">
         <path>C:\ti\ccsv8\tools\compiler\ti-cgt-arm_18.1.3.LTS\lib\</path>
         <kind>archive</kind>
         <file>rtsv7M4_T_le_v4SPD16_eabi.lib</file>
         <name>strcpy.c.obj</name>
      </input_file>
      <input_file id="fl-f9">
         <path>C:\ti\ccsv8\tools\compiler\ti-cgt-arm_18.1.3.LTS\lib\</path>
         <kind>archive</kind>
         <file>rtsv7M4_T_le_v4SPD16_eabi.lib</file>
         <name>div0.asm.obj</name>
      </input_file>
      <input_file id="fl-fa">
         <path>C:\ti\ccsv8\tools\compiler\ti-cgt-arm_18.1.3.LTS\lib\</path>
         <kind>archive</kind>
         <file>rtsv7M4_T_le_v4SPD16_eabi.lib</file>
         <name>memory.c.obj</name>
      </input_file>
      <input_file id="fl-fb">
         <path>C:\ti\ccsv8\tools\compiler\ti-cgt-arm_18.1.3.LTS\lib\</path>
         <kind>archive</kind>
         <file>rtsv7M4_T_le_v4SPD16_eabi.lib</file>
         <name>fopen.c.obj</name>
      </input_file>
      <input_file id="fl-fc">
         <path>C:\ti\ccsv8\tools\compiler\ti-cgt-arm_18.1.3.LTS\lib\</path>
         <kind>archive</kind>
         <file>rtsv7M4_T_le_v4SPD16_eabi.lib</file>
         <name>open.c.obj</name>
      </input_file>
      <input_file id="fl-fd">
         <path>C:\ti\ccsv8\tools\compiler\ti-cgt-arm_18.1.3.LTS\lib\</path>
         <kind>archive</kind>
         <file>rtsv7M4_T_le_v4SPD16_eabi.lib</file>
         <name>fclose.c.obj</name>
      </input_file>
      <input_file id="fl-fe">
         <path>C:\ti\ccsv8\tools\compiler\ti-cgt-arm_18.1.3.LTS\lib\</path>
         <kind>archive</kind>
         <file>rtsv7M4_T_le_v4SPD16_eabi.lib</file>
         <name>getdevice.c.obj</name>
      </input_file>
      <input_file id="fl-ff">
         <path>C:\ti\ccsv8\tools\compiler\ti-cgt-arm_18.1.3.LTS\lib\</path>
         <kind>archive</kind>
         <file>rtsv7M4_T_le_v4SPD16_eabi.lib</file>
         <name>remove.c.obj</name>
      </input_file>
      <input_file id="fl-100">
         <path>C:\ti\ccsv8\tools\compiler\ti-cgt-arm_18.1.3.LTS\lib\</path>
         <kind>archive</kind>
         <file>rtsv7M4_T_le_v4SPD16_eabi.lib</file>
         <name>strcmp.c.obj</name>
      </input_file>
      <input_file id="fl-101">
         <path>C:\ti\ccsv8\tools\compiler\ti-cgt-arm_18.1.3.LTS\lib\</path>
         <kind>archive</kind>
         <file>rtsv7M4_T_le_v4SPD16_eabi.lib</file>
         <name>strncpy.c.obj</name>
      </input_file>
      <input_file id="fl-102">
         <path>C:\ti\ccsv8\tools\compiler\ti-cgt-arm_18.1.3.LTS\lib\</path>
         <kind>archive</kind>
         <file>rtsv7M4_T_le_v4SPD16_eabi.lib</file>
         <name>unlink.c.obj</name>
      </input_file>
      <input_file id="fl-103">
         <path>C:\ti\ccsv8\tools\compiler\ti-cgt-arm_18.1.3.LTS\lib\</path>
         <kind>archive</kind>
         <file>rtsv7M4_T_le_v4SPD16_eabi.lib</file>
         <name>close.c.obj</name>
      </input_file>
   </input_file_list>
   <object_component_list>
      <object_component id="oc-1f">
         <name>.intvecs:retain</name>
         <load_address>0x0</load_address>
         <run_address>0x0</run_address>
         <size>0xe4</size>
         <input_file_ref idref="fl-4"/>
      </object_component>
      <object_component id="oc-69">
         <name>.text</name>
         <load_address>0xe4</load_address>
         <run_address>0xe4</run_address>
         <size>0x10a0</size>
         <input_file_ref idref="fl-3"/>
      </object_component>
      <object_component id="oc-1a5">
         <name>.text:__TI_printfi</name>
         <load_address>0x1184</load_address>
         <run_address>0x1184</run_address>
         <size>0xa5e</size>
         <input_file_ref idref="fl-d9"/>
      </object_component>
      <object_component id="oc-292">
         <name>.text:_nop</name>
         <load_address>0x1be2</load_address>
         <run_address>0x1be2</run_address>
         <size>0x2</size>
         <input_file_ref idref="fl-d8"/>
      </object_component>
      <object_component id="oc-a5">
         <name>.text</name>
         <load_address>0x1be4</load_address>
         <run_address>0x1be4</run_address>
         <size>0x328</size>
         <input_file_ref idref="fl-5"/>
      </object_component>
      <object_component id="oc-26a">
         <name>.text:_pconv_a</name>
         <load_address>0x1f0c</load_address>
         <run_address>0x1f0c</run_address>
         <size>0x270</size>
         <input_file_ref idref="fl-d9"/>
      </object_component>
      <object_component id="oc-258">
         <name>.text:_pconv_g</name>
         <load_address>0x217c</load_address>
         <run_address>0x217c</run_address>
         <size>0x1d0</size>
         <input_file_ref idref="fl-d9"/>
      </object_component>
      <object_component id="oc-323">
         <name>.text</name>
         <load_address>0x234c</load_address>
         <run_address>0x234c</run_address>
         <size>0x1b6</size>
         <input_file_ref idref="fl-f2"/>
      </object_component>
      <object_component id="oc-3a5">
         <name>.text</name>
         <load_address>0x2502</load_address>
         <run_address>0x2502</run_address>
         <size>0x2</size>
         <input_file_ref idref="fl-f9"/>
      </object_component>
      <object_component id="oc-264">
         <name>.text:_pconv_e</name>
         <load_address>0x2504</load_address>
         <run_address>0x2504</run_address>
         <size>0x13c</size>
         <input_file_ref idref="fl-d9"/>
      </object_component>
      <object_component id="oc-bc">
         <name>.text</name>
         <load_address>0x2640</load_address>
         <run_address>0x2640</run_address>
         <size>0x136</size>
         <input_file_ref idref="fl-c5"/>
      </object_component>
      <object_component id="oc-335">
         <name>.text:fcvt</name>
         <load_address>0x2778</load_address>
         <run_address>0x2778</run_address>
         <size>0x120</size>
         <input_file_ref idref="fl-d9"/>
      </object_component>
      <object_component id="oc-29c">
         <name>.text:fputs</name>
         <load_address>0x2898</load_address>
         <run_address>0x2898</run_address>
         <size>0x114</size>
         <input_file_ref idref="fl-de"/>
      </object_component>
      <object_component id="oc-349">
         <name>.text:scalbn</name>
         <load_address>0x29ac</load_address>
         <run_address>0x29ac</run_address>
         <size>0x110</size>
         <input_file_ref idref="fl-ee"/>
      </object_component>
      <object_component id="oc-ac">
         <name>.text</name>
         <load_address>0x2abc</load_address>
         <run_address>0x2abc</run_address>
         <size>0x100</size>
         <input_file_ref idref="fl-2"/>
      </object_component>
      <object_component id="oc-b7">
         <name>.text</name>
         <load_address>0x2bbc</load_address>
         <run_address>0x2bbc</run_address>
         <size>0xfc</size>
         <input_file_ref idref="fl-c6"/>
      </object_component>
      <object_component id="oc-3dc">
         <name>.text:setvbuf</name>
         <load_address>0x2cb8</load_address>
         <run_address>0x2cb8</run_address>
         <size>0xdc</size>
         <input_file_ref idref="fl-f7"/>
      </object_component>
      <object_component id="oc-416">
         <name>.text:free</name>
         <load_address>0x2d94</load_address>
         <run_address>0x2d94</run_address>
         <size>0xd8</size>
         <input_file_ref idref="fl-fa"/>
      </object_component>
      <object_component id="oc-24d">
         <name>.text:_ltostr</name>
         <load_address>0x2e6c</load_address>
         <run_address>0x2e6c</run_address>
         <size>0xb1</size>
         <input_file_ref idref="fl-d9"/>
      </object_component>
      <object_component id="oc-1ec">
         <name>.text:CS_startHFXTWithTimeout</name>
         <load_address>0x2f20</load_address>
         <run_address>0x2f20</run_address>
         <size>0x9c</size>
         <input_file_ref idref="fl-b"/>
      </object_component>
      <object_component id="oc-33">
         <name>.text</name>
         <load_address>0x2fbc</load_address>
         <run_address>0x2fbc</run_address>
         <size>0x9c</size>
         <input_file_ref idref="fl-d3"/>
      </object_component>
      <object_component id="oc-311">
         <name>.text</name>
         <load_address>0x3058</load_address>
         <run_address>0x3058</run_address>
         <size>0x96</size>
         <input_file_ref idref="fl-f1"/>
      </object_component>
      <object_component id="oc-2a3">
         <name>.text:fputc</name>
         <load_address>0x30f0</load_address>
         <run_address>0x30f0</run_address>
         <size>0x8c</size>
         <input_file_ref idref="fl-dd"/>
      </object_component>
      <object_component id="oc-253">
         <name>.text:__aeabi_cdcmple</name>
         <load_address>0x317c</load_address>
         <run_address>0x317c</run_address>
         <size>0x86</size>
         <input_file_ref idref="fl-f3"/>
      </object_component>
      <object_component id="oc-318">
         <name>.text:__aeabi_cdrcmple</name>
         <load_address>0x3202</load_address>
         <run_address>0x3202</run_address>
         <size>0x86</size>
         <input_file_ref idref="fl-f3"/>
      </object_component>
      <object_component id="oc-10e">
         <name>.text:fflush</name>
         <load_address>0x3288</load_address>
         <run_address>0x3288</run_address>
         <size>0x7c</size>
         <input_file_ref idref="fl-cd"/>
      </object_component>
      <object_component id="oc-8d">
         <name>.text</name>
         <load_address>0x3304</load_address>
         <run_address>0x3304</run_address>
         <size>0x7a</size>
         <input_file_ref idref="fl-d2"/>
      </object_component>
      <object_component id="oc-41c">
         <name>.text:malloc</name>
         <load_address>0x3380</load_address>
         <run_address>0x3380</run_address>
         <size>0x78</size>
         <input_file_ref idref="fl-fa"/>
      </object_component>
      <object_component id="oc-47a">
         <name>.text:__TI_closefile</name>
         <load_address>0x33f8</load_address>
         <run_address>0x33f8</run_address>
         <size>0x74</size>
         <input_file_ref idref="fl-fd"/>
      </object_component>
      <object_component id="oc-2d2">
         <name>.text:_CSGetHFXTFrequency</name>
         <load_address>0x346c</load_address>
         <run_address>0x346c</run_address>
         <size>0x70</size>
         <input_file_ref idref="fl-b"/>
      </object_component>
      <object_component id="oc-32e">
         <name>.text:_mcpy</name>
         <load_address>0x34dc</load_address>
         <run_address>0x34dc</run_address>
         <size>0x6e</size>
         <input_file_ref idref="fl-d9"/>
      </object_component>
      <object_component id="oc-44b">
         <name>.text:HOSTlseek</name>
         <load_address>0x354c</load_address>
         <run_address>0x354c</run_address>
         <size>0x68</size>
         <input_file_ref idref="fl-e5"/>
      </object_component>
      <object_component id="oc-457">
         <name>.text:HOSTrename</name>
         <load_address>0x35b4</load_address>
         <run_address>0x35b4</run_address>
         <size>0x68</size>
         <input_file_ref idref="fl-e8"/>
      </object_component>
      <object_component id="oc-10">
         <name>.text:decompress:lzss:__TI_decompress_lzss</name>
         <load_address>0x361c</load_address>
         <run_address>0x361c</run_address>
         <size>0x68</size>
         <input_file_ref idref="fl-cb"/>
      </object_component>
      <object_component id="oc-cc">
         <name>.text:printf</name>
         <load_address>0x3684</load_address>
         <run_address>0x3684</run_address>
         <size>0x68</size>
         <input_file_ref idref="fl-ce"/>
      </object_component>
      <object_component id="oc-e4">
         <name>.text:Interrupt_enableInterrupt</name>
         <load_address>0x36ec</load_address>
         <run_address>0x36ec</run_address>
         <size>0x64</size>
         <input_file_ref idref="fl-d"/>
      </object_component>
      <object_component id="oc-343">
         <name>.text:frexp</name>
         <load_address>0x3750</load_address>
         <run_address>0x3750</run_address>
         <size>0x64</size>
         <input_file_ref idref="fl-ed"/>
      </object_component>
      <object_component id="oc-3d6">
         <name>.text:fseek</name>
         <load_address>0x37b4</load_address>
         <run_address>0x37b4</run_address>
         <size>0x64</size>
         <input_file_ref idref="fl-f5"/>
      </object_component>
      <object_component id="oc-378">
         <name>.text:__TI_wrt_ok</name>
         <load_address>0x3818</load_address>
         <run_address>0x3818</run_address>
         <size>0x62</size>
         <input_file_ref idref="fl-f4"/>
      </object_component>
      <object_component id="oc-433">
         <name>.text:HOSTopen</name>
         <load_address>0x387c</load_address>
         <run_address>0x387c</run_address>
         <size>0x60</size>
         <input_file_ref idref="fl-e6"/>
      </object_component>
      <object_component id="oc-4ac">
         <name>.text:close</name>
         <load_address>0x38dc</load_address>
         <run_address>0x38dc</run_address>
         <size>0x5c</size>
         <input_file_ref idref="fl-103"/>
      </object_component>
      <object_component id="oc-43f">
         <name>.text:HOSTread</name>
         <load_address>0x3938</load_address>
         <run_address>0x3938</run_address>
         <size>0x58</size>
         <input_file_ref idref="fl-e7"/>
      </object_component>
      <object_component id="oc-445">
         <name>.text:HOSTwrite</name>
         <load_address>0x3990</load_address>
         <run_address>0x3990</run_address>
         <size>0x58</size>
         <input_file_ref idref="fl-ea"/>
      </object_component>
      <object_component id="oc-25e">
         <name>.text:_pconv_f</name>
         <load_address>0x39e8</load_address>
         <run_address>0x39e8</run_address>
         <size>0x56</size>
         <input_file_ref idref="fl-d9"/>
      </object_component>
      <object_component id="oc-31d">
         <name>.text:ltoa</name>
         <load_address>0x3a3e</load_address>
         <run_address>0x3a3e</run_address>
         <size>0x54</size>
         <input_file_ref idref="fl-df"/>
      </object_component>
      <object_component id="oc-328">
         <name>.text:_ecpy</name>
         <load_address>0x3a92</load_address>
         <run_address>0x3a92</run_address>
         <size>0x52</size>
         <input_file_ref idref="fl-d9"/>
      </object_component>
      <object_component id="oc-20d">
         <name>.text:__TI_doflush</name>
         <load_address>0x3ae4</load_address>
         <run_address>0x3ae4</run_address>
         <size>0x4c</size>
         <input_file_ref idref="fl-cd"/>
      </object_component>
      <object_component id="oc-247">
         <name>.text:atoi</name>
         <load_address>0x3b30</load_address>
         <run_address>0x3b30</run_address>
         <size>0x4c</size>
         <input_file_ref idref="fl-db"/>
      </object_component>
      <object_component id="oc-164">
         <name>.text:exit</name>
         <load_address>0x3b7c</load_address>
         <run_address>0x3b7c</run_address>
         <size>0x48</size>
         <input_file_ref idref="fl-d7"/>
      </object_component>
      <object_component id="oc-c1">
         <name>.text</name>
         <load_address>0x3bc4</load_address>
         <run_address>0x3bc4</run_address>
         <size>0x48</size>
         <input_file_ref idref="fl-c7"/>
      </object_component>
      <object_component id="oc-439">
         <name>.text:HOSTclose</name>
         <load_address>0x3c0c</load_address>
         <run_address>0x3c0c</run_address>
         <size>0x44</size>
         <input_file_ref idref="fl-e4"/>
      </object_component>
      <object_component id="oc-451">
         <name>.text:HOSTunlink</name>
         <load_address>0x3c50</load_address>
         <run_address>0x3c50</run_address>
         <size>0x44</size>
         <input_file_ref idref="fl-e9"/>
      </object_component>
      <object_component id="oc-16a">
         <name>.text:__TI_auto_init_nobinit_nopinit:__TI_auto_init_nobinit_nopinit</name>
         <load_address>0x3c94</load_address>
         <run_address>0x3c94</run_address>
         <size>0x44</size>
         <input_file_ref idref="fl-d4"/>
      </object_component>
      <object_component id="oc-4d3">
         <name>.text:getdevice</name>
         <load_address>0x3cd8</load_address>
         <run_address>0x3cd8</run_address>
         <size>0x44</size>
         <input_file_ref idref="fl-fe"/>
      </object_component>
      <object_component id="oc-c6">
         <name>.text:sprintf</name>
         <load_address>0x3d1c</load_address>
         <run_address>0x3d1c</run_address>
         <size>0x40</size>
         <input_file_ref idref="fl-cf"/>
      </object_component>
      <object_component id="oc-33b">
         <name>.text:_fcpy</name>
         <load_address>0x3d5c</load_address>
         <run_address>0x3d5c</run_address>
         <size>0x3e</size>
         <input_file_ref idref="fl-d9"/>
      </object_component>
      <object_component id="oc-46f">
         <name>.text:minsert</name>
         <load_address>0x3d9c</load_address>
         <run_address>0x3d9c</run_address>
         <size>0x3c</size>
         <input_file_ref idref="fl-fa"/>
      </object_component>
      <object_component id="oc-483">
         <name>.text:__TI_writemsg</name>
         <load_address>0x3dd8</load_address>
         <run_address>0x3dd8</run_address>
         <size>0x38</size>
         <input_file_ref idref="fl-eb"/>
      </object_component>
      <object_component id="oc-51">
         <name>.text:_c_int00_noargs:_c_int00_noargs</name>
         <load_address>0x3e10</load_address>
         <run_address>0x3e10</run_address>
         <size>0x38</size>
         <input_file_ref idref="fl-d1"/>
      </object_component>
      <object_component id="oc-463">
         <name>.text:minit</name>
         <load_address>0x3e48</load_address>
         <run_address>0x3e48</run_address>
         <size>0x38</size>
         <input_file_ref idref="fl-fa"/>
      </object_component>
      <object_component id="oc-4e5">
         <name>.text:strncpy</name>
         <load_address>0x3e80</load_address>
         <run_address>0x3e80</run_address>
         <size>0x36</size>
         <input_file_ref idref="fl-101"/>
      </object_component>
      <object_component id="oc-422">
         <name>.text:__TI_cleanup</name>
         <load_address>0x3eb8</load_address>
         <run_address>0x3eb8</run_address>
         <size>0x34</size>
         <input_file_ref idref="fl-fb"/>
      </object_component>
      <object_component id="oc-489">
         <name>.text:__TI_readmsg</name>
         <load_address>0x3eec</load_address>
         <run_address>0x3eec</run_address>
         <size>0x34</size>
         <input_file_ref idref="fl-eb"/>
      </object_component>
      <object_component id="oc-d2">
         <name>.text:GPIO_setAsInputPinWithPullUpResistor</name>
         <load_address>0x3f20</load_address>
         <run_address>0x3f20</run_address>
         <size>0x30</size>
         <input_file_ref idref="fl-c"/>
      </object_component>
      <object_component id="oc-107">
         <name>.text:convertToBCD</name>
         <load_address>0x3f50</load_address>
         <run_address>0x3f50</run_address>
         <size>0x30</size>
         <input_file_ref idref="fl-3"/>
      </object_component>
      <object_component id="oc-4eb">
         <name>.text:finddevice</name>
         <load_address>0x3f80</load_address>
         <run_address>0x3f80</run_address>
         <size>0x30</size>
         <input_file_ref idref="fl-fe"/>
      </object_component>
      <object_component id="oc-b2">
         <name>.text</name>
         <load_address>0x3fb0</load_address>
         <run_address>0x3fb0</run_address>
         <size>0x2e</size>
         <input_file_ref idref="fl-c8"/>
      </object_component>
      <object_component id="oc-4b2">
         <name>.text:unlink</name>
         <load_address>0x3fe0</load_address>
         <run_address>0x3fe0</run_address>
         <size>0x2c</size>
         <input_file_ref idref="fl-102"/>
      </object_component>
      <object_component id="oc-11e">
         <name>.text:convertFromBCD</name>
         <load_address>0x400c</load_address>
         <run_address>0x400c</run_address>
         <size>0x28</size>
         <input_file_ref idref="fl-3"/>
      </object_component>
      <object_component id="oc-40e">
         <name>.text:lseek</name>
         <load_address>0x4034</load_address>
         <run_address>0x4034</run_address>
         <size>0x28</size>
         <input_file_ref idref="fl-f6"/>
      </object_component>
      <object_component id="oc-469">
         <name>.text:mremove</name>
         <load_address>0x405c</load_address>
         <run_address>0x405c</run_address>
         <size>0x28</size>
         <input_file_ref idref="fl-fa"/>
      </object_component>
      <object_component id="oc-2df">
         <name>.text:write</name>
         <load_address>0x4084</load_address>
         <run_address>0x4084</run_address>
         <size>0x28</size>
         <input_file_ref idref="fl-d0"/>
      </object_component>
      <object_component id="oc-37e">
         <name>.text:memchr</name>
         <load_address>0x40ac</load_address>
         <run_address>0x40ac</run_address>
         <size>0x20</size>
         <input_file_ref idref="fl-e1"/>
      </object_component>
      <object_component id="oc-270">
         <name>.text:memccpy</name>
         <load_address>0x40cc</load_address>
         <run_address>0x40cc</run_address>
         <size>0x1c</size>
         <input_file_ref idref="fl-e0"/>
      </object_component>
      <object_component id="oc-d8">
         <name>.text:GPIO_clearInterruptFlag</name>
         <load_address>0x40e8</load_address>
         <run_address>0x40e8</run_address>
         <size>0x18</size>
         <input_file_ref idref="fl-c"/>
      </object_component>
      <object_component id="oc-1ab">
         <name>.text:_outs</name>
         <load_address>0x4100</load_address>
         <run_address>0x4100</run_address>
         <size>0x18</size>
         <input_file_ref idref="fl-cf"/>
      </object_component>
      <object_component id="oc-4fc">
         <name>.text:strcmp</name>
         <load_address>0x4118</load_address>
         <run_address>0x4118</run_address>
         <size>0x18</size>
         <input_file_ref idref="fl-100"/>
      </object_component>
      <object_component id="oc-34f">
         <name>.text:strchr</name>
         <load_address>0x4130</load_address>
         <run_address>0x4130</run_address>
         <size>0x16</size>
         <input_file_ref idref="fl-e2"/>
      </object_component>
      <object_component id="oc-f0">
         <name>.text:CS_setExternalClockSourceFrequency</name>
         <load_address>0x4148</load_address>
         <run_address>0x4148</run_address>
         <size>0x14</size>
         <input_file_ref idref="fl-b"/>
      </object_component>
      <object_component id="oc-de">
         <name>.text:GPIO_enableInterrupt</name>
         <load_address>0x415c</load_address>
         <run_address>0x415c</run_address>
         <size>0x14</size>
         <input_file_ref idref="fl-c"/>
      </object_component>
      <object_component id="oc-3ba">
         <name>.text:copysign</name>
         <load_address>0x4170</load_address>
         <run_address>0x4170</run_address>
         <size>0x14</size>
         <input_file_ref idref="fl-f0"/>
      </object_component>
      <object_component id="oc-49d">
         <name>.text:strcpy</name>
         <load_address>0x4184</load_address>
         <run_address>0x4184</run_address>
         <size>0x14</size>
         <input_file_ref idref="fl-f8"/>
      </object_component>
      <object_component id="oc-241">
         <name>.text:strlen</name>
         <load_address>0x4198</load_address>
         <run_address>0x4198</run_address>
         <size>0x14</size>
         <input_file_ref idref="fl-e3"/>
      </object_component>
      <object_component id="oc-3f">
         <name>.text:decompress:ZI:__TI_zero_init_nomemset:__TI_zero_init_nomemset</name>
         <load_address>0x41ac</load_address>
         <run_address>0x41ac</run_address>
         <size>0x12</size>
         <input_file_ref idref="fl-c9"/>
      </object_component>
      <object_component id="oc-276">
         <name>.text:wcslen</name>
         <load_address>0x41be</load_address>
         <run_address>0x41be</run_address>
         <size>0x12</size>
         <input_file_ref idref="fl-ef"/>
      </object_component>
      <object_component id="oc-ea">
         <name>.text:Interrupt_enableMaster</name>
         <load_address>0x41d0</load_address>
         <run_address>0x41d0</run_address>
         <size>0x10</size>
         <input_file_ref idref="fl-d"/>
      </object_component>
      <object_component id="oc-2cc">
         <name>.text:SysCtl_disableNMISource</name>
         <load_address>0x41e0</load_address>
         <run_address>0x41e0</run_address>
         <size>0x10</size>
         <input_file_ref idref="fl-e"/>
      </object_component>
      <object_component id="oc-2d8">
         <name>.text:SysCtl_enableNMISource</name>
         <load_address>0x41f0</load_address>
         <run_address>0x41f0</run_address>
         <size>0x10</size>
         <input_file_ref idref="fl-e"/>
      </object_component>
      <object_component id="oc-16">
         <name>.text:decompress:none:__TI_decompress_none</name>
         <load_address>0x4200</load_address>
         <run_address>0x4200</run_address>
         <size>0xe</size>
         <input_file_ref idref="fl-ca"/>
      </object_component>
      <object_component id="oc-63">
         <name>.text</name>
         <load_address>0x420e</load_address>
         <run_address>0x420e</run_address>
         <size>0xe</size>
         <input_file_ref idref="fl-4"/>
      </object_component>
      <object_component id="oc-1e0">
         <name>.text:CPU_cpsie</name>
         <load_address>0x421c</load_address>
         <run_address>0x421c</run_address>
         <size>0xc</size>
         <input_file_ref idref="fl-f"/>
      </object_component>
      <object_component id="oc-2c6">
         <name>.text:SysCtl_getNMISourceStatus</name>
         <load_address>0x4228</load_address>
         <run_address>0x4228</run_address>
         <size>0xc</size>
         <input_file_ref idref="fl-e"/>
      </object_component>
      <object_component id="oc-1b1">
         <name>.text:_outc</name>
         <load_address>0x4234</load_address>
         <run_address>0x4234</run_address>
         <size>0xa</size>
         <input_file_ref idref="fl-cf"/>
      </object_component>
      <object_component id="oc-27c">
         <name>.text:__aeabi_errno_addr</name>
         <load_address>0x4240</load_address>
         <run_address>0x4240</run_address>
         <size>0x8</size>
         <input_file_ref idref="fl-ec"/>
      </object_component>
      <object_component id="oc-f6">
         <name>.text:CS_startHFXT</name>
         <load_address>0x4248</load_address>
         <run_address>0x4248</run_address>
         <size>0x6</size>
         <input_file_ref idref="fl-b"/>
      </object_component>
      <object_component id="oc-1c7">
         <name>.text:_outc</name>
         <load_address>0x424e</load_address>
         <run_address>0x424e</run_address>
         <size>0x4</size>
         <input_file_ref idref="fl-ce"/>
      </object_component>
      <object_component id="oc-1c1">
         <name>.text:_outs</name>
         <load_address>0x4252</load_address>
         <run_address>0x4252</run_address>
         <size>0x4</size>
         <input_file_ref idref="fl-ce"/>
      </object_component>
      <object_component id="oc-93">
         <name>.text:_system_pre_init</name>
         <load_address>0x4256</load_address>
         <run_address>0x4256</run_address>
         <size>0x4</size>
         <input_file_ref idref="fl-d5"/>
      </object_component>
      <object_component id="oc-15e">
         <name>.text:abort:abort</name>
         <load_address>0x425a</load_address>
         <run_address>0x425a</run_address>
         <size>0x4</size>
         <input_file_ref idref="fl-d7"/>
      </object_component>
      <object_component id="oc-30c">
         <name>.const:.string:_ctypes_</name>
         <load_address>0x4260</load_address>
         <run_address>0x4260</run_address>
         <size>0x101</size>
         <input_file_ref idref="fl-dc"/>
      </object_component>
      <object_component id="oc-1db">
         <name>.const</name>
         <load_address>0x4364</load_address>
         <run_address>0x4364</run_address>
         <size>0x40</size>
         <input_file_ref idref="fl-d"/>
      </object_component>
      <object_component id="oc-ff">
         <name>.const:i2cConfig2</name>
         <load_address>0x43a4</load_address>
         <run_address>0x43a4</run_address>
         <size>0x14</size>
         <input_file_ref idref="fl-3"/>
      </object_component>
      <object_component id="oc-535">
         <name>.cinit..data.load</name>
         <load_address>0x43b8</load_address>
         <run_address>0x43b8</run_address>
         <size>0xab</size>
      </object_component>
      <object_component id="oc-533">
         <name>__TI_handler_table</name>
         <load_address>0x4464</load_address>
         <run_address>0x4464</run_address>
         <size>0xc</size>
      </object_component>
      <object_component id="oc-536">
         <name>.cinit..bss.load</name>
         <load_address>0x4470</load_address>
         <run_address>0x4470</run_address>
         <size>0x8</size>
      </object_component>
      <object_component id="oc-534">
         <name>__TI_cinit_table</name>
         <load_address>0x4478</load_address>
         <run_address>0x4478</run_address>
         <size>0x10</size>
      </object_component>
      <object_component id="oc-fc">
         <name>.data</name>
         <load_address>0x20000c34</load_address>
         <run_address>0x20000c34</run_address>
         <size>0x44</size>
         <input_file_ref idref="fl-3"/>
      </object_component>
      <object_component id="oc-19c">
         <name>.data</name>
         <load_address>0x20000cdc</load_address>
         <run_address>0x20000cdc</run_address>
         <size>0x4</size>
         <input_file_ref idref="fl-5"/>
      </object_component>
      <object_component id="oc-1cf">
         <name>.data:GPIO_PORT_TO_BASE</name>
         <load_address>0x20000c78</load_address>
         <run_address>0x20000c78</run_address>
         <size>0x30</size>
         <input_file_ref idref="fl-c"/>
      </object_component>
      <object_component id="oc-11b">
         <name>.data:_ftable</name>
         <load_address>0x20000a7c</load_address>
         <run_address>0x20000a7c</run_address>
         <size>0xf0</size>
         <input_file_ref idref="fl-cc"/>
      </object_component>
      <object_component id="oc-213">
         <name>.data</name>
         <load_address>0x20000ca8</load_address>
         <run_address>0x20000ca8</run_address>
         <size>0x10</size>
         <input_file_ref idref="fl-cc"/>
      </object_component>
      <object_component id="oc-3ec">
         <name>.data:_device</name>
         <load_address>0x20000b6c</load_address>
         <run_address>0x20000b6c</run_address>
         <size>0x78</size>
         <input_file_ref idref="fl-d0"/>
      </object_component>
      <object_component id="oc-38d">
         <name>.data:_stream</name>
         <load_address>0x20000be4</load_address>
         <run_address>0x20000be4</run_address>
         <size>0x50</size>
         <input_file_ref idref="fl-d0"/>
      </object_component>
      <object_component id="oc-223">
         <name>.data:$O1$$</name>
         <load_address>0x20000cb8</load_address>
         <run_address>0x20000cb8</run_address>
         <size>0xc</size>
         <input_file_ref idref="fl-d7"/>
      </object_component>
      <object_component id="oc-1be">
         <name>.data:$O1$$</name>
         <load_address>0x20000cd0</load_address>
         <run_address>0x20000cd0</run_address>
         <size>0x8</size>
         <input_file_ref idref="fl-d8"/>
      </object_component>
      <object_component id="oc-35f">
         <name>.data</name>
         <load_address>0x20000cd8</load_address>
         <run_address>0x20000cd8</run_address>
         <size>0x4</size>
         <input_file_ref idref="fl-ec"/>
      </object_component>
      <object_component id="oc-475">
         <name>.data:$O1$$</name>
         <load_address>0x20000cc4</load_address>
         <run_address>0x20000cc4</run_address>
         <size>0xc</size>
         <input_file_ref idref="fl-fa"/>
      </object_component>
      <object_component id="oc-4bb">
         <name>.bss:_CIOBUF_</name>
         <uninitialized>true</uninitialized>
         <run_address>0x20000800</run_address>
         <size>0x120</size>
         <input_file_ref idref="fl-eb"/>
      </object_component>
      <object_component id="oc-114">
         <name>.common:bcdSecond</name>
         <uninitialized>true</uninitialized>
         <run_address>0x20000a75</run_address>
         <size>0x1</size>
      </object_component>
      <object_component id="oc-115">
         <name>.common:bcdMinute</name>
         <uninitialized>true</uninitialized>
         <run_address>0x20000a73</run_address>
         <size>0x1</size>
      </object_component>
      <object_component id="oc-116">
         <name>.common:bcdHour</name>
         <uninitialized>true</uninitialized>
         <run_address>0x20000a72</run_address>
         <size>0x1</size>
      </object_component>
      <object_component id="oc-117">
         <name>.common:bcdDay</name>
         <uninitialized>true</uninitialized>
         <run_address>0x20000a71</run_address>
         <size>0x1</size>
      </object_component>
      <object_component id="oc-118">
         <name>.common:bcdDate</name>
         <uninitialized>true</uninitialized>
         <run_address>0x20000a70</run_address>
         <size>0x1</size>
      </object_component>
      <object_component id="oc-119">
         <name>.common:bcdMonth</name>
         <uninitialized>true</uninitialized>
         <run_address>0x20000a74</run_address>
         <size>0x1</size>
      </object_component>
      <object_component id="oc-11a">
         <name>.common:bcdYear</name>
         <uninitialized>true</uninitialized>
         <run_address>0x20000a76</run_address>
         <size>0x1</size>
      </object_component>
      <object_component id="oc-105">
         <name>.common:row</name>
         <uninitialized>true</uninitialized>
         <run_address>0x20000a78</run_address>
         <size>0x1</size>
      </object_component>
      <object_component id="oc-102">
         <name>.common:col</name>
         <uninitialized>true</uninitialized>
         <run_address>0x20000a77</run_address>
         <size>0x1</size>
      </object_component>
      <object_component id="oc-106">
         <name>.common:value</name>
         <uninitialized>true</uninitialized>
         <run_address>0x20000a79</run_address>
         <size>0x1</size>
      </object_component>
      <object_component id="oc-126">
         <name>.common:timeArr1</name>
         <uninitialized>true</uninitialized>
         <run_address>0x200009c0</run_address>
         <size>0x1c</size>
      </object_component>
      <object_component id="oc-127">
         <name>.common:timeArr2</name>
         <uninitialized>true</uninitialized>
         <run_address>0x200009dc</run_address>
         <size>0x1c</size>
      </object_component>
      <object_component id="oc-128">
         <name>.common:timeArr3</name>
         <uninitialized>true</uninitialized>
         <run_address>0x200009f8</run_address>
         <size>0x1c</size>
      </object_component>
      <object_component id="oc-129">
         <name>.common:timeArr4</name>
         <uninitialized>true</uninitialized>
         <run_address>0x20000a14</run_address>
         <size>0x1c</size>
      </object_component>
      <object_component id="oc-12a">
         <name>.common:timeArr5</name>
         <uninitialized>true</uninitialized>
         <run_address>0x20000a30</run_address>
         <size>0x1c</size>
      </object_component>
      <object_component id="oc-125">
         <name>.common:RTC_registers</name>
         <uninitialized>true</uninitialized>
         <run_address>0x20000a4c</run_address>
         <size>0x14</size>
      </object_component>
      <object_component id="oc-1ea">
         <name>.common:hfxtFreq</name>
         <uninitialized>true</uninitialized>
         <run_address>0x20000a68</run_address>
         <size>0x4</size>
      </object_component>
      <object_component id="oc-1e7">
         <name>.common:lfxtFreq</name>
         <uninitialized>true</uninitialized>
         <run_address>0x20000a6c</run_address>
         <size>0x4</size>
      </object_component>
      <object_component id="oc-4b8">
         <name>.common:__TI_tmpnams</name>
         <uninitialized>true</uninitialized>
         <run_address>0x20000920</run_address>
         <size>0xa0</size>
      </object_component>
      <object_component id="oc-48f">
         <name>.common:parmbuf</name>
         <uninitialized>true</uninitialized>
         <run_address>0x20000a60</run_address>
         <size>0x8</size>
      </object_component>
      <object_component id="oc-25">
         <name>.sysmem</name>
         <uninitialized>true</uninitialized>
         <run_address>0x20000000</run_address>
         <size>0x8</size>
         <input_file_ref idref="fl-fa"/>
      </object_component>
      <object_component id="oc-538">
         <name>.sysmem</name>
         <uninitialized>true</uninitialized>
         <run_address>0x20000000</run_address>
         <size>0x0</size>
      </object_component>
      <object_component id="oc-22">
         <name>.stack</name>
         <uninitialized>true</uninitialized>
         <run_address>0x2000fe00</run_address>
         <size>0x4</size>
         <input_file_ref idref="fl-d1"/>
      </object_component>
      <object_component id="oc-537">
         <name>.stack</name>
         <uninitialized>true</uninitialized>
         <run_address>0x2000fe00</run_address>
         <size>0x0</size>
      </object_component>
      <object_component id="oc-221">
         <name>.debug_info</name>
         <load_address>0x0</load_address>
         <run_address>0x0</run_address>
         <size>0x649</size>
         <input_file_ref idref="fl-2"/>
      </object_component>
      <object_component id="oc-ad">
         <name>.debug_info</name>
         <load_address>0x649</load_address>
         <run_address>0x649</run_address>
         <size>0x54d</size>
         <input_file_ref idref="fl-2"/>
      </object_component>
      <object_component id="oc-1fe">
         <name>.debug_info</name>
         <load_address>0xb96</load_address>
         <run_address>0xb96</run_address>
         <size>0x1055</size>
         <input_file_ref idref="fl-2"/>
      </object_component>
      <object_component id="oc-13d">
         <name>.debug_info</name>
         <load_address>0x1beb</load_address>
         <run_address>0x1beb</run_address>
         <size>0x26b</size>
         <input_file_ref idref="fl-2"/>
      </object_component>
      <object_component id="oc-136">
         <name>.debug_info</name>
         <load_address>0x1e56</load_address>
         <run_address>0x1e56</run_address>
         <size>0x37e2</size>
         <input_file_ref idref="fl-2"/>
      </object_component>
      <object_component id="oc-1f9">
         <name>.debug_info</name>
         <load_address>0x5638</load_address>
         <run_address>0x5638</run_address>
         <size>0x9a</size>
         <input_file_ref idref="fl-2"/>
      </object_component>
      <object_component id="oc-2ee">
         <name>.debug_info</name>
         <load_address>0x56d2</load_address>
         <run_address>0x56d2</run_address>
         <size>0x341</size>
         <input_file_ref idref="fl-2"/>
      </object_component>
      <object_component id="oc-12c">
         <name>.debug_info</name>
         <load_address>0x5a13</load_address>
         <run_address>0x5a13</run_address>
         <size>0x8b</size>
         <input_file_ref idref="fl-2"/>
      </object_component>
      <object_component id="oc-21c">
         <name>.debug_info</name>
         <load_address>0x5a9e</load_address>
         <run_address>0x5a9e</run_address>
         <size>0x297</size>
         <input_file_ref idref="fl-2"/>
      </object_component>
      <object_component id="oc-208">
         <name>.debug_info</name>
         <load_address>0x5d35</load_address>
         <run_address>0x5d35</run_address>
         <size>0xef</size>
         <input_file_ref idref="fl-2"/>
      </object_component>
      <object_component id="oc-131">
         <name>.debug_info</name>
         <load_address>0x5e24</load_address>
         <run_address>0x5e24</run_address>
         <size>0xbb</size>
         <input_file_ref idref="fl-2"/>
      </object_component>
      <object_component id="oc-203">
         <name>.debug_info</name>
         <load_address>0x5edf</load_address>
         <run_address>0x5edf</run_address>
         <size>0xcc</size>
         <input_file_ref idref="fl-2"/>
      </object_component>
      <object_component id="oc-1b9">
         <name>.debug_info</name>
         <load_address>0x5fab</load_address>
         <run_address>0x5fab</run_address>
         <size>0x2c</size>
         <input_file_ref idref="fl-2"/>
      </object_component>
      <object_component id="oc-103">
         <name>.debug_info</name>
         <load_address>0x5fd7</load_address>
         <run_address>0x5fd7</run_address>
         <size>0xb9d</size>
         <input_file_ref idref="fl-3"/>
      </object_component>
      <object_component id="oc-fd">
         <name>.debug_info</name>
         <load_address>0x6b74</load_address>
         <run_address>0x6b74</run_address>
         <size>0x352</size>
         <input_file_ref idref="fl-3"/>
      </object_component>
      <object_component id="oc-100">
         <name>.debug_info</name>
         <load_address>0x6ec6</load_address>
         <run_address>0x6ec6</run_address>
         <size>0xe7</size>
         <input_file_ref idref="fl-3"/>
      </object_component>
      <object_component id="oc-6a">
         <name>.debug_info</name>
         <load_address>0x6fad</load_address>
         <run_address>0x6fad</run_address>
         <size>0x1371</size>
         <input_file_ref idref="fl-3"/>
      </object_component>
      <object_component id="oc-108">
         <name>.debug_info</name>
         <load_address>0x831e</load_address>
         <run_address>0x831e</run_address>
         <size>0x138</size>
         <input_file_ref idref="fl-3"/>
      </object_component>
      <object_component id="oc-11f">
         <name>.debug_info</name>
         <load_address>0x8456</load_address>
         <run_address>0x8456</run_address>
         <size>0x13c</size>
         <input_file_ref idref="fl-3"/>
      </object_component>
      <object_component id="oc-71">
         <name>.debug_info</name>
         <load_address>0x8592</load_address>
         <run_address>0x8592</run_address>
         <size>0x2da</size>
         <input_file_ref idref="fl-4"/>
      </object_component>
      <object_component id="oc-20">
         <name>.debug_info</name>
         <load_address>0x886c</load_address>
         <run_address>0x886c</run_address>
         <size>0x106</size>
         <input_file_ref idref="fl-4"/>
      </object_component>
      <object_component id="oc-64">
         <name>.debug_info</name>
         <load_address>0x8972</load_address>
         <run_address>0x8972</run_address>
         <size>0x1cd</size>
         <input_file_ref idref="fl-4"/>
      </object_component>
      <object_component id="oc-2e">
         <name>.debug_info</name>
         <load_address>0x8b3f</load_address>
         <run_address>0x8b3f</run_address>
         <size>0x84</size>
         <input_file_ref idref="fl-4"/>
      </object_component>
      <object_component id="oc-19d">
         <name>.debug_info</name>
         <load_address>0x8bc3</load_address>
         <run_address>0x8bc3</run_address>
         <size>0xff</size>
         <input_file_ref idref="fl-5"/>
      </object_component>
      <object_component id="oc-a6">
         <name>.debug_info</name>
         <load_address>0x8cc2</load_address>
         <run_address>0x8cc2</run_address>
         <size>0x271</size>
         <input_file_ref idref="fl-5"/>
      </object_component>
      <object_component id="oc-1e8">
         <name>.debug_info</name>
         <load_address>0x8f33</load_address>
         <run_address>0x8f33</run_address>
         <size>0x5ef</size>
         <input_file_ref idref="fl-b"/>
      </object_component>
      <object_component id="oc-2d6">
         <name>.debug_info</name>
         <load_address>0x9522</load_address>
         <run_address>0x9522</run_address>
         <size>0xfc</size>
         <input_file_ref idref="fl-b"/>
      </object_component>
      <object_component id="oc-1f0">
         <name>.debug_info</name>
         <load_address>0x961e</load_address>
         <run_address>0x961e</run_address>
         <size>0x23c</size>
         <input_file_ref idref="fl-b"/>
      </object_component>
      <object_component id="oc-fa">
         <name>.debug_info</name>
         <load_address>0x985a</load_address>
         <run_address>0x985a</run_address>
         <size>0x122</size>
         <input_file_ref idref="fl-b"/>
      </object_component>
      <object_component id="oc-f4">
         <name>.debug_info</name>
         <load_address>0x997c</load_address>
         <run_address>0x997c</run_address>
         <size>0x1dd</size>
         <input_file_ref idref="fl-b"/>
      </object_component>
      <object_component id="oc-2c1">
         <name>.debug_info</name>
         <load_address>0x9b59</load_address>
         <run_address>0x9b59</run_address>
         <size>0x1b5</size>
         <input_file_ref idref="fl-b"/>
      </object_component>
      <object_component id="oc-2b5">
         <name>.debug_info</name>
         <load_address>0x9d0e</load_address>
         <run_address>0x9d0e</run_address>
         <size>0x103e</size>
         <input_file_ref idref="fl-b"/>
      </object_component>
      <object_component id="oc-1d3">
         <name>.debug_info</name>
         <load_address>0xad4c</load_address>
         <run_address>0xad4c</run_address>
         <size>0x18b</size>
         <input_file_ref idref="fl-b"/>
      </object_component>
      <object_component id="oc-1d8">
         <name>.debug_info</name>
         <load_address>0xaed7</load_address>
         <run_address>0xaed7</run_address>
         <size>0x4a4</size>
         <input_file_ref idref="fl-c"/>
      </object_component>
      <object_component id="oc-1d0">
         <name>.debug_info</name>
         <load_address>0xb37b</load_address>
         <run_address>0xb37b</run_address>
         <size>0xd0</size>
         <input_file_ref idref="fl-c"/>
      </object_component>
      <object_component id="oc-d5">
         <name>.debug_info</name>
         <load_address>0xb44b</load_address>
         <run_address>0xb44b</run_address>
         <size>0x1be</size>
         <input_file_ref idref="fl-c"/>
      </object_component>
      <object_component id="oc-e2">
         <name>.debug_info</name>
         <load_address>0xb609</load_address>
         <run_address>0xb609</run_address>
         <size>0x17f</size>
         <input_file_ref idref="fl-c"/>
      </object_component>
      <object_component id="oc-dc">
         <name>.debug_info</name>
         <load_address>0xb788</load_address>
         <run_address>0xb788</run_address>
         <size>0x188</size>
         <input_file_ref idref="fl-c"/>
      </object_component>
      <object_component id="oc-1df">
         <name>.debug_info</name>
         <load_address>0xb910</load_address>
         <run_address>0xb910</run_address>
         <size>0x432</size>
         <input_file_ref idref="fl-d"/>
      </object_component>
      <object_component id="oc-1dc">
         <name>.debug_info</name>
         <load_address>0xbd42</load_address>
         <run_address>0xbd42</run_address>
         <size>0x173</size>
         <input_file_ref idref="fl-d"/>
      </object_component>
      <object_component id="oc-ee">
         <name>.debug_info</name>
         <load_address>0xbeb5</load_address>
         <run_address>0xbeb5</run_address>
         <size>0x122</size>
         <input_file_ref idref="fl-d"/>
      </object_component>
      <object_component id="oc-e8">
         <name>.debug_info</name>
         <load_address>0xbfd7</load_address>
         <run_address>0xbfd7</run_address>
         <size>0x16b</size>
         <input_file_ref idref="fl-d"/>
      </object_component>
      <object_component id="oc-38a">
         <name>.debug_info</name>
         <load_address>0xc142</load_address>
         <run_address>0xc142</run_address>
         <size>0x379</size>
         <input_file_ref idref="fl-e"/>
      </object_component>
      <object_component id="oc-2c7">
         <name>.debug_info</name>
         <load_address>0xc4bb</load_address>
         <run_address>0xc4bb</run_address>
         <size>0x10f</size>
         <input_file_ref idref="fl-e"/>
      </object_component>
      <object_component id="oc-2d9">
         <name>.debug_info</name>
         <load_address>0xc5ca</load_address>
         <run_address>0xc5ca</run_address>
         <size>0x12b</size>
         <input_file_ref idref="fl-e"/>
      </object_component>
      <object_component id="oc-2cf">
         <name>.debug_info</name>
         <load_address>0xc6f5</load_address>
         <run_address>0xc6f5</run_address>
         <size>0x12d</size>
         <input_file_ref idref="fl-e"/>
      </object_component>
      <object_component id="oc-1e2">
         <name>.debug_info</name>
         <load_address>0xc822</load_address>
         <run_address>0xc822</run_address>
         <size>0xe7</size>
         <input_file_ref idref="fl-f"/>
      </object_component>
      <object_component id="oc-bf">
         <name>.debug_info</name>
         <load_address>0xc909</load_address>
         <run_address>0xc909</run_address>
         <size>0x132</size>
         <input_file_ref idref="fl-c5"/>
      </object_component>
      <object_component id="oc-b8">
         <name>.debug_info</name>
         <load_address>0xca3b</load_address>
         <run_address>0xca3b</run_address>
         <size>0x132</size>
         <input_file_ref idref="fl-c6"/>
      </object_component>
      <object_component id="oc-c4">
         <name>.debug_info</name>
         <load_address>0xcb6d</load_address>
         <run_address>0xcb6d</run_address>
         <size>0x126</size>
         <input_file_ref idref="fl-c7"/>
      </object_component>
      <object_component id="oc-b5">
         <name>.debug_info</name>
         <load_address>0xcc93</load_address>
         <run_address>0xcc93</run_address>
         <size>0x124</size>
         <input_file_ref idref="fl-c8"/>
      </object_component>
      <object_component id="oc-8c">
         <name>.debug_info</name>
         <load_address>0xcdb7</load_address>
         <run_address>0xcdb7</run_address>
         <size>0x313</size>
         <input_file_ref idref="fl-c9"/>
      </object_component>
      <object_component id="oc-42">
         <name>.debug_info</name>
         <load_address>0xd0ca</load_address>
         <run_address>0xd0ca</run_address>
         <size>0x1b4</size>
         <input_file_ref idref="fl-c9"/>
      </object_component>
      <object_component id="oc-87">
         <name>.debug_info</name>
         <load_address>0xd27e</load_address>
         <run_address>0xd27e</run_address>
         <size>0x46</size>
         <input_file_ref idref="fl-c9"/>
      </object_component>
      <object_component id="oc-155">
         <name>.debug_info</name>
         <load_address>0xd2c4</load_address>
         <run_address>0xd2c4</run_address>
         <size>0x2c</size>
         <input_file_ref idref="fl-c9"/>
      </object_component>
      <object_component id="oc-3e">
         <name>.debug_info</name>
         <load_address>0xd2f0</load_address>
         <run_address>0xd2f0</run_address>
         <size>0x29d</size>
         <input_file_ref idref="fl-ca"/>
      </object_component>
      <object_component id="oc-17">
         <name>.debug_info</name>
         <load_address>0xd58d</load_address>
         <run_address>0xd58d</run_address>
         <size>0x1df</size>
         <input_file_ref idref="fl-ca"/>
      </object_component>
      <object_component id="oc-39">
         <name>.debug_info</name>
         <load_address>0xd76c</load_address>
         <run_address>0xd76c</run_address>
         <size>0x46</size>
         <input_file_ref idref="fl-ca"/>
      </object_component>
      <object_component id="oc-7f">
         <name>.debug_info</name>
         <load_address>0xd7b2</load_address>
         <run_address>0xd7b2</run_address>
         <size>0x2c</size>
         <input_file_ref idref="fl-ca"/>
      </object_component>
      <object_component id="oc-7d">
         <name>.debug_info</name>
         <load_address>0xd7de</load_address>
         <run_address>0xd7de</run_address>
         <size>0x293</size>
         <input_file_ref idref="fl-cb"/>
      </object_component>
      <object_component id="oc-13">
         <name>.debug_info</name>
         <load_address>0xda71</load_address>
         <run_address>0xda71</run_address>
         <size>0x245</size>
         <input_file_ref idref="fl-cb"/>
      </object_component>
      <object_component id="oc-29">
         <name>.debug_info</name>
         <load_address>0xdcb6</load_address>
         <run_address>0xdcb6</run_address>
         <size>0x60</size>
         <input_file_ref idref="fl-cb"/>
      </object_component>
      <object_component id="oc-14e">
         <name>.debug_info</name>
         <load_address>0xdd16</load_address>
         <run_address>0xdd16</run_address>
         <size>0x46</size>
         <input_file_ref idref="fl-cb"/>
      </object_component>
      <object_component id="oc-78">
         <name>.debug_info</name>
         <load_address>0xdd5c</load_address>
         <run_address>0xdd5c</run_address>
         <size>0x39</size>
         <input_file_ref idref="fl-cb"/>
      </object_component>
      <object_component id="oc-21a">
         <name>.debug_info</name>
         <load_address>0xdd95</load_address>
         <run_address>0xdd95</run_address>
         <size>0x139</size>
         <input_file_ref idref="fl-cc"/>
      </object_component>
      <object_component id="oc-11c">
         <name>.debug_info</name>
         <load_address>0xdece</load_address>
         <run_address>0xdece</run_address>
         <size>0xf7</size>
         <input_file_ref idref="fl-cc"/>
      </object_component>
      <object_component id="oc-214">
         <name>.debug_info</name>
         <load_address>0xdfc5</load_address>
         <run_address>0xdfc5</run_address>
         <size>0x184</size>
         <input_file_ref idref="fl-cc"/>
      </object_component>
      <object_component id="oc-2ac">
         <name>.debug_info</name>
         <load_address>0xe149</load_address>
         <run_address>0xe149</run_address>
         <size>0xb2</size>
         <input_file_ref idref="fl-cc"/>
      </object_component>
      <object_component id="oc-217">
         <name>.debug_info</name>
         <load_address>0xe1fb</load_address>
         <run_address>0xe1fb</run_address>
         <size>0x33c</size>
         <input_file_ref idref="fl-cd"/>
      </object_component>
      <object_component id="oc-20f">
         <name>.debug_info</name>
         <load_address>0xe537</load_address>
         <run_address>0xe537</run_address>
         <size>0x17f</size>
         <input_file_ref idref="fl-cd"/>
      </object_component>
      <object_component id="oc-10f">
         <name>.debug_info</name>
         <load_address>0xe6b6</load_address>
         <run_address>0xe6b6</run_address>
         <size>0x1bd</size>
         <input_file_ref idref="fl-cd"/>
      </object_component>
      <object_component id="oc-1ce">
         <name>.debug_info</name>
         <load_address>0xe873</load_address>
         <run_address>0xe873</run_address>
         <size>0x3da</size>
         <input_file_ref idref="fl-ce"/>
      </object_component>
      <object_component id="oc-1c8">
         <name>.debug_info</name>
         <load_address>0xec4d</load_address>
         <run_address>0xec4d</run_address>
         <size>0x14c</size>
         <input_file_ref idref="fl-ce"/>
      </object_component>
      <object_component id="oc-1c2">
         <name>.debug_info</name>
         <load_address>0xed99</load_address>
         <run_address>0xed99</run_address>
         <size>0x15b</size>
         <input_file_ref idref="fl-ce"/>
      </object_component>
      <object_component id="oc-cd">
         <name>.debug_info</name>
         <load_address>0xeef4</load_address>
         <run_address>0xeef4</run_address>
         <size>0x1a1</size>
         <input_file_ref idref="fl-ce"/>
      </object_component>
      <object_component id="oc-1b8">
         <name>.debug_info</name>
         <load_address>0xf095</load_address>
         <run_address>0xf095</run_address>
         <size>0x328</size>
         <input_file_ref idref="fl-cf"/>
      </object_component>
      <object_component id="oc-c7">
         <name>.debug_info</name>
         <load_address>0xf3bd</load_address>
         <run_address>0xf3bd</run_address>
         <size>0x1c6</size>
         <input_file_ref idref="fl-cf"/>
      </object_component>
      <object_component id="oc-1ac">
         <name>.debug_info</name>
         <load_address>0xf583</load_address>
         <run_address>0xf583</run_address>
         <size>0x182</size>
         <input_file_ref idref="fl-cf"/>
      </object_component>
      <object_component id="oc-1b2">
         <name>.debug_info</name>
         <load_address>0xf705</load_address>
         <run_address>0xf705</run_address>
         <size>0x162</size>
         <input_file_ref idref="fl-cf"/>
      </object_component>
      <object_component id="oc-366">
         <name>.debug_info</name>
         <load_address>0xf867</load_address>
         <run_address>0xf867</run_address>
         <size>0x2c</size>
         <input_file_ref idref="fl-cf"/>
      </object_component>
      <object_component id="oc-391">
         <name>.debug_info</name>
         <load_address>0xf893</load_address>
         <run_address>0xf893</run_address>
         <size>0x4c5</size>
         <input_file_ref idref="fl-d0"/>
      </object_component>
      <object_component id="oc-3ed">
         <name>.debug_info</name>
         <load_address>0xfd58</load_address>
         <run_address>0xfd58</run_address>
         <size>0xf8</size>
         <input_file_ref idref="fl-d0"/>
      </object_component>
      <object_component id="oc-38e">
         <name>.debug_info</name>
         <load_address>0xfe50</load_address>
         <run_address>0xfe50</run_address>
         <size>0xf8</size>
         <input_file_ref idref="fl-d0"/>
      </object_component>
      <object_component id="oc-2e0">
         <name>.debug_info</name>
         <load_address>0xff48</load_address>
         <run_address>0xff48</run_address>
         <size>0x184</size>
         <input_file_ref idref="fl-d0"/>
      </object_component>
      <object_component id="oc-3f3">
         <name>.debug_info</name>
         <load_address>0x100cc</load_address>
         <run_address>0x100cc</run_address>
         <size>0x120</size>
         <input_file_ref idref="fl-d0"/>
      </object_component>
      <object_component id="oc-3f8">
         <name>.debug_info</name>
         <load_address>0x101ec</load_address>
         <run_address>0x101ec</run_address>
         <size>0x2c</size>
         <input_file_ref idref="fl-d0"/>
      </object_component>
      <object_component id="oc-23">
         <name>.debug_info</name>
         <load_address>0x10218</load_address>
         <run_address>0x10218</run_address>
         <size>0x100</size>
         <input_file_ref idref="fl-d1"/>
      </object_component>
      <object_component id="oc-55">
         <name>.debug_info</name>
         <load_address>0x10318</load_address>
         <run_address>0x10318</run_address>
         <size>0x1a4</size>
         <input_file_ref idref="fl-d1"/>
      </object_component>
      <object_component id="oc-8e">
         <name>.debug_info</name>
         <load_address>0x104bc</load_address>
         <run_address>0x104bc</run_address>
         <size>0x13f</size>
         <input_file_ref idref="fl-d2"/>
      </object_component>
      <object_component id="oc-34">
         <name>.debug_info</name>
         <load_address>0x105fb</load_address>
         <run_address>0x105fb</run_address>
         <size>0x111</size>
         <input_file_ref idref="fl-d3"/>
      </object_component>
      <object_component id="oc-22a">
         <name>.debug_info</name>
         <load_address>0x1070c</load_address>
         <run_address>0x1070c</run_address>
         <size>0x547</size>
         <input_file_ref idref="fl-d4"/>
      </object_component>
      <object_component id="oc-16d">
         <name>.debug_info</name>
         <load_address>0x10c53</load_address>
         <run_address>0x10c53</run_address>
         <size>0x19b</size>
         <input_file_ref idref="fl-d4"/>
      </object_component>
      <object_component id="oc-2f9">
         <name>.debug_info</name>
         <load_address>0x10dee</load_address>
         <run_address>0x10dee</run_address>
         <size>0x39</size>
         <input_file_ref idref="fl-d4"/>
      </object_component>
      <object_component id="oc-392">
         <name>.debug_info</name>
         <load_address>0x10e27</load_address>
         <run_address>0x10e27</run_address>
         <size>0x39</size>
         <input_file_ref idref="fl-d4"/>
      </object_component>
      <object_component id="oc-2fe">
         <name>.debug_info</name>
         <load_address>0x10e60</load_address>
         <run_address>0x10e60</run_address>
         <size>0x39</size>
         <input_file_ref idref="fl-d4"/>
      </object_component>
      <object_component id="oc-303">
         <name>.debug_info</name>
         <load_address>0x10e99</load_address>
         <run_address>0x10e99</run_address>
         <size>0xcd</size>
         <input_file_ref idref="fl-d4"/>
      </object_component>
      <object_component id="oc-95">
         <name>.debug_info</name>
         <load_address>0x10f66</load_address>
         <run_address>0x10f66</run_address>
         <size>0x148</size>
         <input_file_ref idref="fl-d5"/>
      </object_component>
      <object_component id="oc-227">
         <name>.debug_info</name>
         <load_address>0x110ae</load_address>
         <run_address>0x110ae</run_address>
         <size>0x3a2</size>
         <input_file_ref idref="fl-d7"/>
      </object_component>
      <object_component id="oc-224">
         <name>.debug_info</name>
         <load_address>0x11450</load_address>
         <run_address>0x11450</run_address>
         <size>0x185</size>
         <input_file_ref idref="fl-d7"/>
      </object_component>
      <object_component id="oc-15f">
         <name>.debug_info</name>
         <load_address>0x115d5</load_address>
         <run_address>0x115d5</run_address>
         <size>0x117</size>
         <input_file_ref idref="fl-d7"/>
      </object_component>
      <object_component id="oc-165">
         <name>.debug_info</name>
         <load_address>0x116ec</load_address>
         <run_address>0x116ec</run_address>
         <size>0x179</size>
         <input_file_ref idref="fl-d7"/>
      </object_component>
      <object_component id="oc-29a">
         <name>.debug_info</name>
         <load_address>0x11865</load_address>
         <run_address>0x11865</run_address>
         <size>0x2be</size>
         <input_file_ref idref="fl-d8"/>
      </object_component>
      <object_component id="oc-1bf">
         <name>.debug_info</name>
         <load_address>0x11b23</load_address>
         <run_address>0x11b23</run_address>
         <size>0x113</size>
         <input_file_ref idref="fl-d8"/>
      </object_component>
      <object_component id="oc-293">
         <name>.debug_info</name>
         <load_address>0x11c36</load_address>
         <run_address>0x11c36</run_address>
         <size>0x123</size>
         <input_file_ref idref="fl-d8"/>
      </object_component>
[...]
         <value>0x3ae5</value>
         <object_component_ref idref="oc-20d"/>
      </symbol>
      <symbol id="sm-3f0">
         <name>fflush</name>
         <value>0x3289</value>
         <object_component_ref idref="oc-10e"/>
      </symbol>
      <symbol id="sm-417">
         <name>printf</name>
         <value>0x3685</value>
         <object_component_ref idref="oc-cc"/>
      </symbol>
      <symbol id="sm-43e">
         <name>sprintf</name>
         <value>0x3d1d</value>
         <object_component_ref idref="oc-c6"/>
      </symbol>
      <symbol id="sm-464">
         <name>_stream</name>
         <value>0x20000be4</value>
         <object_component_ref idref="oc-38d"/>
      </symbol>
      <symbol id="sm-465">
         <name>_device</name>
         <value>0x20000b6c</value>
         <object_component_ref idref="oc-3ec"/>
      </symbol>
      <symbol id="sm-466">
         <name>write</name>
         <value>0x4085</value>
         <object_component_ref idref="oc-2df"/>
      </symbol>
      <symbol id="sm-479">
         <name>__stack</name>
         <value>0x2000fe00</value>
         <object_component_ref idref="oc-22"/>
      </symbol>
      <symbol id="sm-47a">
         <name>_c_int00_noargs</name>
         <value>0x3e11</value>
         <object_component_ref idref="oc-51"/>
      </symbol>
      <symbol id="sm-489">
         <name>__aeabi_memset</name>
         <value>0x3307</value>
         <object_component_ref idref="oc-8d"/>
      </symbol>
      <symbol id="sm-48a">
         <name>memset</name>
         <value>0x330d</value>
         <object_component_ref idref="oc-8d"/>
      </symbol>
      <symbol id="sm-48b">
         <name>__aeabi_memset8</name>
         <value>0x3307</value>
         <object_component_ref idref="oc-8d"/>
      </symbol>
      <symbol id="sm-48c">
         <name>__aeabi_memset4</name>
         <value>0x3307</value>
         <object_component_ref idref="oc-8d"/>
      </symbol>
      <symbol id="sm-48d">
         <name>__aeabi_memclr8</name>
         <value>0x3305</value>
         <object_component_ref idref="oc-8d"/>
      </symbol>
      <symbol id="sm-48e">
         <name>__aeabi_memclr4</name>
         <value>0x3305</value>
         <object_component_ref idref="oc-8d"/>
      </symbol>
      <symbol id="sm-48f">
         <name>__aeabi_memclr</name>
         <value>0x3305</value>
         <object_component_ref idref="oc-8d"/>
      </symbol>
      <symbol id="sm-4aa">
         <name>memcpy</name>
         <value>0x2fbd</value>
         <object_component_ref idref="oc-33"/>
      </symbol>
      <symbol id="sm-4ab">
         <name>__aeabi_memcpy</name>
         <value>0x2fbd</value>
         <object_component_ref idref="oc-33"/>
      </symbol>
      <symbol id="sm-4ac">
         <name>__aeabi_memcpy8</name>
         <value>0x2fbd</value>
         <object_component_ref idref="oc-33"/>
      </symbol>
      <symbol id="sm-4ad">
         <name>__aeabi_memcpy4</name>
         <value>0x2fbd</value>
         <object_component_ref idref="oc-33"/>
      </symbol>
      <symbol id="sm-4d5">
         <name>__TI_auto_init_nobinit_nopinit</name>
         <value>0x3c95</value>
         <object_component_ref idref="oc-16a"/>
      </symbol>
      <symbol id="sm-4df">
         <name>_system_pre_init</name>
         <value>0x4257</value>
         <object_component_ref idref="oc-93"/>
      </symbol>
      <symbol id="sm-506">
         <name>C$$EXIT</name>
         <value>0x425b</value>
         <object_component_ref idref="oc-15e"/>
      </symbol>
      <symbol id="sm-507">
         <name>abort</name>
         <value>0x425b</value>
         <object_component_ref idref="oc-15e"/>
      </symbol>
      <symbol id="sm-508">
         <name>__TI_dtors_ptr</name>
         <value>0x20000cbc</value>
         <object_component_ref idref="oc-223"/>
      </symbol>
      <symbol id="sm-509">
         <name>__TI_cleanup_ptr</name>
         <value>0x20000cb8</value>
         <object_component_ref idref="oc-223"/>
      </symbol>
      <symbol id="sm-50a">
         <name>__TI_enable_exit_profile_output</name>
         <value>0x20000cc0</value>
         <object_component_ref idref="oc-223"/>
      </symbol>
      <symbol id="sm-50b">
         <name>exit</name>
         <value>0x3b7d</value>
         <object_component_ref idref="oc-164"/>
      </symbol>
      <symbol id="sm-520">
         <name>_nop</name>
         <value>0x1be3</value>
         <object_component_ref idref="oc-292"/>
      </symbol>
      <symbol id="sm-521">
         <name>_lock</name>
         <value>0x20000cd0</value>
         <object_component_ref idref="oc-1be"/>
      </symbol>
      <symbol id="sm-522">
         <name>_unlock</name>
         <value>0x20000cd4</value>
         <object_component_ref idref="oc-1be"/>
      </symbol>
      <symbol id="sm-687">
         <name>__TI_printfi</name>
         <value>0x1185</value>
         <object_component_ref idref="oc-1a5"/>
      </symbol>
      <symbol id="sm-69e">
         <name>atoi</name>
         <value>0x3b31</value>
         <object_component_ref idref="oc-247"/>
      </symbol>
      <symbol id="sm-6a9">
         <name>_ctypes_</name>
         <value>0x4260</value>
         <object_component_ref idref="oc-30c"/>
      </symbol>
      <symbol id="sm-6be">
         <name>putc</name>
         <value>0x30f1</value>
         <object_component_ref idref="oc-2a3"/>
      </symbol>
      <symbol id="sm-6bf">
         <name>fputc</name>
         <value>0x30f1</value>
         <object_component_ref idref="oc-2a3"/>
      </symbol>
      <symbol id="sm-6dd">
         <name>fputs</name>
         <value>0x2899</value>
         <object_component_ref idref="oc-29c"/>
      </symbol>
      <symbol id="sm-6ec">
         <name>ltoa</name>
         <value>0x3a3f</value>
         <object_component_ref idref="oc-31d"/>
      </symbol>
      <symbol id="sm-6fc">
         <name>memccpy</name>
         <value>0x40cd</value>
         <object_component_ref idref="oc-270"/>
      </symbol>
      <symbol id="sm-70c">
         <name>memchr</name>
         <value>0x40ad</value>
         <object_component_ref idref="oc-37e"/>
      </symbol>
      <symbol id="sm-71c">
         <name>strchr</name>
         <value>0x4131</value>
         <object_component_ref idref="oc-34f"/>
      </symbol>
      <symbol id="sm-72a">
         <name>strlen</name>
         <value>0x4199</value>
         <object_component_ref idref="oc-241"/>
      </symbol>
      <symbol id="sm-73b">
         <name>HOSTclose</name>
         <value>0x3c0d</value>
         <object_component_ref idref="oc-439"/>
      </symbol>
      <symbol id="sm-74c">
         <name>HOSTlseek</name>
         <value>0x354d</value>
         <object_component_ref idref="oc-44b"/>
      </symbol>
      <symbol id="sm-75e">
         <name>parmbuf</name>
         <value>0x20000a60</value>
      </symbol>
      <symbol id="sm-75f">
         <name>HOSTopen</name>
         <value>0x387d</value>
         <object_component_ref idref="oc-433"/>
      </symbol>
      <symbol id="sm-770">
         <name>HOSTread</name>
         <value>0x3939</value>
         <object_component_ref idref="oc-43f"/>
      </symbol>
      <symbol id="sm-781">
         <name>HOSTrename</name>
         <value>0x35b5</value>
         <object_component_ref idref="oc-457"/>
      </symbol>
      <symbol id="sm-792">
         <name>HOSTunlink</name>
         <value>0x3c51</value>
         <object_component_ref idref="oc-451"/>
      </symbol>
      <symbol id="sm-7a3">
         <name>HOSTwrite</name>
         <value>0x3991</value>
         <object_component_ref idref="oc-445"/>
      </symbol>
      <symbol id="sm-7c7">
         <name>__TI_readmsg</name>
         <value>0x3eed</value>
         <object_component_ref idref="oc-489"/>
      </symbol>
      <symbol id="sm-7c8">
         <name>C$$IO$$</name>
         <value>0x3e07</value>
         <object_component_ref idref="oc-483"/>
      </symbol>
      <symbol id="sm-7c9">
         <name>__CIOBUF_</name>
         <value>0x20000800</value>
         <object_component_ref idref="oc-4bb"/>
      </symbol>
      <symbol id="sm-7ca">
         <name>__TI_writemsg</name>
         <value>0x3dd9</value>
         <object_component_ref idref="oc-483"/>
      </symbol>
      <symbol id="sm-7e0">
         <name>__aeabi_errno_addr</name>
         <value>0x4241</value>
         <object_component_ref idref="oc-27c"/>
      </symbol>
      <symbol id="sm-7e1">
         <name>errno</name>
         <value>0x20000cd8</value>
         <object_component_ref idref="oc-35f"/>
      </symbol>
      <symbol id="sm-801">
         <name>frexpl</name>
         <value>0x3751</value>
         <object_component_ref idref="oc-343"/>
      </symbol>
      <symbol id="sm-802">
         <name>frexp</name>
         <value>0x3751</value>
         <object_component_ref idref="oc-343"/>
      </symbol>
      <symbol id="sm-81f">
         <name>scalbn</name>
         <value>0x29ad</value>
         <object_component_ref idref="oc-349"/>
      </symbol>
      <symbol id="sm-820">
         <name>scalbnl</name>
         <value>0x29ad</value>
         <object_component_ref idref="oc-349"/>
      </symbol>
      <symbol id="sm-821">
         <name>ldexpl</name>
         <value>0x29ad</value>
         <object_component_ref idref="oc-349"/>
      </symbol>
      <symbol id="sm-822">
         <name>ldexp</name>
         <value>0x29ad</value>
         <object_component_ref idref="oc-349"/>
      </symbol>
      <symbol id="sm-83b">
         <name>wcslen</name>
         <value>0x41bf</value>
         <object_component_ref idref="oc-276"/>
      </symbol>
      <symbol id="sm-845">
         <name>copysign</name>
         <value>0x4171</value>
         <object_component_ref idref="oc-3ba"/>
      </symbol>
      <symbol id="sm-846">
         <name>copysignl</name>
         <value>0x4171</value>
         <object_component_ref idref="oc-3ba"/>
      </symbol>
      <symbol id="sm-853">
         <name>__aeabi_uldivmod</name>
         <value>0x3059</value>
         <object_component_ref idref="oc-311"/>
      </symbol>
      <symbol id="sm-86a">
         <name>__aeabi_dsub</name>
         <value>0x234d</value>
         <object_component_ref idref="oc-323"/>
      </symbol>
      <symbol id="sm-86b">
         <name>__aeabi_dadd</name>
         <value>0x2357</value>
         <object_component_ref idref="oc-323"/>
      </symbol>
      <symbol id="sm-88d">
         <name>__aeabi_cdcmpeq</name>
         <value>0x317d</value>
         <object_component_ref idref="oc-253"/>
      </symbol>
      <symbol id="sm-88e">
         <name>__aeabi_cdcmple</name>
         <value>0x317d</value>
         <object_component_ref idref="oc-253"/>
      </symbol>
      <symbol id="sm-88f">
         <name>__aeabi_cdrcmple</name>
         <value>0x3203</value>
         <object_component_ref idref="oc-318"/>
      </symbol>
      <symbol id="sm-8a7">
         <name>__TI_wrt_ok</name>
         <value>0x3819</value>
         <object_component_ref idref="oc-378"/>
      </symbol>
      <symbol id="sm-8b9">
         <name>fseek</name>
         <value>0x37b5</value>
         <object_component_ref idref="oc-3d6"/>
      </symbol>
      <symbol id="sm-8c9">
         <name>lseek</name>
         <value>0x4035</value>
         <object_component_ref idref="oc-40e"/>
      </symbol>
      <symbol id="sm-8e5">
         <name>setvbuf</name>
         <value>0x2cb9</value>
         <object_component_ref idref="oc-3dc"/>
      </symbol>
      <symbol id="sm-8f3">
         <name>strcpy</name>
         <value>0x4185</value>
         <object_component_ref idref="oc-49d"/>
      </symbol>
      <symbol id="sm-8fd">
         <name>__aeabi_idiv0</name>
         <value>0x2503</value>
         <object_component_ref idref="oc-3a5"/>
      </symbol>
      <symbol id="sm-8fe">
         <name>__aeabi_ldiv0</name>
         <value>0x2503</value>
         <object_component_ref idref="oc-3a5"/>
      </symbol>
      <symbol id="sm-979">
         <name>_sys_memory</name>
         <value>0x20000000</value>
         <object_component_ref idref="oc-25"/>
      </symbol>
      <symbol id="sm-97a">
         <name>free</name>
         <value>0x2d95</value>
         <object_component_ref idref="oc-416"/>
      </symbol>
      <symbol id="sm-97b">
         <name>malloc</name>
         <value>0x3381</value>
         <object_component_ref idref="oc-41c"/>
      </symbol>
      <symbol id="sm-97c">
         <name>minit</name>
         <value>0x3e49</value>
         <object_component_ref idref="oc-463"/>
      </symbol>
      <symbol id="sm-98c">
         <name>__TI_cleanup</name>
         <value>0x3eb9</value>
         <object_component_ref idref="oc-422"/>
      </symbol>
      <symbol id="sm-9a2">
         <name>__TI_closefile</name>
         <value>0x33f9</value>
         <object_component_ref idref="oc-47a"/>
      </symbol>
      <symbol id="sm-9c5">
         <name>finddevice</name>
         <value>0x3f81</value>
         <object_component_ref idref="oc-4eb"/>
      </symbol>
      <symbol id="sm-9c6">
         <name>getdevice</name>
         <value>0x3cd9</value>
         <object_component_ref idref="oc-4d3"/>
      </symbol>
      <symbol id="sm-9d6">
         <name>strcmp</name>
         <value>0x4119</value>
         <object_component_ref idref="oc-4fc"/>
      </symbol>
      <symbol id="sm-9e6">
         <name>strncpy</name>
         <value>0x3e81</value>
         <object_component_ref idref="oc-4e5"/>
      </symbol>
      <symbol id="sm-9f6">
         <name>unlink</name>
         <value>0x3fe1</value>
         <object_component_ref idref="oc-4b2"/>
      </symbol>
      <symbol id="sm-a0a">
         <name>close</name>
         <value>0x38dd</value>
         <object_component_ref idref="oc-4ac"/>
      </symbol>
      <symbol id="sm-a0b">
         <name>__TI_static_base__</name>
         <value>0x0</value>
      </symbol>
      <symbol id="sm-a0e">
         <name>__mpu_init</name>
         <value>0x0</value>
      </symbol>
      <symbol id="sm-a0f">
         <name>_system_post_cinit</name>
         <value>0x0</value>
      </symbol>
      <symbol id="sm-a10">
         <name>NMI_Handler</name>
         <value>0x421b</value>
      </symbol>
      <symbol id="sm-a11">
         <name>HardFault_Handler</name>
         <value>0x421b</value>
      </symbol>
      <symbol id="sm-a12">
         <name>MemManage_Handler</name>
         <value>0x421b</value>
      </symbol>
      <symbol id="sm-a13">
         <name>BusFault_Handler</name>
         <value>0x421b</value>
      </symbol>
      <symbol id="sm-a14">
         <name>UsageFault_Handler</name>
         <value>0x421b</value>
      </symbol>
      <symbol id="sm-a15">
         <name>SVC_Handler</name>
         <value>0x421b</value>
      </symbol>
      <symbol id="sm-a16">
         <name>DebugMon_Handler</name>
         <value>0x421b</value>
      </symbol>
      <symbol id="sm-a17">
         <name>PendSV_Handler</name>
         <value>0x421b</value>
      </symbol>
      <symbol id="sm-a18">
         <name>SysTick_Handler</name>
         <value>0x421b</value>
      </symbol>
      <symbol id="sm-a19">
         <name>PSS_IRQHandler</name>
         <value>0x421b</value>
      </symbol>
      <symbol id="sm-a1a">
         <name>CS_IRQHandler</name>
         <value>0x421b</value>
      </symbol>
      <symbol id="sm-a1b">
         <name>PCM_IRQHandler</name>
         <value>0x421b</value>
      </symbol>
      <symbol id="sm-a1c">
         <name>WDT_A_IRQHandler</name>
         <value>0x421b</value>
      </symbol>
      <symbol id="sm-a1d">
         <name>FPU_IRQHandler</name>
         <value>0x421b</value>
      </symbol>
      <symbol id="sm-a1e">
         <name>FLCTL_IRQHandler</name>
         <value>0x421b</value>
      </symbol>
      <symbol id="sm-a1f">
         <name>COMP_E0_IRQHandler</name>
         <value>0x421b</value>
      </symbol>
      <symbol id="sm-a20">
         <name>COMP_E1_IRQHandler</name>
         <value>0x421b</value>
      </symbol>
      <symbol id="sm-a21">
         <name>TA0_0_IRQHandler</name>
         <value>0x421b</value>
      </symbol>
      <symbol id="sm-a22">
         <name>TA0_N_IRQHandler</name>
         <value>0x421b</value>
      </symbol>
      <symbol id="sm-a23">
         <name>TA1_0_IRQHandler</name>
         <value>0x421b</value>
      </symbol>
      <symbol id="sm-a24">
         <name>TA1_N_IRQHandler</name>
         <value>0x421b</value>
      </symbol>
      <symbol id="sm-a25">
         <name>TA2_0_IRQHandler</name>
         <value>0x421b</value>
      </symbol>
      <symbol id="sm-a26">
         <name>TA2_N_IRQHandler</name>
         <value>0x421b</value>
      </symbol>
      <symbol id="sm-a27">
         <name>TA3_0_IRQHandler</name>
         <value>0x421b</value>
      </symbol>
      <symbol id="sm-a28">
         <name>TA3_N_IRQHandler</name>
         <value>0x421b</value>
      </symbol>
      <symbol id="sm-a29">
         <name>EUSCIA0_IRQHandler</name>
         <value>0x421b</value>
      </symbol>
      <symbol id="sm-a2a">
         <name>EUSCIA1_IRQHandler</name>
         <value>0x421b</value>
      </symbol>
      <symbol id="sm-a2b">
         <name>EUSCIA2_IRQHandler</name>
         <value>0x421b</value>
      </symbol>
      <symbol id="sm-a2c">
         <name>EUSCIA3_IRQHandler</name>
         <value>0x421b</value>
      </symbol>
      <symbol id="sm-a2d">
         <name>EUSCIB0_IRQHandler</name>
         <value>0x421b</value>
      </symbol>
      <symbol id="sm-a2e">
         <name>EUSCIB1_IRQHandler</name>
         <value>0x421b</value>
      </symbol>
      <symbol id="sm-a2f">
         <name>EUSCIB2_IRQHandler</name>
         <value>0x421b</value>
      </symbol>
      <symbol id="sm-a30">
         <name>EUSCIB3_IRQHandler</name>
         <value>0x421b</value>
      </symbol>
      <symbol id="sm-a31">
         <name>ADC14_IRQHandler</name>
         <value>0x421b</value>
      </symbol>
      <symbol id="sm-a32">
         <name>T32_INT1_IRQHandler</name>
         <value>0x10af</value>
      </symbol>
      <symbol id="sm-a33">
         <name>T32_INT2_IRQHandler</name>
         <value>0x421b</value>
      </symbol>
      <symbol id="sm-a34">
         <name>T32_INTC_IRQHandler</name>
         <value>0x421b</value>
      </symbol>
      <symbol id="sm-a35">
         <name>AES256_IRQHandler</name>
         <value>0x421b</value>
      </symbol>
      <symbol id="sm-a36">
         <name>RTC_C_IRQHandler</name>
         <value>0x421b</value>
      </symbol>
      <symbol id="sm-a37">
         <name>DMA_ERR_IRQHandler</name>
         <value>0x421b</value>
      </symbol>
      <symbol id="sm-a38">
         <name>DMA_INT3_IRQHandler</name>
         <value>0x421b</value>
      </symbol>
      <symbol id="sm-a39">
         <name>DMA_INT2_IRQHandler</name>
         <value>0x421b</value>
      </symbol>
      <symbol id="sm-a3a">
         <name>DMA_INT1_IRQHandler</name>
         <value>0x421b</value>
      </symbol>
      <symbol id="sm-a3b">
         <name>DMA_INT0_IRQHandler</name>
         <value>0x421b</value>
      </symbol>
      <symbol id="sm-a3c">
         <name>PORT1_IRQHandler</name>
         <value>0x421b</value>
      </symbol>
      <symbol id="sm-a3d">
         <name>PORT2_IRQHandler</name>
         <value>0x1067</value>
      </symbol>
      <symbol id="sm-a3e">
         <name>PORT3_IRQHandler</name>
         <value>0x421b</value>
      </symbol>
      <symbol id="sm-a3f">
         <name>PORT4_IRQHandler</name>
         <value>0x421b</value>
      </symbol>
      <symbol id="sm-a40">
         <name>PORT5_IRQHandler</name>
         <value>0x421b</value>
      </symbol>
      <symbol id="sm-a41">
         <name>PORT6_IRQHandler</name>
         <value>0x421b</value>
      </symbol>
      <symbol id="sm-a42">
         <name>remove</name>
         <value>0x3fe1</value>
      </symbol>
   </symbol_table>
   <title>Link successful</title>
</link_info>
