<?xml version="1.0" encoding="ISO-8859-1" ?>
<link_info>
   <banner>TI ARM Linker PC v18.1.3.LTS</banner>
   <copyright>Copyright (c) 1996-2017 Texas Instruments Incorporated</copyright>
   <link_time>0x5c091196</link_time>
   <link_errors>0x0</link_errors>
   <output_file>EGR326_Final_Project_Slave.out</output_file>
   <entry_point>
      <name>_c_int00_noargs</name>
      <address>0x4285</address>
   </entry_point>
   <input_file_list>
      <input_file id="fl-2">
         <path>.\</path>
         <kind>object</kind>
         <file>COMMONCLOCKS.obj</file>
         <name>COMMONCLOCKS.obj</name>
      </input_file>
      <input_file id="fl-3">
         <path>.\</path>
         <kind>object</kind>
         <file>main.obj</file>
         <name>main.obj</name>
      </input_file>
      <input_file id="fl-4">
         <path>.\</path>
         <kind>object</kind>
         <file>startup_msp432p401r_ccs.obj</file>
         <name>startup_msp432p401r_ccs.obj</name>
      </input_file>
      <input_file id="fl-5">
         <path>.\</path>
         <kind>object</kind>
         <file>system_msp432p401r.obj</file>
         <name>system_msp432p401r.obj</name>
      </input_file>
      <input_file id="fl-a">
         <kind>object</kind>
         <file>&lt;internal&gt;</file>
         <name>&lt;internal&gt;</name>
      </input_file>
      <input_file id="fl-b">
         <path>C:\ti\msp\MSP432Ware_3_50_00_02\driverlib\driverlib\MSP432P4xx\ccs\</path>
         <kind>archive</kind>
         <file>msp432p4xx_driverlib.lib</file>
         <name>cs.o</name>
      </input_file>
      <input_file id="fl-c">
         <path>C:\ti\msp\MSP432Ware_3_50_00_02\driverlib\driverlib\MSP432P4xx\ccs\</path>
         <kind>archive</kind>
         <file>msp432p4xx_driverlib.lib</file>
         <name>gpio.o</name>
      </input_file>
      <input_file id="fl-d">
         <path>C:\ti\msp\MSP432Ware_3_50_00_02\driverlib\driverlib\MSP432P4xx\ccs\</path>
         <kind>archive</kind>
         <file>msp432p4xx_driverlib.lib</file>
         <name>interrupt.o</name>
      </input_file>
      <input_file id="fl-e">
         <path>C:\ti\msp\MSP432Ware_3_50_00_02\driverlib\driverlib\MSP432P4xx\ccs\</path>
         <kind>archive</kind>
         <file>msp432p4xx_driverlib.lib</file>
         <name>sysctl.o</name>
      </input_file>
      <input_file id="fl-f">
         <path>C:\ti\msp\MSP432Ware_3_50_00_02\driverlib\driverlib\MSP432P4xx\ccs\</path>
         <kind>archive</kind>
         <file>msp432p4xx_driverlib.lib</file>
         <name>cpu.o</name>
      </input_file>
      <input_file id="fl-c5">
         <path>C:\ti\ccsv8\tools\compiler\ti-cgt-arm_18.1.3.LTS\lib\</path>
         <kind>archive</kind>
         <file>rtsv7M4_T_le_v4SPD16_eabi.lib</file>
         <name>fd_div_t2.asm.obj</name>
      </input_file>
      <input_file id="fl-c6">
         <path>C:\ti\ccsv8\tools\compiler\ti-cgt-arm_18.1.3.LTS\lib\</path>
         <kind>archive</kind>
         <file>rtsv7M4_T_le_v4SPD16_eabi.lib</file>
         <name>fd_mul_t2.asm.obj</name>
      </input_file>
      <input_file id="fl-c7">
         <path>C:\ti\ccsv8\tools\compiler\ti-cgt-arm_18.1.3.LTS\lib\</path>
         <kind>archive</kind>
         <file>rtsv7M4_T_le_v4SPD16_eabi.lib</file>
         <name>fd_toi_t2.asm.obj</name>
      </input_file>
      <input_file id="fl-c8">
         <path>C:\ti\ccsv8\tools\compiler\ti-cgt-arm_18.1.3.LTS\lib\</path>
         <kind>archive</kind>
         <file>rtsv7M4_T_le_v4SPD16_eabi.lib</file>
         <name>i_tofd_t2.asm.obj</name>
      </input_file>
      <input_file id="fl-c9">
         <path>C:\ti\ccsv8\tools\compiler\ti-cgt-arm_18.1.3.LTS\lib\</path>
         <kind>archive</kind>
         <file>rtsv7M4_T_le_v4SPD16_eabi.lib</file>
         <name>copy_zero_init.c.obj</name>
      </input_file>
      <input_file id="fl-ca">
         <path>C:\ti\ccsv8\tools\compiler\ti-cgt-arm_18.1.3.LTS\lib\</path>
         <kind>archive</kind>
         <file>rtsv7M4_T_le_v4SPD16_eabi.lib</file>
         <name>copy_decompress_none.c.obj</name>
      </input_file>
      <input_file id="fl-cb">
         <path>C:\ti\ccsv8\tools\compiler\ti-cgt-arm_18.1.3.LTS\lib\</path>
         <kind>archive</kind>
         <file>rtsv7M4_T_le_v4SPD16_eabi.lib</file>
         <name>copy_decompress_lzss.c.obj</name>
      </input_file>
      <input_file id="fl-cc">
         <path>C:\ti\ccsv8\tools\compiler\ti-cgt-arm_18.1.3.LTS\lib\</path>
         <kind>archive</kind>
         <file>rtsv7M4_T_le_v4SPD16_eabi.lib</file>
         <name>defs.c.obj</name>
      </input_file>
      <input_file id="fl-cd">
         <path>C:\ti\ccsv8\tools\compiler\ti-cgt-arm_18.1.3.LTS\lib\</path>
         <kind>archive</kind>
         <file>rtsv7M4_T_le_v4SPD16_eabi.lib</file>
         <name>fflush.c.obj</name>
      </input_file>
      <input_file id="fl-ce">
         <path>C:\ti\ccsv8\tools\compiler\ti-cgt-arm_18.1.3.LTS\lib\</path>
         <kind>archive</kind>
         <file>rtsv7M4_T_le_v4SPD16_eabi.lib</file>
         <name>printf.c.obj</name>
      </input_file>
      <input_file id="fl-cf">
         <path>C:\ti\ccsv8\tools\compiler\ti-cgt-arm_18.1.3.LTS\lib\</path>
         <kind>archive</kind>
         <file>rtsv7M4_T_le_v4SPD16_eabi.lib</file>
         <name>sprintf.c.obj</name>
      </input_file>
      <input_file id="fl-d0">
         <path>C:\ti\ccsv8\tools\compiler\ti-cgt-arm_18.1.3.LTS\lib\</path>
         <kind>archive</kind>
         <file>rtsv7M4_T_le_v4SPD16_eabi.lib</file>
         <name>write.c.obj</name>
      </input_file>
      <input_file id="fl-d1">
         <path>C:\ti\ccsv8\tools\compiler\ti-cgt-arm_18.1.3.LTS\lib\</path>
         <kind>archive</kind>
         <file>rtsv7M4_T_le_v4SPD16_eabi.lib</file>
         <name>boot_cortex_m.c.obj</name>
      </input_file>
      <input_file id="fl-d2">
         <path>C:\ti\ccsv8\tools\compiler\ti-cgt-arm_18.1.3.LTS\lib\</path>
         <kind>archive</kind>
         <file>rtsv7M4_T_le_v4SPD16_eabi.lib</file>
         <name>memset_t2.asm.obj</name>
      </input_file>
      <input_file id="fl-d3">
         <path>C:\ti\ccsv8\tools\compiler\ti-cgt-arm_18.1.3.LTS\lib\</path>
         <kind>archive</kind>
         <file>rtsv7M4_T_le_v4SPD16_eabi.lib</file>
         <name>memcpy_t2.asm.obj</name>
      </input_file>
      <input_file id="fl-d4">
         <path>C:\ti\ccsv8\tools\compiler\ti-cgt-arm_18.1.3.LTS\lib\</path>
         <kind>archive</kind>
         <file>rtsv7M4_T_le_v4SPD16_eabi.lib</file>
         <name>autoinit.c.obj</name>
      </input_file>
      <input_file id="fl-d5">
         <path>C:\ti\ccsv8\tools\compiler\ti-cgt-arm_18.1.3.LTS\lib\</path>
         <kind>archive</kind>
         <file>rtsv7M4_T_le_v4SPD16_eabi.lib</file>
         <name>pre_init.c.obj</name>
      </input_file>
      <input_file id="fl-d6">
         <path>C:\ti\ccsv8\tools\compiler\ti-cgt-arm_18.1.3.LTS\lib\</path>
         <kind>archive</kind>
         <file>rtsv7M4_T_le_v4SPD16_eabi.lib</file>
         <name>cpy_tbl.c.obj</name>
      </input_file>
      <input_file id="fl-d7">
         <path>C:\ti\ccsv8\tools\compiler\ti-cgt-arm_18.1.3.LTS\lib\</path>
         <kind>archive</kind>
         <file>rtsv7M4_T_le_v4SPD16_eabi.lib</file>
         <name>exit.c.obj</name>
      </input_file>
      <input_file id="fl-d8">
         <path>C:\ti\ccsv8\tools\compiler\ti-cgt-arm_18.1.3.LTS\lib\</path>
         <kind>archive</kind>
         <file>rtsv7M4_T_le_v4SPD16_eabi.lib</file>
         <name>_lock.c.obj</name>
      </input_file>
      <input_file id="fl-d9">
         <path>C:\ti\ccsv8\tools\compiler\ti-cgt-arm_18.1.3.LTS\lib\</path>
         <kind>archive</kind>
         <file>rtsv7M4_T_le_v4SPD16_eabi.lib</file>
         <name>_printfi.c.obj</name>
      </input_file>
      <input_file id="fl-da">
         <path>C:\ti\ccsv8\tools\compiler\ti-cgt-arm_18.1.3.LTS\lib\</path>
         <kind>archive</kind>
         <file>rtsv7M4_T_le_v4SPD16_eabi.lib</file>
         <name>args_main.c.obj</name>
      </input_file>
      <input_file id="fl-db">
         <path>C:\ti\ccsv8\tools\compiler\ti-cgt-arm_18.1.3.LTS\lib\</path>
         <kind>archive</kind>
         <file>rtsv7M4_T_le_v4SPD16_eabi.lib</file>
         <name>atoi.c.obj</name>
      </input_file>
      <input_file id="fl-dc">
         <path>C:\ti\ccsv8\tools\compiler\ti-cgt-arm_18.1.3.LTS\lib\</path>
         <kind>archive</kind>
         <file>rtsv7M4_T_le_v4SPD16_eabi.lib</file>
         <name>ctype.c.obj</name>
      </input_file>
      <input_file id="fl-dd">
         <path>C:\ti\ccsv8\tools\compiler\ti-cgt-arm_18.1.3.LTS\lib\</path>
         <kind>archive</kind>
         <file>rtsv7M4_T_le_v4SPD16_eabi.lib</file>
         <name>fputc.c.obj</name>
      </input_file>
      <input_file id="fl-de">
         <path>C:\ti\ccsv8\tools\compiler\ti-cgt-arm_18.1.3.LTS\lib\</path>
         <kind>archive</kind>
         <file>rtsv7M4_T_le_v4SPD16_eabi.lib</file>
         <name>fputs.c.obj</name>
      </input_file>
      <input_file id="fl-df">
         <path>C:\ti\ccsv8\tools\compiler\ti-cgt-arm_18.1.3.LTS\lib\</path>
         <kind>archive</kind>
         <file>rtsv7M4_T_le_v4SPD16_eabi.lib</file>
         <name>ltoa.c.obj</name>
      </input_file>
      <input_file id="fl-e0">
         <path>C:\ti\ccsv8\tools\compiler\ti-cgt-arm_18.1.3.LTS\lib\</path>
         <kind>archive</kind>
         <file>rtsv7M4_T_le_v4SPD16_eabi.lib</file>
         <name>memccpy.c.obj</name>
      </input_file>
      <input_file id="fl-e1">
         <path>C:\ti\ccsv8\tools\compiler\ti-cgt-arm_18.1.3.LTS\lib\</path>
         <kind>archive</kind>
         <file>rtsv7M4_T_le_v4SPD16_eabi.lib</file>
         <name>memchr.c.obj</name>
      </input_file>
      <input_file id="fl-e2">
         <path>C:\ti\ccsv8\tools\compiler\ti-cgt-arm_18.1.3.LTS\lib\</path>
         <kind>archive</kind>
         <file>rtsv7M4_T_le_v4SPD16_eabi.lib</file>
         <name>strchr.c.obj</name>
      </input_file>
      <input_file id="fl-e3">
         <path>C:\ti\ccsv8\tools\compiler\ti-cgt-arm_18.1.3.LTS\lib\</path>
         <kind>archive</kind>
         <file>rtsv7M4_T_le_v4SPD16_eabi.lib</file>
         <name>strlen.c.obj</name>
      </input_file>
      <input_file id="fl-e4">
         <path>C:\ti\ccsv8\tools\compiler\ti-cgt-arm_18.1.3.LTS\lib\</path>
         <kind>archive</kind>
         <file>rtsv7M4_T_le_v4SPD16_eabi.lib</file>
         <name>hostclose.c.obj</name>
      </input_file>
      <input_file id="fl-e5">
         <path>C:\ti\ccsv8\tools\compiler\ti-cgt-arm_18.1.3.LTS\lib\</path>
         <kind>archive</kind>
         <file>rtsv7M4_T_le_v4SPD16_eabi.lib</file>
         <name>hostlseek.c.obj</name>
      </input_file>
      <input_file id="fl-e6">
         <path>C:\ti\ccsv8\tools\compiler\ti-cgt-arm_18.1.3.LTS\lib\</path>
         <kind>archive</kind>
         <file>rtsv7M4_T_le_v4SPD16_eabi.lib</file>
         <name>hostopen.c.obj</name>
      </input_file>
      <input_file id="fl-e7">
         <path>C:\ti\ccsv8\tools\compiler\ti-cgt-arm_18.1.3.LTS\lib\</path>
         <kind>archive</kind>
         <file>rtsv7M4_T_le_v4SPD16_eabi.lib</file>
         <name>hostread.c.obj</name>
      </input_file>
      <input_file id="fl-e8">
         <path>C:\ti\ccsv8\tools\compiler\ti-cgt-arm_18.1.3.LTS\lib\</path>
         <kind>archive</kind>
         <file>rtsv7M4_T_le_v4SPD16_eabi.lib</file>
         <name>hostrename.c.obj</name>
      </input_file>
      <input_file id="fl-e9">
         <path>C:\ti\ccsv8\tools\compiler\ti-cgt-arm_18.1.3.LTS\lib\</path>
         <kind>archive</kind>
         <file>rtsv7M4_T_le_v4SPD16_eabi.lib</file>
         <name>hostunlink.c.obj</name>
      </input_file>
      <input_file id="fl-ea">
         <path>C:\ti\ccsv8\tools\compiler\ti-cgt-arm_18.1.3.LTS\lib\</path>
         <kind>archive</kind>
         <file>rtsv7M4_T_le_v4SPD16_eabi.lib</file>
         <name>hostwrite.c.obj</name>
      </input_file>
      <input_file id="fl-eb">
         <path>C:\ti\ccsv8\tools\compiler\ti-cgt-arm_18.1.3.LTS\lib\</path>
         <kind>archive</kind>
         <file>rtsv7M4_T_le_v4SPD16_eabi.lib</file>
         <name>trgmsg.c.obj</name>
      </input_file>
      <input_file id="fl-ec">
         <path>C:\ti\ccsv8\tools\compiler\ti-cgt-arm_18.1.3.LTS\lib\</path>
         <kind>archive</kind>
         <file>rtsv7M4_T_le_v4SPD16_eabi.lib</file>
         <name>errno.c.obj</name>
      </input_file>
      <input_file id="fl-ed">
         <path>C:\ti\ccsv8\tools\compiler\ti-cgt-arm_18.1.3.LTS\lib\</path>
         <kind>archive</kind>
         <file>rtsv7M4_T_le_v4SPD16_eabi.lib</file>
         <name>s_frexp.c.obj</name>
      </input_file>
      <input_file id="fl-ee">
         <path>C:\ti\ccsv8\tools\compiler\ti-cgt-arm_18.1.3.LTS\lib\</path>
         <kind>archive</kind>
         <file>rtsv7M4_T_le_v4SPD16_eabi.lib</file>
         <name>s_scalbn.c.obj</name>
      </input_file>
      <input_file id="fl-ef">
         <path>C:\ti\ccsv8\tools\compiler\ti-cgt-arm_18.1.3.LTS\lib\</path>
         <kind>archive</kind>
         <file>rtsv7M4_T_le_v4SPD16_eabi.lib</file>
         <name>wcslen.c.obj</name>
      </input_file>
      <input_file id="fl-f0">
         <path>C:\ti\ccsv8\tools\compiler\ti-cgt-arm_18.1.3.LTS\lib\</path>
         <kind>archive</kind>
         <file>rtsv7M4_T_le_v4SPD16_eabi.lib</file>
         <name>s_copysign.c.obj</name>
      </input_file>
      <input_file id="fl-f1">
         <path>C:\ti\ccsv8\tools\compiler\ti-cgt-arm_18.1.3.LTS\lib\</path>
         <kind>archive</kind>
         <file>rtsv7M4_T_le_v4SPD16_eabi.lib</file>
         <name>ull_div_t2.asm.obj</name>
      </input_file>
      <input_file id="fl-f2">
         <path>C:\ti\ccsv8\tools\compiler\ti-cgt-arm_18.1.3.LTS\lib\</path>
         <kind>archive</kind>
         <file>rtsv7M4_T_le_v4SPD16_eabi.lib</file>
         <name>fd_add_t2.asm.obj</name>
      </input_file>
      <input_file id="fl-f3">
         <path>C:\ti\ccsv8\tools\compiler\ti-cgt-arm_18.1.3.LTS\lib\</path>
         <kind>archive</kind>
         <file>rtsv7M4_T_le_v4SPD16_eabi.lib</file>
         <name>fd_cmp_t2.asm.obj</name>
      </input_file>
      <input_file id="fl-f4">
         <path>C:\ti\ccsv8\tools\compiler\ti-cgt-arm_18.1.3.LTS\lib\</path>
         <kind>archive</kind>
         <file>rtsv7M4_T_le_v4SPD16_eabi.lib</file>
         <name>_io_perm.c.obj</name>
      </input_file>
      <input_file id="fl-f5">
         <path>C:\ti\ccsv8\tools\compiler\ti-cgt-arm_18.1.3.LTS\lib\</path>
         <kind>archive</kind>
         <file>rtsv7M4_T_le_v4SPD16_eabi.lib</file>
         <name>fseek.c.obj</name>
      </input_file>
      <input_file id="fl-f6">
         <path>C:\ti\ccsv8\tools\compiler\ti-cgt-arm_18.1.3.LTS\lib\</path>
         <kind>archive</kind>
         <file>rtsv7M4_T_le_v4SPD16_eabi.lib</file>
         <name>lseek.c.obj</name>
      </input_file>
      <input_file id="fl-f7">
         <path>C:\ti\ccsv8\tools\compiler\ti-cgt-arm_18.1.3.LTS\lib\</path>
         <kind>archive</kind>
         <file>rtsv7M4_T_le_v4SPD16_eabi.lib</file>
         <name>setvbuf.c.obj</name>
      </input_file>
      <input_file id="fl-f8">
         <path>C:\ti\ccsv8\tools\compiler\ti-cgt-arm_18.1.3.LTS\lib\</path>
         <kind>archive</kind>
         <file>rtsv7M4_T_le_v4SPD16_eabi.lib</file>
         <name>strcpy.c.obj</name>
      </input_file>
      <input_file id="fl-f9">
         <path>C:\ti\ccsv8\tools\compiler\ti-cgt-arm_18.1.3.LTS\lib\</path>
         <kind>archive</kind>
         <file>rtsv7M4_T_le_v4SPD16_eabi.lib</file>
         <name>div0.asm.obj</name>
      </input_file>
      <input_file id="fl-fa">
         <path>C:\ti\ccsv8\tools\compiler\ti-cgt-arm_18.1.3.LTS\lib\</path>
         <kind>archive</kind>
         <file>rtsv7M4_T_le_v4SPD16_eabi.lib</file>
         <name>memory.c.obj</name>
      </input_file>
      <input_file id="fl-fb">
         <path>C:\ti\ccsv8\tools\compiler\ti-cgt-arm_18.1.3.LTS\lib\</path>
         <kind>archive</kind>
         <file>rtsv7M4_T_le_v4SPD16_eabi.lib</file>
         <name>fopen.c.obj</name>
      </input_file>
      <input_file id="fl-fc">
         <path>C:\ti\ccsv8\tools\compiler\ti-cgt-arm_18.1.3.LTS\lib\</path>
         <kind>archive</kind>
         <file>rtsv7M4_T_le_v4SPD16_eabi.lib</file>
         <name>open.c.obj</name>
      </input_file>
      <input_file id="fl-fd">
         <path>C:\ti\ccsv8\tools\compiler\ti-cgt-arm_18.1.3.LTS\lib\</path>
         <kind>archive</kind>
         <file>rtsv7M4_T_le_v4SPD16_eabi.lib</file>
         <name>fclose.c.obj</name>
      </input_file>
      <input_file id="fl-fe">
         <path>C:\ti\ccsv8\tools\compiler\ti-cgt-arm_18.1.3.LTS\lib\</path>
         <kind>archive</kind>
         <file>rtsv7M4_T_le_v4SPD16_eabi.lib</file>
         <name>getdevice.c.obj</name>
      </input_file>
      <input_file id="fl-ff">
         <path>C:\ti\ccsv8\tools\compiler\ti-cgt-arm_18.1.3.LTS\lib\</path>
         <kind>archive</kind>
         <file>rtsv7M4_T_le_v4SPD16_eabi.lib</file>
         <name>remove.c.obj</name>
      </input_file>
      <input_file id="fl-100">
         <path>C:\ti\ccsv8\tools\compiler\ti-cgt-arm_18.1.3.LTS\lib\</path>
         <kind>archive</kind>
         <file>rtsv7M4_T_le_v4SPD16_eabi.lib</file>
         <name>strcmp.c.obj</name>
      </input_file>
      <input_file id="fl-101">
         <path>C:\ti\ccsv8\tools\compiler\ti-cgt-arm_18.1.3.LTS\lib\</path>
         <kind>archive</kind>
         <file>rtsv7M4_T_le_v4SPD16_eabi.lib</file>
         <name>strncpy.c.obj</name>
      </input_file>
      <input_file id="fl-102">
         <path>C:\ti\ccsv8\tools\compiler\ti-cgt-arm_18.1.3.LTS\lib\</path>
         <kind>archive</kind>
         <file>rtsv7M4_T_le_v4SPD16_eabi.lib</file>
         <name>unlink.c.obj</name>
      </input_file>
      <input_file id="fl-103">
         <path>C:\ti\ccsv8\tools\compiler\ti-cgt-arm_18.1.3.LTS\lib\</path>
         <kind>archive</kind>
         <file>rtsv7M4_T_le_v4SPD16_eabi.lib</file>
         <name>close.c.obj</name>
      </input_file>
   </input_file_list>
   <object_component_list>
      <object_component id="oc-1f">
         <name>.intvecs:retain</name>
         <load_address>0x0</load_address>
         <run_address>0x0</run_address>
         <size>0xe4</size>
         <input_file_ref idref="fl-4"/>
      </object_component>
      <object_component id="oc-69">
         <name>.text</name>
         <load_address>0xe4</load_address>
         <run_address>0xe4</run_address>
         <size>0x1514</size>
         <input_file_ref idref="fl-3"/>
      </object_component>
      <object_component id="oc-1a7">
         <name>.text:__TI_printfi</name>
         <load_address>0x15f8</load_address>
         <run_address>0x15f8</run_address>
         <size>0xa5e</size>
         <input_file_ref idref="fl-d9"/>
      </object_component>
      <object_component id="oc-292">
         <name>.text:_nop</name>
         <load_address>0x2056</load_address>
         <run_address>0x2056</run_address>
         <size>0x2</size>
         <input_file_ref idref="fl-d8"/>
      </object_component>
      <object_component id="oc-a5">
         <name>.text</name>
         <load_address>0x2058</load_address>
         <run_address>0x2058</run_address>
         <size>0x328</size>
         <input_file_ref idref="fl-5"/>
      </object_component>
      <object_component id="oc-26a">
         <name>.text:_pconv_a</name>
         <load_address>0x2380</load_address>
         <run_address>0x2380</run_address>
         <size>0x270</size>
         <input_file_ref idref="fl-d9"/>
      </object_component>
      <object_component id="oc-258">
         <name>.text:_pconv_g</name>
         <load_address>0x25f0</load_address>
         <run_address>0x25f0</run_address>
         <size>0x1d0</size>
         <input_file_ref idref="fl-d9"/>
      </object_component>
      <object_component id="oc-323">
         <name>.text</name>
         <load_address>0x27c0</load_address>
         <run_address>0x27c0</run_address>
         <size>0x1b6</size>
         <input_file_ref idref="fl-f2"/>
      </object_component>
      <object_component id="oc-3a5">
         <name>.text</name>
         <load_address>0x2976</load_address>
         <run_address>0x2976</run_address>
         <size>0x2</size>
         <input_file_ref idref="fl-f9"/>
      </object_component>
      <object_component id="oc-264">
         <name>.text:_pconv_e</name>
         <load_address>0x2978</load_address>
         <run_address>0x2978</run_address>
         <size>0x13c</size>
         <input_file_ref idref="fl-d9"/>
      </object_component>
      <object_component id="oc-bc">
         <name>.text</name>
         <load_address>0x2ab4</load_address>
         <run_address>0x2ab4</run_address>
         <size>0x136</size>
         <input_file_ref idref="fl-c5"/>
      </object_component>
      <object_component id="oc-335">
         <name>.text:fcvt</name>
         <load_address>0x2bec</load_address>
         <run_address>0x2bec</run_address>
         <size>0x120</size>
         <input_file_ref idref="fl-d9"/>
      </object_component>
      <object_component id="oc-29c">
         <name>.text:fputs</name>
         <load_address>0x2d0c</load_address>
         <run_address>0x2d0c</run_address>
         <size>0x114</size>
         <input_file_ref idref="fl-de"/>
      </object_component>
      <object_component id="oc-349">
         <name>.text:scalbn</name>
         <load_address>0x2e20</load_address>
         <run_address>0x2e20</run_address>
         <size>0x110</size>
         <input_file_ref idref="fl-ee"/>
      </object_component>
      <object_component id="oc-ac">
         <name>.text</name>
         <load_address>0x2f30</load_address>
         <run_address>0x2f30</run_address>
         <size>0x100</size>
         <input_file_ref idref="fl-2"/>
      </object_component>
      <object_component id="oc-b7">
         <name>.text</name>
         <load_address>0x3030</load_address>
         <run_address>0x3030</run_address>
         <size>0xfc</size>
         <input_file_ref idref="fl-c6"/>
      </object_component>
      <object_component id="oc-3dc">
         <name>.text:setvbuf</name>
         <load_address>0x312c</load_address>
         <run_address>0x312c</run_address>
         <size>0xdc</size>
         <input_file_ref idref="fl-f7"/>
      </object_component>
      <object_component id="oc-416">
         <name>.text:free</name>
         <load_address>0x3208</load_address>
         <run_address>0x3208</run_address>
         <size>0xd8</size>
         <input_file_ref idref="fl-fa"/>
      </object_component>
      <object_component id="oc-24d">
         <name>.text:_ltostr</name>
         <load_address>0x32e0</load_address>
         <run_address>0x32e0</run_address>
         <size>0xb1</size>
         <input_file_ref idref="fl-d9"/>
      </object_component>
      <object_component id="oc-204">
         <name>.text:CS_startHFXTWithTimeout</name>
         <load_address>0x3394</load_address>
         <run_address>0x3394</run_address>
         <size>0x9c</size>
         <input_file_ref idref="fl-b"/>
      </object_component>
      <object_component id="oc-33">
         <name>.text</name>
         <load_address>0x3430</load_address>
         <run_address>0x3430</run_address>
         <size>0x9c</size>
         <input_file_ref idref="fl-d3"/>
      </object_component>
      <object_component id="oc-311">
         <name>.text</name>
         <load_address>0x34cc</load_address>
         <run_address>0x34cc</run_address>
         <size>0x96</size>
         <input_file_ref idref="fl-f1"/>
      </object_component>
      <object_component id="oc-2a3">
         <name>.text:fputc</name>
         <load_address>0x3564</load_address>
         <run_address>0x3564</run_address>
         <size>0x8c</size>
         <input_file_ref idref="fl-dd"/>
      </object_component>
      <object_component id="oc-253">
         <name>.text:__aeabi_cdcmple</name>
         <load_address>0x35f0</load_address>
         <run_address>0x35f0</run_address>
         <size>0x86</size>
         <input_file_ref idref="fl-f3"/>
      </object_component>
      <object_component id="oc-318">
         <name>.text:__aeabi_cdrcmple</name>
         <load_address>0x3676</load_address>
         <run_address>0x3676</run_address>
         <size>0x86</size>
         <input_file_ref idref="fl-f3"/>
      </object_component>
      <object_component id="oc-113">
         <name>.text:fflush</name>
         <load_address>0x36fc</load_address>
         <run_address>0x36fc</run_address>
         <size>0x7c</size>
         <input_file_ref idref="fl-cd"/>
      </object_component>
      <object_component id="oc-8d">
         <name>.text</name>
         <load_address>0x3778</load_address>
         <run_address>0x3778</run_address>
         <size>0x7a</size>
         <input_file_ref idref="fl-d2"/>
      </object_component>
      <object_component id="oc-41c">
         <name>.text:malloc</name>
         <load_address>0x37f4</load_address>
         <run_address>0x37f4</run_address>
         <size>0x78</size>
         <input_file_ref idref="fl-fa"/>
      </object_component>
      <object_component id="oc-47a">
         <name>.text:__TI_closefile</name>
         <load_address>0x386c</load_address>
         <run_address>0x386c</run_address>
         <size>0x74</size>
         <input_file_ref idref="fl-fd"/>
      </object_component>
      <object_component id="oc-2d2">
         <name>.text:_CSGetHFXTFrequency</name>
         <load_address>0x38e0</load_address>
         <run_address>0x38e0</run_address>
         <size>0x70</size>
         <input_file_ref idref="fl-b"/>
      </object_component>
      <object_component id="oc-32e">
         <name>.text:_mcpy</name>
         <load_address>0x3950</load_address>
         <run_address>0x3950</run_address>
         <size>0x6e</size>
         <input_file_ref idref="fl-d9"/>
      </object_component>
      <object_component id="oc-44b">
         <name>.text:HOSTlseek</name>
         <load_address>0x39c0</load_address>
         <run_address>0x39c0</run_address>
         <size>0x68</size>
         <input_file_ref idref="fl-e5"/>
      </object_component>
      <object_component id="oc-457">
         <name>.text:HOSTrename</name>
         <load_address>0x3a28</load_address>
         <run_address>0x3a28</run_address>
         <size>0x68</size>
         <input_file_ref idref="fl-e8"/>
      </object_component>
      <object_component id="oc-10">
         <name>.text:decompress:lzss:__TI_decompress_lzss</name>
         <load_address>0x3a90</load_address>
         <run_address>0x3a90</run_address>
         <size>0x68</size>
         <input_file_ref idref="fl-cb"/>
      </object_component>
      <object_component id="oc-cf">
         <name>.text:printf</name>
         <load_address>0x3af8</load_address>
         <run_address>0x3af8</run_address>
         <size>0x68</size>
         <input_file_ref idref="fl-ce"/>
      </object_component>
      <object_component id="oc-e7">
         <name>.text:Interrupt_enableInterrupt</name>
         <load_address>0x3b60</load_address>
         <run_address>0x3b60</run_address>
         <size>0x64</size>
         <input_file_ref idref="fl-d"/>
      </object_component>
      <object_component id="oc-343">
         <name>.text:frexp</name>
         <load_address>0x3bc4</load_address>
         <run_address>0x3bc4</run_address>
         <size>0x64</size>
         <input_file_ref idref="fl-ed"/>
      </object_component>
      <object_component id="oc-3d6">
         <name>.text:fseek</name>
         <load_address>0x3c28</load_address>
         <run_address>0x3c28</run_address>
         <size>0x64</size>
         <input_file_ref idref="fl-f5"/>
      </object_component>
      <object_component id="oc-378">
         <name>.text:__TI_wrt_ok</name>
         <load_address>0x3c8c</load_address>
         <run_address>0x3c8c</run_address>
         <size>0x62</size>
         <input_file_ref idref="fl-f4"/>
      </object_component>
      <object_component id="oc-433">
         <name>.text:HOSTopen</name>
         <load_address>0x3cf0</load_address>
         <run_address>0x3cf0</run_address>
         <size>0x60</size>
         <input_file_ref idref="fl-e6"/>
      </object_component>
      <object_component id="oc-4ac">
         <name>.text:close</name>
         <load_address>0x3d50</load_address>
         <run_address>0x3d50</run_address>
         <size>0x5c</size>
         <input_file_ref idref="fl-103"/>
      </object_component>
      <object_component id="oc-43f">
         <name>.text:HOSTread</name>
         <load_address>0x3dac</load_address>
         <run_address>0x3dac</run_address>
         <size>0x58</size>
         <input_file_ref idref="fl-e7"/>
      </object_component>
      <object_component id="oc-445">
         <name>.text:HOSTwrite</name>
         <load_address>0x3e04</load_address>
         <run_address>0x3e04</run_address>
         <size>0x58</size>
         <input_file_ref idref="fl-ea"/>
      </object_component>
      <object_component id="oc-25e">
         <name>.text:_pconv_f</name>
         <load_address>0x3e5c</load_address>
         <run_address>0x3e5c</run_address>
         <size>0x56</size>
         <input_file_ref idref="fl-d9"/>
      </object_component>
      <object_component id="oc-31d">
         <name>.text:ltoa</name>
         <load_address>0x3eb2</load_address>
         <run_address>0x3eb2</run_address>
         <size>0x54</size>
         <input_file_ref idref="fl-df"/>
      </object_component>
      <object_component id="oc-328">
         <name>.text:_ecpy</name>
         <load_address>0x3f06</load_address>
         <run_address>0x3f06</run_address>
         <size>0x52</size>
         <input_file_ref idref="fl-d9"/>
      </object_component>
      <object_component id="oc-20d">
         <name>.text:__TI_doflush</name>
         <load_address>0x3f58</load_address>
         <run_address>0x3f58</run_address>
         <size>0x4c</size>
         <input_file_ref idref="fl-cd"/>
      </object_component>
      <object_component id="oc-247">
         <name>.text:atoi</name>
         <load_address>0x3fa4</load_address>
         <run_address>0x3fa4</run_address>
         <size>0x4c</size>
         <input_file_ref idref="fl-db"/>
      </object_component>
      <object_component id="oc-164">
         <name>.text:exit</name>
         <load_address>0x3ff0</load_address>
         <run_address>0x3ff0</run_address>
         <size>0x48</size>
         <input_file_ref idref="fl-d7"/>
      </object_component>
      <object_component id="oc-c1">
         <name>.text</name>
         <load_address>0x4038</load_address>
         <run_address>0x4038</run_address>
         <size>0x48</size>
         <input_file_ref idref="fl-c7"/>
      </object_component>
      <object_component id="oc-439">
         <name>.text:HOSTclose</name>
         <load_address>0x4080</load_address>
         <run_address>0x4080</run_address>
         <size>0x44</size>
         <input_file_ref idref="fl-e4"/>
      </object_component>
      <object_component id="oc-451">
         <name>.text:HOSTunlink</name>
         <load_address>0x40c4</load_address>
         <run_address>0x40c4</run_address>
         <size>0x44</size>
         <input_file_ref idref="fl-e9"/>
      </object_component>
      <object_component id="oc-16a">
         <name>.text:__TI_auto_init_nobinit_nopinit:__TI_auto_init_nobinit_nopinit</name>
         <load_address>0x4108</load_address>
         <run_address>0x4108</run_address>
         <size>0x44</size>
         <input_file_ref idref="fl-d4"/>
      </object_component>
      <object_component id="oc-4d3">
         <name>.text:getdevice</name>
         <load_address>0x414c</load_address>
         <run_address>0x414c</run_address>
         <size>0x44</size>
         <input_file_ref idref="fl-fe"/>
      </object_component>
      <object_component id="oc-c9">
         <name>.text:sprintf</name>
         <load_address>0x4190</load_address>
         <run_address>0x4190</run_address>
         <size>0x40</size>
         <input_file_ref idref="fl-cf"/>
      </object_component>
      <object_component id="oc-33b">
         <name>.text:_fcpy</name>
         <load_address>0x41d0</load_address>
         <run_address>0x41d0</run_address>
         <size>0x3e</size>
         <input_file_ref idref="fl-d9"/>
      </object_component>
      <object_component id="oc-46f">
         <name>.text:minsert</name>
         <load_address>0x4210</load_address>
         <run_address>0x4210</run_address>
         <size>0x3c</size>
         <input_file_ref idref="fl-fa"/>
      </object_component>
      <object_component id="oc-483">
         <name>.text:__TI_writemsg</name>
         <load_address>0x424c</load_address>
         <run_address>0x424c</run_address>
         <size>0x38</size>
         <input_file_ref idref="fl-eb"/>
      </object_component>
      <object_component id="oc-51">
         <name>.text:_c_int00_noargs:_c_int00_noargs</name>
         <load_address>0x4284</load_address>
         <run_address>0x4284</run_address>
         <size>0x38</size>
         <input_file_ref idref="fl-d1"/>
      </object_component>
      <object_component id="oc-463">
         <name>.text:minit</name>
         <load_address>0x42bc</load_address>
         <run_address>0x42bc</run_address>
         <size>0x38</size>
         <input_file_ref idref="fl-fa"/>
      </object_component>
      <object_component id="oc-4e5">
         <name>.text:strncpy</name>
         <load_address>0x42f4</load_address>
         <run_address>0x42f4</run_address>
         <size>0x36</size>
         <input_file_ref idref="fl-101"/>
      </object_component>
      <object_component id="oc-422">
         <name>.text:__TI_cleanup</name>
         <load_address>0x432c</load_address>
         <run_address>0x432c</run_address>
         <size>0x34</size>
         <input_file_ref idref="fl-fb"/>
      </object_component>
      <object_component id="oc-489">
         <name>.text:__TI_readmsg</name>
         <load_address>0x4360</load_address>
         <run_address>0x4360</run_address>
         <size>0x34</size>
         <input_file_ref idref="fl-eb"/>
      </object_component>
      <object_component id="oc-d5">
         <name>.text:GPIO_setAsInputPinWithPullUpResistor</name>
         <load_address>0x4394</load_address>
         <run_address>0x4394</run_address>
         <size>0x30</size>
         <input_file_ref idref="fl-c"/>
      </object_component>
      <object_component id="oc-10c">
         <name>.text:convertToBCD</name>
         <load_address>0x43c4</load_address>
         <run_address>0x43c4</run_address>
         <size>0x30</size>
         <input_file_ref idref="fl-3"/>
      </object_component>
      <object_component id="oc-4eb">
         <name>.text:finddevice</name>
         <load_address>0x43f4</load_address>
         <run_address>0x43f4</run_address>
         <size>0x30</size>
         <input_file_ref idref="fl-fe"/>
      </object_component>
      <object_component id="oc-b2">
         <name>.text</name>
         <load_address>0x4424</load_address>
         <run_address>0x4424</run_address>
         <size>0x2e</size>
         <input_file_ref idref="fl-c8"/>
      </object_component>
      <object_component id="oc-4b2">
         <name>.text:unlink</name>
         <load_address>0x4454</load_address>
         <run_address>0x4454</run_address>
         <size>0x2c</size>
         <input_file_ref idref="fl-102"/>
      </object_component>
      <object_component id="oc-123">
         <name>.text:convertFromBCD</name>
         <load_address>0x4480</load_address>
         <run_address>0x4480</run_address>
         <size>0x28</size>
         <input_file_ref idref="fl-3"/>
      </object_component>
      <object_component id="oc-40e">
         <name>.text:lseek</name>
         <load_address>0x44a8</load_address>
         <run_address>0x44a8</run_address>
         <size>0x28</size>
         <input_file_ref idref="fl-f6"/>
      </object_component>
      <object_component id="oc-469">
         <name>.text:mremove</name>
         <load_address>0x44d0</load_address>
         <run_address>0x44d0</run_address>
         <size>0x28</size>
         <input_file_ref idref="fl-fa"/>
      </object_component>
      <object_component id="oc-2df">
         <name>.text:write</name>
         <load_address>0x44f8</load_address>
         <run_address>0x44f8</run_address>
         <size>0x28</size>
         <input_file_ref idref="fl-d0"/>
      </object_component>
      <object_component id="oc-37e">
         <name>.text:memchr</name>
         <load_address>0x4520</load_address>
         <run_address>0x4520</run_address>
         <size>0x20</size>
         <input_file_ref idref="fl-e1"/>
      </object_component>
      <object_component id="oc-270">
         <name>.text:memccpy</name>
         <load_address>0x4540</load_address>
         <run_address>0x4540</run_address>
         <size>0x1c</size>
         <input_file_ref idref="fl-e0"/>
      </object_component>
      <object_component id="oc-db">
         <name>.text:GPIO_clearInterruptFlag</name>
         <load_address>0x455c</load_address>
         <run_address>0x455c</run_address>
         <size>0x18</size>
         <input_file_ref idref="fl-c"/>
      </object_component>
      <object_component id="oc-1ad">
         <name>.text:_outs</name>
         <load_address>0x4574</load_address>
         <run_address>0x4574</run_address>
         <size>0x18</size>
         <input_file_ref idref="fl-cf"/>
      </object_component>
      <object_component id="oc-4fc">
         <name>.text:strcmp</name>
         <load_address>0x458c</load_address>
         <run_address>0x458c</run_address>
         <size>0x18</size>
         <input_file_ref idref="fl-100"/>
      </object_component>
      <object_component id="oc-34f">
         <name>.text:strchr</name>
         <load_address>0x45a4</load_address>
         <run_address>0x45a4</run_address>
         <size>0x16</size>
         <input_file_ref idref="fl-e2"/>
      </object_component>
      <object_component id="oc-f7">
         <name>.text:CS_setExternalClockSourceFrequency</name>
         <load_address>0x45bc</load_address>
         <run_address>0x45bc</run_address>
         <size>0x14</size>
         <input_file_ref idref="fl-b"/>
      </object_component>
      <object_component id="oc-e1">
         <name>.text:GPIO_enableInterrupt</name>
         <load_address>0x45d0</load_address>
         <run_address>0x45d0</run_address>
         <size>0x14</size>
         <input_file_ref idref="fl-c"/>
      </object_component>
      <object_component id="oc-3ba">
         <name>.text:copysign</name>
         <load_address>0x45e4</load_address>
         <run_address>0x45e4</run_address>
         <size>0x14</size>
         <input_file_ref idref="fl-f0"/>
      </object_component>
      <object_component id="oc-49d">
         <name>.text:strcpy</name>
         <load_address>0x45f8</load_address>
         <run_address>0x45f8</run_address>
         <size>0x14</size>
         <input_file_ref idref="fl-f8"/>
      </object_component>
      <object_component id="oc-241">
         <name>.text:strlen</name>
         <load_address>0x460c</load_address>
         <run_address>0x460c</run_address>
         <size>0x14</size>
         <input_file_ref idref="fl-e3"/>
      </object_component>
      <object_component id="oc-3f">
         <name>.text:decompress:ZI:__TI_zero_init_nomemset:__TI_zero_init_nomemset</name>
         <load_address>0x4620</load_address>
         <run_address>0x4620</run_address>
         <size>0x12</size>
         <input_file_ref idref="fl-c9"/>
      </object_component>
      <object_component id="oc-276">
         <name>.text:wcslen</name>
         <load_address>0x4632</load_address>
         <run_address>0x4632</run_address>
         <size>0x12</size>
         <input_file_ref idref="fl-ef"/>
      </object_component>
      <object_component id="oc-ed">
         <name>.text:Interrupt_enableMaster</name>
         <load_address>0x4644</load_address>
         <run_address>0x4644</run_address>
         <size>0x10</size>
         <input_file_ref idref="fl-d"/>
      </object_component>
      <object_component id="oc-2cc">
         <name>.text:SysCtl_disableNMISource</name>
         <load_address>0x4654</load_address>
         <run_address>0x4654</run_address>
         <size>0x10</size>
         <input_file_ref idref="fl-e"/>
      </object_component>
      <object_component id="oc-2d8">
         <name>.text:SysCtl_enableNMISource</name>
         <load_address>0x4664</load_address>
         <run_address>0x4664</run_address>
         <size>0x10</size>
         <input_file_ref idref="fl-e"/>
      </object_component>
      <object_component id="oc-16">
         <name>.text:decompress:none:__TI_decompress_none</name>
         <load_address>0x4674</load_address>
         <run_address>0x4674</run_address>
         <size>0xe</size>
         <input_file_ref idref="fl-ca"/>
      </object_component>
      <object_component id="oc-63">
         <name>.text</name>
         <load_address>0x4682</load_address>
         <run_address>0x4682</run_address>
         <size>0xe</size>
         <input_file_ref idref="fl-4"/>
      </object_component>
      <object_component id="oc-1e2">
         <name>.text:CPU_cpsie</name>
         <load_address>0x4690</load_address>
         <run_address>0x4690</run_address>
         <size>0xc</size>
         <input_file_ref idref="fl-f"/>
      </object_component>
      <object_component id="oc-2c6">
         <name>.text:SysCtl_getNMISourceStatus</name>
         <load_address>0x469c</load_address>
         <run_address>0x469c</run_address>
         <size>0xc</size>
         <input_file_ref idref="fl-e"/>
      </object_component>
      <object_component id="oc-1b3">
         <name>.text:_outc</name>
         <load_address>0x46a8</load_address>
         <run_address>0x46a8</run_address>
         <size>0xa</size>
         <input_file_ref idref="fl-cf"/>
      </object_component>
      <object_component id="oc-27c">
         <name>.text:__aeabi_errno_addr</name>
         <load_address>0x46b4</load_address>
         <run_address>0x46b4</run_address>
         <size>0x8</size>
         <input_file_ref idref="fl-ec"/>
      </object_component>
      <object_component id="oc-fd">
         <name>.text:CS_startHFXT</name>
         <load_address>0x46bc</load_address>
         <run_address>0x46bc</run_address>
         <size>0x6</size>
         <input_file_ref idref="fl-b"/>
      </object_component>
      <object_component id="oc-1c9">
         <name>.text:_outc</name>
         <load_address>0x46c2</load_address>
         <run_address>0x46c2</run_address>
         <size>0x4</size>
         <input_file_ref idref="fl-ce"/>
      </object_component>
      <object_component id="oc-1c3">
         <name>.text:_outs</name>
         <load_address>0x46c6</load_address>
         <run_address>0x46c6</run_address>
         <size>0x4</size>
         <input_file_ref idref="fl-ce"/>
      </object_component>
      <object_component id="oc-93">
         <name>.text:_system_pre_init</name>
         <load_address>0x46ca</load_address>
         <run_address>0x46ca</run_address>
         <size>0x4</size>
         <input_file_ref idref="fl-d5"/>
      </object_component>
      <object_component id="oc-15e">
         <name>.text:abort:abort</name>
         <load_address>0x46ce</load_address>
         <run_address>0x46ce</run_address>
         <size>0x4</size>
         <input_file_ref idref="fl-d7"/>
      </object_component>
      <object_component id="oc-30c">
         <name>.const:.string:_ctypes_</name>
         <load_address>0x46d4</load_address>
         <run_address>0x46d4</run_address>
         <size>0x101</size>
         <input_file_ref idref="fl-dc"/>
      </object_component>
      <object_component id="oc-1dd">
         <name>.const</name>
         <load_address>0x47d8</load_address>
         <run_address>0x47d8</run_address>
         <size>0x40</size>
         <input_file_ref idref="fl-d"/>
      </object_component>
      <object_component id="oc-106">
         <name>.const:i2cConfig2</name>
         <load_address>0x4818</load_address>
         <run_address>0x4818</run_address>
         <size>0x14</size>
         <input_file_ref idref="fl-3"/>
      </object_component>
      <object_component id="oc-535">
         <name>.cinit..data.load</name>
         <load_address>0x4830</load_address>
         <run_address>0x4830</run_address>
         <size>0xa9</size>
      </object_component>
      <object_component id="oc-533">
         <name>__TI_handler_table</name>
         <load_address>0x48dc</load_address>
         <run_address>0x48dc</run_address>
         <size>0xc</size>
      </object_component>
      <object_component id="oc-536">
         <name>.cinit..bss.load</name>
         <load_address>0x48e8</load_address>
         <run_address>0x48e8</run_address>
         <size>0x8</size>
      </object_component>
      <object_component id="oc-534">
         <name>__TI_cinit_table</name>
         <load_address>0x48f0</load_address>
         <run_address>0x48f0</run_address>
         <size>0x10</size>
      </object_component>
      <object_component id="oc-c6">
         <name>.data</name>
         <load_address>0x20000c34</load_address>
         <run_address>0x20000c34</run_address>
         <size>0x50</size>
         <input_file_ref idref="fl-3"/>
      </object_component>
      <object_component id="oc-19c">
         <name>.data</name>
         <load_address>0x20000ce8</load_address>
         <run_address>0x20000ce8</run_address>
         <size>0x4</size>
         <input_file_ref idref="fl-5"/>
      </object_component>
      <object_component id="oc-1d1">
         <name>.data:GPIO_PORT_TO_BASE</name>
         <load_address>0x20000c84</load_address>
         <run_address>0x20000c84</run_address>
         <size>0x30</size>
         <input_file_ref idref="fl-c"/>
      </object_component>
      <object_component id="oc-120">
         <name>.data:_ftable</name>
         <load_address>0x20000a7c</load_address>
         <run_address>0x20000a7c</run_address>
         <size>0xf0</size>
         <input_file_ref idref="fl-cc"/>
      </object_component>
      <object_component id="oc-213">
         <name>.data</name>
         <load_address>0x20000cb4</load_address>
         <run_address>0x20000cb4</run_address>
         <size>0x10</size>
         <input_file_ref idref="fl-cc"/>
      </object_component>
      <object_component id="oc-3ec">
         <name>.data:_device</name>
         <load_address>0x20000b6c</load_address>
         <run_address>0x20000b6c</run_address>
         <size>0x78</size>
         <input_file_ref idref="fl-d0"/>
      </object_component>
      <object_component id="oc-38d">
         <name>.data:_stream</name>
         <load_address>0x20000be4</load_address>
         <run_address>0x20000be4</run_address>
         <size>0x50</size>
         <input_file_ref idref="fl-d0"/>
      </object_component>
      <object_component id="oc-223">
         <name>.data:$O1$$</name>
         <load_address>0x20000cc4</load_address>
         <run_address>0x20000cc4</run_address>
         <size>0xc</size>
         <input_file_ref idref="fl-d7"/>
      </object_component>
      <object_component id="oc-1c0">
         <name>.data:$O1$$</name>
         <load_address>0x20000cdc</load_address>
         <run_address>0x20000cdc</run_address>
         <size>0x8</size>
         <input_file_ref idref="fl-d8"/>
      </object_component>
      <object_component id="oc-35f">
         <name>.data</name>
         <load_address>0x20000ce4</load_address>
         <run_address>0x20000ce4</run_address>
         <size>0x4</size>
         <input_file_ref idref="fl-ec"/>
      </object_component>
      <object_component id="oc-475">
         <name>.data:$O1$$</name>
         <load_address>0x20000cd0</load_address>
         <run_address>0x20000cd0</run_address>
         <size>0xc</size>
         <input_file_ref idref="fl-fa"/>
      </object_component>
      <object_component id="oc-4bb">
         <name>.bss:_CIOBUF_</name>
         <uninitialized>true</uninitialized>
         <run_address>0x20000800</run_address>
         <size>0x120</size>
         <input_file_ref idref="fl-eb"/>
      </object_component>
      <object_component id="oc-119">
         <name>.common:bcdSecond</name>
         <uninitialized>true</uninitialized>
         <run_address>0x20000a75</run_address>
         <size>0x1</size>
      </object_component>
      <object_component id="oc-11a">
         <name>.common:bcdMinute</name>
         <uninitialized>true</uninitialized>
         <run_address>0x20000a73</run_address>
         <size>0x1</size>
      </object_component>
      <object_component id="oc-11b">
         <name>.common:bcdHour</name>
         <uninitialized>true</uninitialized>
         <run_address>0x20000a72</run_address>
         <size>0x1</size>
      </object_component>
      <object_component id="oc-11c">
         <name>.common:bcdDay</name>
         <uninitialized>true</uninitialized>
         <run_address>0x20000a71</run_address>
         <size>0x1</size>
      </object_component>
      <object_component id="oc-11d">
         <name>.common:bcdDate</name>
         <uninitialized>true</uninitialized>
         <run_address>0x20000a70</run_address>
         <size>0x1</size>
      </object_component>
      <object_component id="oc-11e">
         <name>.common:bcdMonth</name>
         <uninitialized>true</uninitialized>
         <run_address>0x20000a74</run_address>
         <size>0x1</size>
      </object_component>
      <object_component id="oc-11f">
         <name>.common:bcdYear</name>
         <uninitialized>true</uninitialized>
         <run_address>0x20000a76</run_address>
         <size>0x1</size>
      </object_component>
      <object_component id="oc-10a">
         <name>.common:row</name>
         <uninitialized>true</uninitialized>
         <run_address>0x20000a78</run_address>
         <size>0x1</size>
      </object_component>
      <object_component id="oc-109">
         <name>.common:col</name>
         <uninitialized>true</uninitialized>
         <run_address>0x20000a77</run_address>
         <size>0x1</size>
      </object_component>
      <object_component id="oc-10b">
         <name>.common:value</name>
         <uninitialized>true</uninitialized>
         <run_address>0x20000a79</run_address>
         <size>0x1</size>
      </object_component>
      <object_component id="oc-f3">
         <name>.common:timeArr1</name>
         <uninitialized>true</uninitialized>
         <run_address>0x200009c0</run_address>
         <size>0x1c</size>
      </object_component>
      <object_component id="oc-f6">
         <name>.common:timeArr2</name>
         <uninitialized>true</uninitialized>
         <run_address>0x200009dc</run_address>
         <size>0x1c</size>
      </object_component>
      <object_component id="oc-103">
         <name>.common:timeArr3</name>
         <uninitialized>true</uninitialized>
         <run_address>0x200009f8</run_address>
         <size>0x1c</size>
      </object_component>
      <object_component id="oc-104">
         <name>.common:timeArr4</name>
         <uninitialized>true</uninitialized>
         <run_address>0x20000a14</run_address>
         <size>0x1c</size>
      </object_component>
      <object_component id="oc-105">
         <name>.common:timeArr5</name>
         <uninitialized>true</uninitialized>
         <run_address>0x20000a30</run_address>
         <size>0x1c</size>
      </object_component>
      <object_component id="oc-12a">
         <name>.common:RTC_registers</name>
         <uninitialized>true</uninitialized>
         <run_address>0x20000a4c</run_address>
         <size>0x14</size>
      </object_component>
      <object_component id="oc-202">
         <name>.common:hfxtFreq</name>
         <uninitialized>true</uninitialized>
         <run_address>0x20000a68</run_address>
         <size>0x4</size>
      </object_component>
      <object_component id="oc-1ff">
         <name>.common:lfxtFreq</name>
         <uninitialized>true</uninitialized>
         <run_address>0x20000a6c</run_address>
         <size>0x4</size>
      </object_component>
      <object_component id="oc-4b8">
         <name>.common:__TI_tmpnams</name>
         <uninitialized>true</uninitialized>
         <run_address>0x20000920</run_address>
         <size>0xa0</size>
      </object_component>
      <object_component id="oc-48f">
         <name>.common:parmbuf</name>
         <uninitialized>true</uninitialized>
         <run_address>0x20000a60</run_address>
         <size>0x8</size>
      </object_component>
      <object_component id="oc-25">
         <name>.sysmem</name>
         <uninitialized>true</uninitialized>
         <run_address>0x20000000</run_address>
         <size>0x8</size>
         <input_file_ref idref="fl-fa"/>
      </object_component>
      <object_component id="oc-538">
         <name>.sysmem</name>
         <uninitialized>true</uninitialized>
         <run_address>0x20000000</run_address>
         <size>0x0</size>
      </object_component>
      <object_component id="oc-22">
         <name>.stack</name>
         <uninitialized>true</uninitialized>
         <run_address>0x2000fe00</run_address>
         <size>0x4</size>
         <input_file_ref idref="fl-d1"/>
      </object_component>
      <object_component id="oc-537">
         <name>.stack</name>
         <uninitialized>true</uninitialized>
         <run_address>0x2000fe00</run_address>
         <size>0x0</size>
      </object_component>
      <object_component id="oc-221">
         <name>.debug_info</name>
         <load_address>0x0</load_address>
         <run_address>0x0</run_address>
         <size>0x649</size>
         <input_file_ref idref="fl-2"/>
      </object_component>
      <object_component id="oc-ad">
         <name>.debug_info</name>
         <load_address>0x649</load_address>
         <run_address>0x649</run_address>
         <size>0x54d</size>
         <input_file_ref idref="fl-2"/>
      </object_component>
      <object_component id="oc-1f0">
         <name>.debug_info</name>
         <load_address>0xb96</load_address>
         <run_address>0xb96</run_address>
         <size>0x1055</size>
         <input_file_ref idref="fl-2"/>
      </object_component>
      <object_component id="oc-13d">
         <name>.debug_info</name>
         <load_address>0x1beb</load_address>
         <run_address>0x1beb</run_address>
         <size>0x26b</size>
         <input_file_ref idref="fl-2"/>
      </object_component>
      <object_component id="oc-136">
         <name>.debug_info</name>
         <load_address>0x1e56</load_address>
         <run_address>0x1e56</run_address>
         <size>0x37e2</size>
         <input_file_ref idref="fl-2"/>
      </object_component>
      <object_component id="oc-1eb">
         <name>.debug_info</name>
         <load_address>0x5638</load_address>
         <run_address>0x5638</run_address>
         <size>0x9a</size>
         <input_file_ref idref="fl-2"/>
      </object_component>
      <object_component id="oc-2ee">
         <name>.debug_info</name>
         <load_address>0x56d2</load_address>
         <run_address>0x56d2</run_address>
         <size>0x341</size>
         <input_file_ref idref="fl-2"/>
      </object_component>
      <object_component id="oc-12c">
         <name>.debug_info</name>
         <load_address>0x5a13</load_address>
         <run_address>0x5a13</run_address>
         <size>0x8b</size>
         <input_file_ref idref="fl-2"/>
      </object_component>
      <object_component id="oc-21c">
         <name>.debug_info</name>
         <load_address>0x5a9e</load_address>
         <run_address>0x5a9e</run_address>
         <size>0x297</size>
         <input_file_ref idref="fl-2"/>
      </object_component>
      <object_component id="oc-1fa">
         <name>.debug_info</name>
         <load_address>0x5d35</load_address>
         <run_address>0x5d35</run_address>
         <size>0xef</size>
         <input_file_ref idref="fl-2"/>
      </object_component>
      <object_component id="oc-131">
         <name>.debug_info</name>
         <load_address>0x5e24</load_address>
         <run_address>0x5e24</run_address>
         <size>0xbb</size>
         <input_file_ref idref="fl-2"/>
      </object_component>
      <object_component id="oc-1f5">
         <name>.debug_info</name>
         <load_address>0x5edf</load_address>
         <run_address>0x5edf</run_address>
         <size>0xcc</size>
         <input_file_ref idref="fl-2"/>
      </object_component>
      <object_component id="oc-1bb">
         <name>.debug_info</name>
         <load_address>0x5fab</load_address>
         <run_address>0x5fab</run_address>
         <size>0x2c</size>
         <input_file_ref idref="fl-2"/>
      </object_component>
      <object_component id="oc-f4">
         <name>.debug_info</name>
         <load_address>0x5fd7</load_address>
         <run_address>0x5fd7</run_address>
         <size>0xb9d</size>
         <input_file_ref idref="fl-3"/>
      </object_component>
      <object_component id="oc-c7">
         <name>.debug_info</name>
         <load_address>0x6b74</load_address>
         <run_address>0x6b74</run_address>
         <size>0x3c5</size>
         <input_file_ref idref="fl-3"/>
      </object_component>
      <object_component id="oc-107">
         <name>.debug_info</name>
         <load_address>0x6f39</load_address>
         <run_address>0x6f39</run_address>
         <size>0xe7</size>
         <input_file_ref idref="fl-3"/>
      </object_component>
      <object_component id="oc-6a">
         <name>.debug_info</name>
         <load_address>0x7020</load_address>
         <run_address>0x7020</run_address>
         <size>0x1643</size>
         <input_file_ref idref="fl-3"/>
      </object_component>
      <object_component id="oc-10d">
         <name>.debug_info</name>
         <load_address>0x8663</load_address>
         <run_address>0x8663</run_address>
         <size>0x138</size>
         <input_file_ref idref="fl-3"/>
      </object_component>
      <object_component id="oc-124">
         <name>.debug_info</name>
         <load_address>0x879b</load_address>
         <run_address>0x879b</run_address>
         <size>0x13c</size>
         <input_file_ref idref="fl-3"/>
      </object_component>
      <object_component id="oc-71">
         <name>.debug_info</name>
         <load_address>0x88d7</load_address>
         <run_address>0x88d7</run_address>
         <size>0x2da</size>
         <input_file_ref idref="fl-4"/>
      </object_component>
      <object_component id="oc-20">
         <name>.debug_info</name>
         <load_address>0x8bb1</load_address>
         <run_address>0x8bb1</run_address>
         <size>0x106</size>
         <input_file_ref idref="fl-4"/>
      </object_component>
      <object_component id="oc-64">
         <name>.debug_info</name>
         <load_address>0x8cb7</load_address>
         <run_address>0x8cb7</run_address>
         <size>0x1cd</size>
         <input_file_ref idref="fl-4"/>
      </object_component>
      <object_component id="oc-2e">
         <name>.debug_info</name>
         <load_address>0x8e84</load_address>
         <run_address>0x8e84</run_address>
         <size>0x84</size>
         <input_file_ref idref="fl-4"/>
      </object_component>
      <object_component id="oc-19d">
         <name>.debug_info</name>
         <load_address>0x8f08</load_address>
         <run_address>0x8f08</run_address>
         <size>0xff</size>
         <input_file_ref idref="fl-5"/>
      </object_component>
      <object_component id="oc-a6">
         <name>.debug_info</name>
         <load_address>0x9007</load_address>
         <run_address>0x9007</run_address>
         <size>0x271</size>
         <input_file_ref idref="fl-5"/>
      </object_component>
      <object_component id="oc-200">
         <name>.debug_info</name>
         <load_address>0x9278</load_address>
         <run_address>0x9278</run_address>
         <size>0x5ef</size>
         <input_file_ref idref="fl-b"/>
      </object_component>
      <object_component id="oc-2d6">
         <name>.debug_info</name>
         <load_address>0x9867</load_address>
         <run_address>0x9867</run_address>
         <size>0xfc</size>
         <input_file_ref idref="fl-b"/>
      </object_component>
      <object_component id="oc-208">
         <name>.debug_info</name>
         <load_address>0x9963</load_address>
         <run_address>0x9963</run_address>
         <size>0x23c</size>
         <input_file_ref idref="fl-b"/>
      </object_component>
      <object_component id="oc-101">
         <name>.debug_info</name>
         <load_address>0x9b9f</load_address>
         <run_address>0x9b9f</run_address>
         <size>0x122</size>
         <input_file_ref idref="fl-b"/>
      </object_component>
      <object_component id="oc-fb">
         <name>.debug_info</name>
         <load_address>0x9cc1</load_address>
         <run_address>0x9cc1</run_address>
         <size>0x1dd</size>
         <input_file_ref idref="fl-b"/>
      </object_component>
      <object_component id="oc-2c1">
         <name>.debug_info</name>
         <load_address>0x9e9e</load_address>
         <run_address>0x9e9e</run_address>
         <size>0x1b5</size>
         <input_file_ref idref="fl-b"/>
      </object_component>
      <object_component id="oc-2b5">
         <name>.debug_info</name>
         <load_address>0xa053</load_address>
         <run_address>0xa053</run_address>
         <size>0x103e</size>
         <input_file_ref idref="fl-b"/>
      </object_component>
      <object_component id="oc-1d5">
         <name>.debug_info</name>
         <load_address>0xb091</load_address>
         <run_address>0xb091</run_address>
         <size>0x18b</size>
         <input_file_ref idref="fl-b"/>
      </object_component>
      <object_component id="oc-1da">
         <name>.debug_info</name>
         <load_address>0xb21c</load_address>
         <run_address>0xb21c</run_address>
         <size>0x4a4</size>
         <input_file_ref idref="fl-c"/>
      </object_component>
      <object_component id="oc-1d2">
         <name>.debug_info</name>
         <load_address>0xb6c0</load_address>
         <run_address>0xb6c0</run_address>
         <size>0xd0</size>
         <input_file_ref idref="fl-c"/>
      </object_component>
      <object_component id="oc-d8">
         <name>.debug_info</name>
         <load_address>0xb790</load_address>
         <run_address>0xb790</run_address>
         <size>0x1be</size>
         <input_file_ref idref="fl-c"/>
      </object_component>
      <object_component id="oc-e5">
         <name>.debug_info</name>
         <load_address>0xb94e</load_address>
         <run_address>0xb94e</run_address>
         <size>0x17f</size>
         <input_file_ref idref="fl-c"/>
      </object_component>
      <object_component id="oc-df">
         <name>.debug_info</name>
         <load_address>0xbacd</load_address>
         <run_address>0xbacd</run_address>
         <size>0x188</size>
         <input_file_ref idref="fl-c"/>
      </object_component>
      <object_component id="oc-1e1">
         <name>.debug_info</name>
         <load_address>0xbc55</load_address>
         <run_address>0xbc55</run_address>
         <size>0x432</size>
         <input_file_ref idref="fl-d"/>
      </object_component>
      <object_component id="oc-1de">
         <name>.debug_info</name>
         <load_address>0xc087</load_address>
         <run_address>0xc087</run_address>
         <size>0x173</size>
         <input_file_ref idref="fl-d"/>
      </object_component>
      <object_component id="oc-f1">
         <name>.debug_info</name>
         <load_address>0xc1fa</load_address>
         <run_address>0xc1fa</run_address>
         <size>0x122</size>
         <input_file_ref idref="fl-d"/>
      </object_component>
      <object_component id="oc-eb">
         <name>.debug_info</name>
         <load_address>0xc31c</load_address>
         <run_address>0xc31c</run_address>
         <size>0x16b</size>
         <input_file_ref idref="fl-d"/>
      </object_component>
      <object_component id="oc-38a">
         <name>.debug_info</name>
         <load_address>0xc487</load_address>
         <run_address>0xc487</run_address>
         <size>0x379</size>
         <input_file_ref idref="fl-e"/>
      </object_component>
      <object_component id="oc-2c7">
         <name>.debug_info</name>
         <load_address>0xc800</load_address>
         <run_address>0xc800</run_address>
         <size>0x10f</size>
         <input_file_ref idref="fl-e"/>
      </object_component>
      <object_component id="oc-2d9">
         <name>.debug_info</name>
         <load_address>0xc90f</load_address>
         <run_address>0xc90f</run_address>
         <size>0x12b</size>
         <input_file_ref idref="fl-e"/>
      </object_component>
      <object_component id="oc-2cf">
         <name>.debug_info</name>
         <load_address>0xca3a</load_address>
         <run_address>0xca3a</run_address>
         <size>0x12d</size>
         <input_file_ref idref="fl-e"/>
      </object_component>
      <object_component id="oc-1e6">
         <name>.debug_info</name>
         <load_address>0xcb67</load_address>
         <run_address>0xcb67</run_address>
         <size>0xe7</size>
         <input_file_ref idref="fl-f"/>
      </object_component>
      <object_component id="oc-bd">
         <name>.debug_info</name>
         <load_address>0xcc4e</load_address>
         <run_address>0xcc4e</run_address>
         <size>0x132</size>
         <input_file_ref idref="fl-c5"/>
      </object_component>
      <object_component id="oc-b8">
         <name>.debug_info</name>
         <load_address>0xcd80</load_address>
         <run_address>0xcd80</run_address>
         <size>0x132</size>
         <input_file_ref idref="fl-c6"/>
      </object_component>
      <object_component id="oc-c4">
         <name>.debug_info</name>
         <load_address>0xceb2</load_address>
         <run_address>0xceb2</run_address>
         <size>0x126</size>
         <input_file_ref idref="fl-c7"/>
      </object_component>
      <object_component id="oc-b3">
         <name>.debug_info</name>
         <load_address>0xcfd8</load_address>
         <run_address>0xcfd8</run_address>
         <size>0x124</size>
         <input_file_ref idref="fl-c8"/>
      </object_component>
      <object_component id="oc-8c">
         <name>.debug_info</name>
         <load_address>0xd0fc</load_address>
         <run_address>0xd0fc</run_address>
         <size>0x313</size>
         <input_file_ref idref="fl-c9"/>
      </object_component>
      <object_component id="oc-41">
         <name>.debug_info</name>
         <load_address>0xd40f</load_address>
         <run_address>0xd40f</run_address>
         <size>0x1b4</size>
         <input_file_ref idref="fl-c9"/>
      </object_component>
      <object_component id="oc-87">
         <name>.debug_info</name>
         <load_address>0xd5c3</load_address>
         <run_address>0xd5c3</run_address>
         <size>0x46</size>
         <input_file_ref idref="fl-c9"/>
      </object_component>
      <object_component id="oc-155">
         <name>.debug_info</name>
         <load_address>0xd609</load_address>
         <run_address>0xd609</run_address>
         <size>0x2c</size>
         <input_file_ref idref="fl-c9"/>
      </object_component>
      <object_component id="oc-3e">
         <name>.debug_info</name>
         <load_address>0xd635</load_address>
         <run_address>0xd635</run_address>
         <size>0x29d</size>
         <input_file_ref idref="fl-ca"/>
      </object_component>
      <object_component id="oc-18">
         <name>.debug_info</name>
         <load_address>0xd8d2</load_address>
         <run_address>0xd8d2</run_address>
         <size>0x1df</size>
         <input_file_ref idref="fl-ca"/>
      </object_component>
      <object_component id="oc-39">
         <name>.debug_info</name>
         <load_address>0xdab1</load_address>
         <run_address>0xdab1</run_address>
         <size>0x46</size>
         <input_file_ref idref="fl-ca"/>
      </object_component>
      <object_component id="oc-7f">
         <name>.debug_info</name>
         <load_address>0xdaf7</load_address>
         <run_address>0xdaf7</run_address>
         <size>0x2c</size>
         <input_file_ref idref="fl-ca"/>
      </object_component>
      <object_component id="oc-7d">
         <name>.debug_info</name>
         <load_address>0xdb23</load_address>
         <run_address>0xdb23</run_address>
         <size>0x293</size>
         <input_file_ref idref="fl-cb"/>
      </object_component>
      <object_component id="oc-11">
         <name>.debug_info</name>
         <load_address>0xddb6</load_address>
         <run_address>0xddb6</run_address>
         <size>0x245</size>
         <input_file_ref idref="fl-cb"/>
      </object_component>
      <object_component id="oc-29">
         <name>.debug_info</name>
         <load_address>0xdffb</load_address>
         <run_address>0xdffb</run_address>
         <size>0x60</size>
         <input_file_ref idref="fl-cb"/>
      </object_component>
      <object_component id="oc-14e">
         <name>.debug_info</name>
         <load_address>0xe05b</load_address>
         <run_address>0xe05b</run_address>
         <size>0x46</size>
         <input_file_ref idref="fl-cb"/>
      </object_component>
      <object_component id="oc-78">
         <name>.debug_info</name>
         <load_address>0xe0a1</load_address>
         <run_address>0xe0a1</run_address>
         <size>0x39</size>
         <input_file_ref idref="fl-cb"/>
      </object_component>
      <object_component id="oc-21a">
         <name>.debug_info</name>
         <load_address>0xe0da</load_address>
         <run_address>0xe0da</run_address>
         <size>0x139</size>
         <input_file_ref idref="fl-cc"/>
      </object_component>
      <object_component id="oc-121">
         <name>.debug_info</name>
         <load_address>0xe213</load_address>
         <run_address>0xe213</run_address>
         <size>0xf7</size>
         <input_file_ref idref="fl-cc"/>
      </object_component>
      <object_component id="oc-214">
         <name>.debug_info</name>
         <load_address>0xe30a</load_address>
         <run_address>0xe30a</run_address>
         <size>0x184</size>
         <input_file_ref idref="fl-cc"/>
      </object_component>
      <object_component id="oc-2ac">
         <name>.debug_info</name>
         <load_address>0xe48e</load_address>
         <run_address>0xe48e</run_address>
         <size>0xb2</size>
         <input_file_ref idref="fl-cc"/>
      </object_component>
      <object_component id="oc-217">
         <name>.debug_info</name>
         <load_address>0xe540</load_address>
         <run_address>0xe540</run_address>
         <size>0x33c</size>
         <input_file_ref idref="fl-cd"/>
      </object_component>
      <object_component id="oc-20e">
         <name>.debug_info</name>
         <load_address>0xe87c</load_address>
         <run_address>0xe87c</run_address>
         <size>0x17f</size>
         <input_file_ref idref="fl-cd"/>
      </object_component>
      <object_component id="oc-116">
         <name>.debug_info</name>
         <load_address>0xe9fb</load_address>
         <run_address>0xe9fb</run_address>
         <size>0x1bd</size>
         <input_file_ref idref="fl-cd"/>
      </object_component>
      <object_component id="oc-1d0">
         <name>.debug_info</name>
         <load_address>0xebb8</load_address>
         <run_address>0xebb8</run_address>
         <size>0x3da</size>
         <input_file_ref idref="fl-ce"/>
      </object_component>
      <object_component id="oc-1cd">
         <name>.debug_info</name>
         <load_address>0xef92</load_address>
         <run_address>0xef92</run_address>
         <size>0x14c</size>
         <input_file_ref idref="fl-ce"/>
      </object_component>
      <object_component id="oc-1c7">
         <name>.debug_info</name>
         <load_address>0xf0de</load_address>
         <run_address>0xf0de</run_address>
         <size>0x15b</size>
         <input_file_ref idref="fl-ce"/>
      </object_component>
      <object_component id="oc-d3">
         <name>.debug_info</name>
         <load_address>0xf239</load_address>
         <run_address>0xf239</run_address>
         <size>0x1a1</size>
         <input_file_ref idref="fl-ce"/>
      </object_component>
      <object_component id="oc-1ba">
         <name>.debug_info</name>
         <load_address>0xf3da</load_address>
         <run_address>0xf3da</run_address>
         <size>0x328</size>
         <input_file_ref idref="fl-cf"/>
      </object_component>
      <object_component id="oc-ca">
         <name>.debug_info</name>
         <load_address>0xf702</load_address>
         <run_address>0xf702</run_address>
         <size>0x1c6</size>
         <input_file_ref idref="fl-cf"/>
      </object_component>
      <object_component id="oc-1ae">
         <name>.debug_info</name>
         <load_address>0xf8c8</load_address>
         <run_address>0xf8c8</run_address>
         <size>0x182</size>
         <input_file_ref idref="fl-cf"/>
      </object_component>
      <object_component id="oc-1b4">
         <name>.debug_info</name>
         <load_address>0xfa4a</load_address>
         <run_address>0xfa4a</run_address>
         <size>0x162</size>
         <input_file_ref idref="fl-cf"/>
      </object_component>
      <object_component id="oc-366">
         <name>.debug_info</name>
         <load_address>0xfbac</load_address>
         <run_address>0xfbac</run_address>
         <size>0x2c</size>
         <input_file_ref idref="fl-cf"/>
      </object_component>
      <object_component id="oc-391">
         <name>.debug_info</name>
         <load_address>0xfbd8</load_address>
         <run_address>0xfbd8</run_address>
         <size>0x4c5</size>
         <input_file_ref idref="fl-d0"/>
      </object_component>
      <object_component id="oc-3ed">
         <name>.debug_info</name>
         <load_address>0x1009d</load_address>
         <run_address>0x1009d</run_address>
         <size>0xf8</size>
         <input_file_ref idref="fl-d0"/>
      </object_component>
      <object_component id="oc-38e">
         <name>.debug_info</name>
         <load_address>0x10195</load_address>
         <run_address>0x10195</run_address>
         <size>0xf8</size>
         <input_file_ref idref="fl-d0"/>
      </object_component>
      <object_component id="oc-2e3">
         <name>.debug_info</name>
         <load_address>0x1028d</load_address>
         <run_address>0x1028d</run_address>
         <size>0x184</size>
         <input_file_ref idref="fl-d0"/>
      </object_component>
      <object_component id="oc-3f3">
         <name>.debug_info</name>
         <load_address>0x10411</load_address>
         <run_address>0x10411</run_address>
         <size>0x120</size>
         <input_file_ref idref="fl-d0"/>
      </object_component>
      <object_component id="oc-3f8">
         <name>.debug_info</name>
         <load_address>0x10531</load_address>
         <run_address>0x10531</run_address>
         <size>0x2c</size>
         <input_file_ref idref="fl-d0"/>
      </object_component>
      <object_component id="oc-23">
         <name>.debug_info</name>
         <load_address>0x1055d</load_address>
         <run_address>0x1055d</run_address>
         <size>0x100</size>
         <input_file_ref idref="fl-d1"/>
      </object_component>
      <object_component id="oc-52">
         <name>.debug_info</name>
         <load_address>0x1065d</load_address>
         <run_address>0x1065d</run_address>
         <size>0x1a4</size>
         <input_file_ref idref="fl-d1"/>
      </object_component>
      <object_component id="oc-8e">
         <name>.debug_info</name>
         <load_address>0x10801</load_address>
         <run_address>0x10801</run_address>
         <size>0x13f</size>
         <input_file_ref idref="fl-d2"/>
      </object_component>
      <object_component id="oc-34">
         <name>.debug_info</name>
         <load_address>0x10940</load_address>
         <run_address>0x10940</run_address>
         <size>0x111</size>
         <input_file_ref idref="fl-d3"/>
      </object_component>
      <object_component id="oc-22a">
         <name>.debug_info</name>
         <load_address>0x10a51</load_address>
         <run_address>0x10a51</run_address>
         <size>0x547</size>
         <input_file_ref idref="fl-d4"/>
      </object_component>
      <object_component id="oc-16d">
         <name>.debug_info</name>
         <load_address>0x10f98</load_address>
         <run_address>0x10f98</run_address>
         <size>0x19b</size>
         <input_file_ref idref="fl-d4"/>
      </object_component>
      <object_component id="oc-2f9">
         <name>.debug_info</name>
         <load_address>0x11133</load_address>
         <run_address>0x11133</run_address>
         <size>0x39</size>
         <input_file_ref idref="fl-d4"/>
      </object_component>
      <object_component id="oc-392">
         <name>.debug_info</name>
         <load_address>0x1116c</load_address>
         <run_address>0x1116c</run_address>
         <size>0x39</size>
         <input_file_ref idref="fl-d4"/>
      </object_component>
      <object_component id="oc-2fe">
         <name>.debug_info</name>
         <load_address>0x111a5</load_address>
         <run_address>0x111a5</run_address>
         <size>0x39</size>
         <input_file_ref idref="fl-d4"/>
      </object_component>
      <object_component id="oc-303">
         <name>.debug_info</name>
         <load_address>0x111de</load_address>
         <run_address>0x111de</run_address>
         <size>0xcd</size>
         <input_file_ref idref="fl-d4"/>
      </object_component>
      <object_component id="oc-95">
         <name>.debug_info</name>
         <load_address>0x112ab</load_address>
         <run_address>0x112ab</run_address>
         <size>0x148</size>
         <input_file_ref idref="fl-d5"/>
      </object_component>
      <object_component id="oc-227">
         <name>.debug_info</name>
         <load_address>0x113f3</load_address>
         <run_address>0x113f3</run_address>
         <size>0x3a2</size>
         <input_file_ref idref="fl-d7"/>
      </object_component>
      <object_component id="oc-224">
         <name>.debug_info</name>
         <load_address>0x11795</load_address>
         <run_address>0x11795</run_address>
         <size>0x185</size>
         <input_file_ref idref="fl-d7"/>
      </object_component>
      <object_component id="oc-160">
         <name>.debug_info</name>
         <load_address>0x1191a</load_address>
         <run_address>0x1191a</run_address>
         <size>0x117</size>
         <input_file_ref idref="fl-d7"/>
      </object_component>
      <object_component id="oc-167">
         <name>.debug_info</name>
         <load_address>0x11a31</load_address>
         <run_address>0x11a31</run_address>
         <size>0x179</size>
         <input_file_ref idref="fl-d7"/>
      </object_component>
      <object_component id="oc-29a">
         <name>.debug_info</name>
         <load_address>0x11baa</load_address>
         <run_address>0x11baa</run_address>
         <size>0x2be</size>
         <input_file_ref idref="fl-d8"/>
      </object_component>
      <object_component id="oc-1c1">
         <name>.debug_info</name>
         <load_address>0x11e68</load_address>
         <run_address>0x11e68</run_address>
         <size>0x113</size>
         <input_file_ref idref="fl-d8"/>
      </object_component>
      <object_component id="oc-295">
         <name>.debug_info</name>
         <load_address>0x11f7b</load_address>
         <run_address>0x11f7b</run_address>
         <size>0x123</size>
         <input_file_ref idref="fl-d8"/>
[...]
         <value>0x3f59</value>
         <object_component_ref idref="oc-20d"/>
      </symbol>
      <symbol id="sm-434">
         <name>fflush</name>
         <value>0x36fd</value>
         <object_component_ref idref="oc-113"/>
      </symbol>
      <symbol id="sm-45b">
         <name>printf</name>
         <value>0x3af9</value>
         <object_component_ref idref="oc-cf"/>
      </symbol>
      <symbol id="sm-482">
         <name>sprintf</name>
         <value>0x4191</value>
         <object_component_ref idref="oc-c9"/>
      </symbol>
      <symbol id="sm-4a8">
         <name>_stream</name>
         <value>0x20000be4</value>
         <object_component_ref idref="oc-38d"/>
      </symbol>
      <symbol id="sm-4a9">
         <name>_device</name>
         <value>0x20000b6c</value>
         <object_component_ref idref="oc-3ec"/>
      </symbol>
      <symbol id="sm-4aa">
         <name>write</name>
         <value>0x44f9</value>
         <object_component_ref idref="oc-2df"/>
      </symbol>
      <symbol id="sm-4bd">
         <name>__stack</name>
         <value>0x2000fe00</value>
         <object_component_ref idref="oc-22"/>
      </symbol>
      <symbol id="sm-4be">
         <name>_c_int00_noargs</name>
         <value>0x4285</value>
         <object_component_ref idref="oc-51"/>
      </symbol>
      <symbol id="sm-4cd">
         <name>__aeabi_memset</name>
         <value>0x377b</value>
         <object_component_ref idref="oc-8d"/>
      </symbol>
      <symbol id="sm-4ce">
         <name>memset</name>
         <value>0x3781</value>
         <object_component_ref idref="oc-8d"/>
      </symbol>
      <symbol id="sm-4cf">
         <name>__aeabi_memset8</name>
         <value>0x377b</value>
         <object_component_ref idref="oc-8d"/>
      </symbol>
      <symbol id="sm-4d0">
         <name>__aeabi_memset4</name>
         <value>0x377b</value>
         <object_component_ref idref="oc-8d"/>
      </symbol>
      <symbol id="sm-4d1">
         <name>__aeabi_memclr8</name>
         <value>0x3779</value>
         <object_component_ref idref="oc-8d"/>
      </symbol>
      <symbol id="sm-4d2">
         <name>__aeabi_memclr4</name>
         <value>0x3779</value>
         <object_component_ref idref="oc-8d"/>
      </symbol>
      <symbol id="sm-4d3">
         <name>__aeabi_memclr</name>
         <value>0x3779</value>
         <object_component_ref idref="oc-8d"/>
      </symbol>
      <symbol id="sm-4ee">
         <name>memcpy</name>
         <value>0x3431</value>
         <object_component_ref idref="oc-33"/>
      </symbol>
      <symbol id="sm-4ef">
         <name>__aeabi_memcpy</name>
         <value>0x3431</value>
         <object_component_ref idref="oc-33"/>
      </symbol>
      <symbol id="sm-4f0">
         <name>__aeabi_memcpy8</name>
         <value>0x3431</value>
         <object_component_ref idref="oc-33"/>
      </symbol>
      <symbol id="sm-4f1">
         <name>__aeabi_memcpy4</name>
         <value>0x3431</value>
         <object_component_ref idref="oc-33"/>
      </symbol>
      <symbol id="sm-519">
         <name>__TI_auto_init_nobinit_nopinit</name>
         <value>0x4109</value>
         <object_component_ref idref="oc-16a"/>
      </symbol>
      <symbol id="sm-523">
         <name>_system_pre_init</name>
         <value>0x46cb</value>
         <object_component_ref idref="oc-93"/>
      </symbol>
      <symbol id="sm-54a">
         <name>C$$EXIT</name>
         <value>0x46cf</value>
         <object_component_ref idref="oc-15e"/>
      </symbol>
      <symbol id="sm-54b">
         <name>abort</name>
         <value>0x46cf</value>
         <object_component_ref idref="oc-15e"/>
      </symbol>
      <symbol id="sm-54c">
         <name>__TI_dtors_ptr</name>
         <value>0x20000cc8</value>
         <object_component_ref idref="oc-223"/>
      </symbol>
      <symbol id="sm-54d">
         <name>__TI_cleanup_ptr</name>
         <value>0x20000cc4</value>
         <object_component_ref idref="oc-223"/>
      </symbol>
      <symbol id="sm-54e">
         <name>__TI_enable_exit_profile_output</name>
         <value>0x20000ccc</value>
         <object_component_ref idref="oc-223"/>
      </symbol>
      <symbol id="sm-54f">
         <name>exit</name>
         <value>0x3ff1</value>
         <object_component_ref idref="oc-164"/>
      </symbol>
      <symbol id="sm-564">
         <name>_nop</name>
         <value>0x2057</value>
         <object_component_ref idref="oc-292"/>
      </symbol>
      <symbol id="sm-565">
         <name>_lock</name>
         <value>0x20000cdc</value>
         <object_component_ref idref="oc-1c0"/>
      </symbol>
      <symbol id="sm-566">
         <name>_unlock</name>
         <value>0x20000ce0</value>
         <object_component_ref idref="oc-1c0"/>
      </symbol>
      <symbol id="sm-6cb">
         <name>__TI_printfi</name>
         <value>0x15f9</value>
         <object_component_ref idref="oc-1a7"/>
      </symbol>
      <symbol id="sm-6e2">
         <name>atoi</name>
         <value>0x3fa5</value>
         <object_component_ref idref="oc-247"/>
      </symbol>
      <symbol id="sm-6ed">
         <name>_ctypes_</name>
         <value>0x46d4</value>
         <object_component_ref idref="oc-30c"/>
      </symbol>
      <symbol id="sm-702">
         <name>putc</name>
         <value>0x3565</value>
         <object_component_ref idref="oc-2a3"/>
      </symbol>
      <symbol id="sm-703">
         <name>fputc</name>
         <value>0x3565</value>
         <object_component_ref idref="oc-2a3"/>
      </symbol>
      <symbol id="sm-721">
         <name>fputs</name>
         <value>0x2d0d</value>
         <object_component_ref idref="oc-29c"/>
      </symbol>
      <symbol id="sm-730">
         <name>ltoa</name>
         <value>0x3eb3</value>
         <object_component_ref idref="oc-31d"/>
      </symbol>
      <symbol id="sm-740">
         <name>memccpy</name>
         <value>0x4541</value>
         <object_component_ref idref="oc-270"/>
      </symbol>
      <symbol id="sm-750">
         <name>memchr</name>
         <value>0x4521</value>
         <object_component_ref idref="oc-37e"/>
      </symbol>
      <symbol id="sm-760">
         <name>strchr</name>
         <value>0x45a5</value>
         <object_component_ref idref="oc-34f"/>
      </symbol>
      <symbol id="sm-76e">
         <name>strlen</name>
         <value>0x460d</value>
         <object_component_ref idref="oc-241"/>
      </symbol>
      <symbol id="sm-77f">
         <name>HOSTclose</name>
         <value>0x4081</value>
         <object_component_ref idref="oc-439"/>
      </symbol>
      <symbol id="sm-790">
         <name>HOSTlseek</name>
         <value>0x39c1</value>
         <object_component_ref idref="oc-44b"/>
      </symbol>
      <symbol id="sm-7a2">
         <name>parmbuf</name>
         <value>0x20000a60</value>
      </symbol>
      <symbol id="sm-7a3">
         <name>HOSTopen</name>
         <value>0x3cf1</value>
         <object_component_ref idref="oc-433"/>
      </symbol>
      <symbol id="sm-7b4">
         <name>HOSTread</name>
         <value>0x3dad</value>
         <object_component_ref idref="oc-43f"/>
      </symbol>
      <symbol id="sm-7c5">
         <name>HOSTrename</name>
         <value>0x3a29</value>
         <object_component_ref idref="oc-457"/>
      </symbol>
      <symbol id="sm-7d6">
         <name>HOSTunlink</name>
         <value>0x40c5</value>
         <object_component_ref idref="oc-451"/>
      </symbol>
      <symbol id="sm-7e7">
         <name>HOSTwrite</name>
         <value>0x3e05</value>
         <object_component_ref idref="oc-445"/>
      </symbol>
      <symbol id="sm-80b">
         <name>__TI_readmsg</name>
         <value>0x4361</value>
         <object_component_ref idref="oc-489"/>
      </symbol>
      <symbol id="sm-80c">
         <name>C$$IO$$</name>
         <value>0x427b</value>
         <object_component_ref idref="oc-483"/>
      </symbol>
      <symbol id="sm-80d">
         <name>__CIOBUF_</name>
         <value>0x20000800</value>
         <object_component_ref idref="oc-4bb"/>
      </symbol>
      <symbol id="sm-80e">
         <name>__TI_writemsg</name>
         <value>0x424d</value>
         <object_component_ref idref="oc-483"/>
      </symbol>
      <symbol id="sm-824">
         <name>__aeabi_errno_addr</name>
         <value>0x46b5</value>
         <object_component_ref idref="oc-27c"/>
      </symbol>
      <symbol id="sm-825">
         <name>errno</name>
         <value>0x20000ce4</value>
         <object_component_ref idref="oc-35f"/>
      </symbol>
      <symbol id="sm-845">
         <name>frexpl</name>
         <value>0x3bc5</value>
         <object_component_ref idref="oc-343"/>
      </symbol>
      <symbol id="sm-846">
         <name>frexp</name>
         <value>0x3bc5</value>
         <object_component_ref idref="oc-343"/>
      </symbol>
      <symbol id="sm-863">
         <name>scalbn</name>
         <value>0x2e21</value>
         <object_component_ref idref="oc-349"/>
      </symbol>
      <symbol id="sm-864">
         <name>scalbnl</name>
         <value>0x2e21</value>
         <object_component_ref idref="oc-349"/>
      </symbol>
      <symbol id="sm-865">
         <name>ldexpl</name>
         <value>0x2e21</value>
         <object_component_ref idref="oc-349"/>
      </symbol>
      <symbol id="sm-866">
         <name>ldexp</name>
         <value>0x2e21</value>
         <object_component_ref idref="oc-349"/>
      </symbol>
      <symbol id="sm-87f">
         <name>wcslen</name>
         <value>0x4633</value>
         <object_component_ref idref="oc-276"/>
      </symbol>
      <symbol id="sm-889">
         <name>copysign</name>
         <value>0x45e5</value>
         <object_component_ref idref="oc-3ba"/>
      </symbol>
      <symbol id="sm-88a">
         <name>copysignl</name>
         <value>0x45e5</value>
         <object_component_ref idref="oc-3ba"/>
      </symbol>
      <symbol id="sm-897">
         <name>__aeabi_uldivmod</name>
         <value>0x34cd</value>
         <object_component_ref idref="oc-311"/>
      </symbol>
      <symbol id="sm-8ae">
         <name>__aeabi_dsub</name>
         <value>0x27c1</value>
         <object_component_ref idref="oc-323"/>
      </symbol>
      <symbol id="sm-8af">
         <name>__aeabi_dadd</name>
         <value>0x27cb</value>
         <object_component_ref idref="oc-323"/>
      </symbol>
      <symbol id="sm-8d1">
         <name>__aeabi_cdcmpeq</name>
         <value>0x35f1</value>
         <object_component_ref idref="oc-253"/>
      </symbol>
      <symbol id="sm-8d2">
         <name>__aeabi_cdcmple</name>
         <value>0x35f1</value>
         <object_component_ref idref="oc-253"/>
      </symbol>
      <symbol id="sm-8d3">
         <name>__aeabi_cdrcmple</name>
         <value>0x3677</value>
         <object_component_ref idref="oc-318"/>
      </symbol>
      <symbol id="sm-8eb">
         <name>__TI_wrt_ok</name>
         <value>0x3c8d</value>
         <object_component_ref idref="oc-378"/>
      </symbol>
      <symbol id="sm-8fd">
         <name>fseek</name>
         <value>0x3c29</value>
         <object_component_ref idref="oc-3d6"/>
      </symbol>
      <symbol id="sm-90d">
         <name>lseek</name>
         <value>0x44a9</value>
         <object_component_ref idref="oc-40e"/>
      </symbol>
      <symbol id="sm-929">
         <name>setvbuf</name>
         <value>0x312d</value>
         <object_component_ref idref="oc-3dc"/>
      </symbol>
      <symbol id="sm-937">
         <name>strcpy</name>
         <value>0x45f9</value>
         <object_component_ref idref="oc-49d"/>
      </symbol>
      <symbol id="sm-941">
         <name>__aeabi_idiv0</name>
         <value>0x2977</value>
         <object_component_ref idref="oc-3a5"/>
      </symbol>
      <symbol id="sm-942">
         <name>__aeabi_ldiv0</name>
         <value>0x2977</value>
         <object_component_ref idref="oc-3a5"/>
      </symbol>
      <symbol id="sm-9bd">
         <name>_sys_memory</name>
         <value>0x20000000</value>
         <object_component_ref idref="oc-25"/>
      </symbol>
      <symbol id="sm-9be">
         <name>free</name>
         <value>0x3209</value>
         <object_component_ref idref="oc-416"/>
      </symbol>
      <symbol id="sm-9bf">
         <name>malloc</name>
         <value>0x37f5</value>
         <object_component_ref idref="oc-41c"/>
      </symbol>
      <symbol id="sm-9c0">
         <name>minit</name>
         <value>0x42bd</value>
         <object_component_ref idref="oc-463"/>
      </symbol>
      <symbol id="sm-9d0">
         <name>__TI_cleanup</name>
         <value>0x432d</value>
         <object_component_ref idref="oc-422"/>
      </symbol>
      <symbol id="sm-9e6">
         <name>__TI_closefile</name>
         <value>0x386d</value>
         <object_component_ref idref="oc-47a"/>
      </symbol>
      <symbol id="sm-a09">
         <name>finddevice</name>
         <value>0x43f5</value>
         <object_component_ref idref="oc-4eb"/>
      </symbol>
      <symbol id="sm-a0a">
         <name>getdevice</name>
         <value>0x414d</value>
         <object_component_ref idref="oc-4d3"/>
      </symbol>
      <symbol id="sm-a1a">
         <name>strcmp</name>
         <value>0x458d</value>
         <object_component_ref idref="oc-4fc"/>
      </symbol>
      <symbol id="sm-a2a">
         <name>strncpy</name>
         <value>0x42f5</value>
         <object_component_ref idref="oc-4e5"/>
      </symbol>
      <symbol id="sm-a3a">
         <name>unlink</name>
         <value>0x4455</value>
         <object_component_ref idref="oc-4b2"/>
      </symbol>
      <symbol id="sm-a4e">
         <name>close</name>
         <value>0x3d51</value>
         <object_component_ref idref="oc-4ac"/>
      </symbol>
      <symbol id="sm-a4f">
         <name>__TI_static_base__</name>
         <value>0x0</value>
      </symbol>
      <symbol id="sm-a52">
         <name>__mpu_init</name>
         <value>0x0</value>
      </symbol>
      <symbol id="sm-a53">
         <name>_system_post_cinit</name>
         <value>0x0</value>
      </symbol>
      <symbol id="sm-a54">
         <name>NMI_Handler</name>
         <value>0x468f</value>
      </symbol>
      <symbol id="sm-a55">
         <name>HardFault_Handler</name>
         <value>0x468f</value>
      </symbol>
      <symbol id="sm-a56">
         <name>MemManage_Handler</name>
         <value>0x468f</value>
      </symbol>
      <symbol id="sm-a57">
         <name>BusFault_Handler</name>
         <value>0x468f</value>
      </symbol>
      <symbol id="sm-a58">
         <name>UsageFault_Handler</name>
         <value>0x468f</value>
      </symbol>
      <symbol id="sm-a59">
         <name>SVC_Handler</name>
         <value>0x468f</value>
      </symbol>
      <symbol id="sm-a5a">
         <name>DebugMon_Handler</name>
         <value>0x468f</value>
      </symbol>
      <symbol id="sm-a5b">
         <name>PendSV_Handler</name>
         <value>0x468f</value>
      </symbol>
      <symbol id="sm-a5c">
         <name>SysTick_Handler</name>
         <value>0x468f</value>
      </symbol>
      <symbol id="sm-a5d">
         <name>PSS_IRQHandler</name>
         <value>0x468f</value>
      </symbol>
      <symbol id="sm-a5e">
         <name>CS_IRQHandler</name>
         <value>0x468f</value>
      </symbol>
      <symbol id="sm-a5f">
         <name>PCM_IRQHandler</name>
         <value>0x468f</value>
      </symbol>
      <symbol id="sm-a60">
         <name>WDT_A_IRQHandler</name>
         <value>0x468f</value>
      </symbol>
      <symbol id="sm-a61">
         <name>FPU_IRQHandler</name>
         <value>0x468f</value>
      </symbol>
      <symbol id="sm-a62">
         <name>FLCTL_IRQHandler</name>
         <value>0x468f</value>
      </symbol>
      <symbol id="sm-a63">
         <name>COMP_E0_IRQHandler</name>
         <value>0x468f</value>
      </symbol>
      <symbol id="sm-a64">
         <name>COMP_E1_IRQHandler</name>
         <value>0x468f</value>
      </symbol>
      <symbol id="sm-a65">
         <name>TA0_0_IRQHandler</name>
         <value>0x468f</value>
      </symbol>
      <symbol id="sm-a66">
         <name>TA0_N_IRQHandler</name>
         <value>0x468f</value>
      </symbol>
      <symbol id="sm-a67">
         <name>TA1_0_IRQHandler</name>
         <value>0x468f</value>
      </symbol>
      <symbol id="sm-a68">
         <name>TA1_N_IRQHandler</name>
         <value>0x468f</value>
      </symbol>
      <symbol id="sm-a69">
         <name>TA2_0_IRQHandler</name>
         <value>0x468f</value>
      </symbol>
      <symbol id="sm-a6a">
         <name>TA2_N_IRQHandler</name>
         <value>0x468f</value>
      </symbol>
      <symbol id="sm-a6b">
         <name>TA3_0_IRQHandler</name>
         <value>0x468f</value>
      </symbol>
      <symbol id="sm-a6c">
         <name>TA3_N_IRQHandler</name>
         <value>0x468f</value>
      </symbol>
      <symbol id="sm-a6d">
         <name>EUSCIA0_IRQHandler</name>
         <value>0x468f</value>
      </symbol>
      <symbol id="sm-a6e">
         <name>EUSCIA1_IRQHandler</name>
         <value>0x468f</value>
      </symbol>
      <symbol id="sm-a6f">
         <name>EUSCIA2_IRQHandler</name>
         <value>0x468f</value>
      </symbol>
      <symbol id="sm-a70">
         <name>EUSCIA3_IRQHandler</name>
         <value>0x468f</value>
      </symbol>
      <symbol id="sm-a71">
         <name>EUSCIB0_IRQHandler</name>
         <value>0x468f</value>
      </symbol>
      <symbol id="sm-a72">
         <name>EUSCIB1_IRQHandler</name>
         <value>0x468f</value>
      </symbol>
      <symbol id="sm-a73">
         <name>EUSCIB2_IRQHandler</name>
         <value>0x468f</value>
      </symbol>
      <symbol id="sm-a74">
         <name>EUSCIB3_IRQHandler</name>
         <value>0x468f</value>
      </symbol>
      <symbol id="sm-a75">
         <name>ADC14_IRQHandler</name>
         <value>0x468f</value>
      </symbol>
      <symbol id="sm-a76">
         <name>T32_INT1_IRQHandler</name>
         <value>0x1523</value>
      </symbol>
      <symbol id="sm-a77">
         <name>T32_INT2_IRQHandler</name>
         <value>0x468f</value>
      </symbol>
      <symbol id="sm-a78">
         <name>T32_INTC_IRQHandler</name>
         <value>0x468f</value>
      </symbol>
      <symbol id="sm-a79">
         <name>AES256_IRQHandler</name>
         <value>0x468f</value>
      </symbol>
      <symbol id="sm-a7a">
         <name>RTC_C_IRQHandler</name>
         <value>0x468f</value>
      </symbol>
      <symbol id="sm-a7b">
         <name>DMA_ERR_IRQHandler</name>
         <value>0x468f</value>
      </symbol>
      <symbol id="sm-a7c">
         <name>DMA_INT3_IRQHandler</name>
         <value>0x468f</value>
      </symbol>
      <symbol id="sm-a7d">
         <name>DMA_INT2_IRQHandler</name>
         <value>0x468f</value>
      </symbol>
      <symbol id="sm-a7e">
         <name>DMA_INT1_IRQHandler</name>
         <value>0x468f</value>
      </symbol>
      <symbol id="sm-a7f">
         <name>DMA_INT0_IRQHandler</name>
         <value>0x468f</value>
      </symbol>
      <symbol id="sm-a80">
         <name>PORT1_IRQHandler</name>
         <value>0x468f</value>
      </symbol>
      <symbol id="sm-a81">
         <name>PORT2_IRQHandler</name>
         <value>0x14db</value>
      </symbol>
      <symbol id="sm-a82">
         <name>PORT3_IRQHandler</name>
         <value>0x468f</value>
      </symbol>
      <symbol id="sm-a83">
         <name>PORT4_IRQHandler</name>
         <value>0x468f</value>
      </symbol>
      <symbol id="sm-a84">
         <name>PORT5_IRQHandler</name>
         <value>0x468f</value>
      </symbol>
      <symbol id="sm-a85">
         <name>PORT6_IRQHandler</name>
         <value>0x468f</value>
      </symbol>
      <symbol id="sm-a86">
         <name>remove</name>
         <value>0x4455</value>
      </symbol>
   </symbol_table>
   <title>Link successful</title>
</link_info>
