******************************************************************************
                  TI ARM Linker PC v18.1.3                     
******************************************************************************
>> Linked Wed Dec  5 07:48:24 2018

OUTPUT FILE NAME:   <Motor_Speedometer.out>
ENTRY POINT SYMBOL: "_c_int00_noargs"  address: 000032ad


MEMORY CONFIGURATION

         name            origin    length      used     unused   attr    fill
----------------------  --------  ---------  --------  --------  ----  --------
  MAIN                  00000000   00040000  000038ce  0003c732  R  X
  INFO                  00200000   00004000  00000000  00004000  R  X
  SRAM_CODE             01000000   00010000  00000000  00010000  RW X
  SRAM_DATA             20000000   00010000  00000e31  0000f1cf  RW  


SEGMENT ALLOCATION MAP

run origin  load origin   length   init length attrs members
----------  ----------- ---------- ----------- ----- -------
00000000    00000000    000038d0   000038d0    r-x
  00000000    00000000    000000e4   000000e4    r-- .intvecs
  000000e4    000000e4    000035de   000035de    r-x .text
  000036c4    000036c4    00000144   00000144    r-- .const
  00003808    00003808    000000c8   000000c8    r-- .cinit
20000000    20000000    00000c31   00000000    rw-
  20000000    20000000    00000800   00000000    rw- .sysmem
  20000800    20000800    00000260   00000000    rw- .data
  20000a60    20000a60    000001d1   00000000    rw- .bss
2000fe00    2000fe00    00000200   00000000    rw-
  2000fe00    2000fe00    00000200   00000000    rw- .stack


SECTION ALLOCATION MAP

 output                                  attributes/
section   page    origin      length       input sections
--------  ----  ----------  ----------   ----------------
.intvecs   0    00000000    000000e4     
                  00000000    000000e4     startup_msp432p401r_ccs.obj (.intvecs:retain)

.text      0    000000e4    000035de     
                  000000e4    00000a5e     rtsv7M4_T_le_v4SPD16_eabi.lib : _printfi.c.obj (.text:__TI_printfi)
                  00000b42    00000002                                   : _lock.c.obj (.text:_nop)
                  00000b44    000005b8     main.obj (.text)
                  000010fc    00000328     system_msp432p401r.obj (.text)
                  00001424    00000270     rtsv7M4_T_le_v4SPD16_eabi.lib : _printfi.c.obj (.text:_pconv_a)
                  00001694    000001d0                                   : _printfi.c.obj (.text:_pconv_g)
                  00001864    000001b6                                   : fd_add_t2.asm.obj (.text)
                  00001a1a    00000002                                   : div0.asm.obj (.text)
                  00001a1c    0000013c                                   : _printfi.c.obj (.text:_pconv_e)
                  00001b58    00000136                                   : fd_div_t2.asm.obj (.text)
                  00001c8e    00000002     --HOLE-- [fill = 0]
                  00001c90    00000120                                   : _printfi.c.obj (.text:fcvt)
                  00001db0    00000114                                   : fputs.c.obj (.text:fputs)
                  00001ec4    00000110                                   : s_scalbn.c.obj (.text:scalbn)
                  00001fd4    00000100     COMMONCLOCKS.obj (.text)
                  000020d4    000000fc     rtsv7M4_T_le_v4SPD16_eabi.lib : fd_mul_t2.asm.obj (.text)
                  000021d0    000000dc                                   : setvbuf.c.obj (.text:setvbuf)
                  000022ac    000000d8                                   : memory.c.obj (.text:free)
                  00002384    000000b1                                   : _printfi.c.obj (.text:_ltostr)
                  00002435    00000003     --HOLE-- [fill = 0]
                  00002438    0000009c     msp432p4xx_driverlib.lib : cs.o (.text:CS_startHFXTWithTimeout)
                  000024d4    0000009c     rtsv7M4_T_le_v4SPD16_eabi.lib : memcpy_t2.asm.obj (.text)
                  00002570    00000096                                   : ull_div_t2.asm.obj (.text)
                  00002606    00000002     --HOLE-- [fill = 0]
                  00002608    0000008c                                   : fputc.c.obj (.text:fputc)
                  00002694    00000086                                   : fd_cmp_t2.asm.obj (.text:__aeabi_cdcmple)
                  0000271a    00000086                                   : fd_cmp_t2.asm.obj (.text:__aeabi_cdrcmple)
                  000027a0    0000007a                                   : memset_t2.asm.obj (.text)
                  0000281a    00000002     --HOLE-- [fill = 0]
                  0000281c    00000078                                   : memory.c.obj (.text:malloc)
                  00002894    00000074                                   : fclose.c.obj (.text:__TI_closefile)
                  00002908    00000070     msp432p4xx_driverlib.lib : cs.o (.text:_CSGetHFXTFrequency)
                  00002978    0000006e     rtsv7M4_T_le_v4SPD16_eabi.lib : _printfi.c.obj (.text:_mcpy)
                  000029e6    00000002     --HOLE-- [fill = 0]
                  000029e8    00000068                                   : hostlseek.c.obj (.text:HOSTlseek)
                  00002a50    00000068                                   : hostrename.c.obj (.text:HOSTrename)
                  00002ab8    00000068                                   : copy_decompress_lzss.c.obj (.text:decompress:lzss:__TI_decompress_lzss)
                  00002b20    00000068                                   : printf.c.obj (.text:printf)
                  00002b88    00000064     msp432p4xx_driverlib.lib : interrupt.o (.text:Interrupt_enableInterrupt)
                  00002bec    00000064     rtsv7M4_T_le_v4SPD16_eabi.lib : s_frexp.c.obj (.text:frexp)
                  00002c50    00000064                                   : fseek.c.obj (.text:fseek)
                  00002cb4    00000062                                   : _io_perm.c.obj (.text:__TI_wrt_ok)
                  00002d16    00000002     --HOLE-- [fill = 0]
                  00002d18    00000060                                   : hostopen.c.obj (.text:HOSTopen)
                  00002d78    0000005c                                   : close.c.obj (.text:close)
                  00002dd4    00000058                                   : hostread.c.obj (.text:HOSTread)
                  00002e2c    00000058                                   : hostwrite.c.obj (.text:HOSTwrite)
                  00002e84    00000056                                   : _printfi.c.obj (.text:_pconv_f)
                  00002eda    00000054                                   : ltoa.c.obj (.text:ltoa)
                  00002f2e    00000052                                   : _printfi.c.obj (.text:_ecpy)
                  00002f80    0000004c                                   : fflush.c.obj (.text:__TI_doflush)
                  00002fcc    0000004c                                   : atoi.c.obj (.text:atoi)
                  00003018    00000048                                   : exit.c.obj (.text:exit)
                  00003060    00000048                                   : fd_toi_t2.asm.obj (.text)
                  000030a8    00000044                                   : hostclose.c.obj (.text:HOSTclose)
                  000030ec    00000044                                   : hostunlink.c.obj (.text:HOSTunlink)
                  00003130    00000044                                   : autoinit.c.obj (.text:__TI_auto_init_nobinit_nopinit:__TI_auto_init_nobinit_nopinit)
                  00003174    00000044                                   : getdevice.c.obj (.text:getdevice)
                  000031b8    00000040                                   : sprintf.c.obj (.text:sprintf)
                  000031f8    0000003e                                   : _printfi.c.obj (.text:_fcpy)
                  00003236    00000002     --HOLE-- [fill = 0]
                  00003238    0000003c                                   : memory.c.obj (.text:minsert)
                  00003274    00000038                                   : trgmsg.c.obj (.text:__TI_writemsg)
                  000032ac    00000038                                   : boot_cortex_m.c.obj (.text:_c_int00_noargs:_c_int00_noargs)
                  000032e4    00000038                                   : memory.c.obj (.text:minit)
                  0000331c    00000036                                   : strncpy.c.obj (.text:strncpy)
                  00003352    00000002     --HOLE-- [fill = 0]
                  00003354    00000034                                   : fopen.c.obj (.text:__TI_cleanup)
                  00003388    00000034                                   : trgmsg.c.obj (.text:__TI_readmsg)
                  000033bc    00000030     msp432p4xx_driverlib.lib : gpio.o (.text:GPIO_setAsInputPinWithPullUpResistor)
                  000033ec    00000030     rtsv7M4_T_le_v4SPD16_eabi.lib : getdevice.c.obj (.text:finddevice)
                  0000341c    0000002e                                   : i_tofd_t2.asm.obj (.text)
                  0000344a    00000002     --HOLE-- [fill = 0]
                  0000344c    0000002c                                   : unlink.c.obj (.text:unlink)
                  00003478    00000028                                   : lseek.c.obj (.text:lseek)
                  000034a0    00000028                                   : memory.c.obj (.text:mremove)
                  000034c8    00000028                                   : write.c.obj (.text:write)
                  000034f0    00000020     msp432p4xx_driverlib.lib : gpio.o (.text:GPIO_interruptEdgeSelect)
                  00003510    00000020     rtsv7M4_T_le_v4SPD16_eabi.lib : memchr.c.obj (.text:memchr)
                  00003530    0000001c                                   : memccpy.c.obj (.text:memccpy)
                  0000354c    00000018     msp432p4xx_driverlib.lib : gpio.o (.text:GPIO_clearInterruptFlag)
                  00003564    00000018     rtsv7M4_T_le_v4SPD16_eabi.lib : sprintf.c.obj (.text:_outs)
                  0000357c    00000018                                   : strcmp.c.obj (.text:strcmp)
                  00003594    00000016                                   : strchr.c.obj (.text:strchr)
                  000035aa    00000002     --HOLE-- [fill = 0]
                  000035ac    00000014     msp432p4xx_driverlib.lib : cs.o (.text:CS_setExternalClockSourceFrequency)
                  000035c0    00000014                              : gpio.o (.text:GPIO_enableInterrupt)
                  000035d4    00000014     rtsv7M4_T_le_v4SPD16_eabi.lib : s_copysign.c.obj (.text:copysign)
                  000035e8    00000014                                   : strcpy.c.obj (.text:strcpy)
                  000035fc    00000014                                   : strlen.c.obj (.text:strlen)
                  00003610    00000012                                   : copy_zero_init.c.obj (.text:decompress:ZI:__TI_zero_init_nomemset:__TI_zero_init_nomemset)
                  00003622    00000012                                   : wcslen.c.obj (.text:wcslen)
                  00003634    00000010     msp432p4xx_driverlib.lib : interrupt.o (.text:Interrupt_enableMaster)
                  00003644    00000010                              : sysctl.o (.text:SysCtl_disableNMISource)
                  00003654    00000010                              : sysctl.o (.text:SysCtl_enableNMISource)
                  00003664    0000000e     rtsv7M4_T_le_v4SPD16_eabi.lib : copy_decompress_none.c.obj (.text:decompress:none:__TI_decompress_none)
                  00003672    0000000e     startup_msp432p401r_ccs.obj (.text)
                  00003680    0000000c     msp432p4xx_driverlib.lib : cpu.o (.text:CPU_cpsie)
                  0000368c    0000000c                              : sysctl.o (.text:SysCtl_getNMISourceStatus)
                  00003698    0000000a     rtsv7M4_T_le_v4SPD16_eabi.lib : sprintf.c.obj (.text:_outc)
                  000036a2    00000002     --HOLE-- [fill = 0]
                  000036a4    00000008                                   : errno.c.obj (.text:__aeabi_errno_addr)
                  000036ac    00000006     msp432p4xx_driverlib.lib : cs.o (.text:CS_startHFXT)
                  000036b2    00000004     rtsv7M4_T_le_v4SPD16_eabi.lib : printf.c.obj (.text:_outc)
                  000036b6    00000004                                   : printf.c.obj (.text:_outs)
                  000036ba    00000004                                   : pre_init.c.obj (.text:_system_pre_init)
                  000036be    00000004                                   : exit.c.obj (.text:abort:abort)

.const     0    000036c4    00000144     
                  000036c4    00000101     rtsv7M4_T_le_v4SPD16_eabi.lib : ctype.c.obj (.const:.string:_ctypes_)
                  000037c5    00000003     --HOLE-- [fill = 0]
                  000037c8    00000040     msp432p4xx_driverlib.lib : interrupt.o (.const)

.cinit     0    00003808    000000c8     
                  00003808    000000a4     (.cinit..data.load) [load image, compression = lzss]
                  000038ac    0000000c     (__TI_handler_table)
                  000038b8    00000008     (.cinit..bss.load) [load image, compression = zero_init]
                  000038c0    00000010     (__TI_cinit_table)

.init_array 
*          0    00000000    00000000     UNINITIALIZED

.sysmem    0    20000000    00000800     UNINITIALIZED
                  20000000    00000008     rtsv7M4_T_le_v4SPD16_eabi.lib : memory.c.obj (.sysmem)
                  20000008    000007f8     --HOLE--

.data      0    20000800    00000260     UNINITIALIZED
                  20000800    000000f0     rtsv7M4_T_le_v4SPD16_eabi.lib : defs.c.obj (.data:_ftable)
                  200008f0    00000078                                   : write.c.obj (.data:_device)
                  20000968    00000050                                   : write.c.obj (.data:_stream)
                  200009b8    00000040     main.obj (.data)
                  200009f8    00000030     msp432p4xx_driverlib.lib : gpio.o (.data:GPIO_PORT_TO_BASE)
                  20000a28    00000010     rtsv7M4_T_le_v4SPD16_eabi.lib : defs.c.obj (.data)
                  20000a38    0000000c                                   : exit.c.obj (.data:$O1$$)
                  20000a44    0000000c                                   : memory.c.obj (.data:$O1$$)
                  20000a50    00000008                                   : _lock.c.obj (.data:$O1$$)
                  20000a58    00000004                                   : errno.c.obj (.data)
                  20000a5c    00000004     system_msp432p401r.obj (.data)

.bss       0    20000a60    000001d1     UNINITIALIZED
                  20000a60    00000120     rtsv7M4_T_le_v4SPD16_eabi.lib : trgmsg.c.obj (.bss:_CIOBUF_)
                  20000b80    000000a0     (.common:__TI_tmpnams)
                  20000c20    00000008     (.common:parmbuf)
                  20000c28    00000004     (.common:hfxtFreq)
                  20000c2c    00000004     (.common:lfxtFreq)
                  20000c30    00000001     (.common:flag)

.stack     0    2000fe00    00000200     UNINITIALIZED
                  2000fe00    00000004     rtsv7M4_T_le_v4SPD16_eabi.lib : boot_cortex_m.c.obj (.stack)
                  2000fe04    000001fc     --HOLE--

MODULE SUMMARY

       Module                        code    ro data   rw data
       ------                        ----    -------   -------
    .\
       main.obj                      1464    0         65     
       system_msp432p401r.obj        808     0         4      
       COMMONCLOCKS.obj              256     0         0      
       startup_msp432p401r_ccs.obj   14      228       0      
    +--+-----------------------------+-------+---------+---------+
       Total:                        2542    228       69     
                                                              
    C:/ti/msp/MSP432Ware_3_50_00_02/driverlib/driverlib/MSP432P4xx/ccs/msp432p4xx_driverlib.lib
       cs.o                          294     0         8      
       interrupt.o                   116     64        0      
       gpio.o                        124     0         48     
       sysctl.o                      44      0         0      
       cpu.o                         12      0         0      
    +--+-----------------------------+-------+---------+---------+
       Total:                        590     64        56     
                                                              
    C:\ti\ccsv8\tools\compiler\ti-cgt-arm_18.1.3.LTS\lib\rtsv7M4_T_le_v4SPD16_eabi.lib
       _printfi.c.obj                4863    0         0      
       memory.c.obj                  492     0         12     
       fd_add_t2.asm.obj             438     0         0      
       defs.c.obj                    0       0         416    
       trgmsg.c.obj                  108     0         288    
       fd_div_t2.asm.obj             310     0         0      
       fputs.c.obj                   276     0         0      
       s_scalbn.c.obj                272     0         0      
       fd_cmp_t2.asm.obj             268     0         0      
       ctype.c.obj                   0       257       0      
       fd_mul_t2.asm.obj             252     0         0      
       write.c.obj                   40      0         200    
       setvbuf.c.obj                 220     0         0      
       memcpy_t2.asm.obj             156     0         0      
       ull_div_t2.asm.obj            150     0         0      
       fputc.c.obj                   140     0         0      
       memset_t2.asm.obj             122     0         0      
       fclose.c.obj                  116     0         0      
       getdevice.c.obj               116     0         0      
       printf.c.obj                  112     0         0      
       copy_decompress_lzss.c.obj    104     0         0      
       hostlseek.c.obj               104     0         0      
       hostopen.c.obj                96      0         8      
       hostrename.c.obj              104     0         0      
       fseek.c.obj                   100     0         0      
       s_frexp.c.obj                 100     0         0      
       _io_perm.c.obj                98      0         0      
       sprintf.c.obj                 98      0         0      
       close.c.obj                   92      0         0      
       exit.c.obj                    76      0         12     
       hostread.c.obj                88      0         0      
       hostwrite.c.obj               88      0         0      
       ltoa.c.obj                    84      0         0      
       atoi.c.obj                    76      0         0      
       fflush.c.obj                  76      0         0      
       fd_toi_t2.asm.obj             72      0         0      
       autoinit.c.obj                68      0         0      
       hostclose.c.obj               68      0         0      
       hostunlink.c.obj              68      0         0      
       boot_cortex_m.c.obj           56      0         0      
       strncpy.c.obj                 54      0         0      
       fopen.c.obj                   52      0         0      
       i_tofd_t2.asm.obj             46      0         0      
       unlink.c.obj                  44      0         0      
       lseek.c.obj                   40      0         0      
       memchr.c.obj                  32      0         0      
       memccpy.c.obj                 28      0         0      
       strcmp.c.obj                  24      0         0      
       strchr.c.obj                  22      0         0      
       s_copysign.c.obj              20      0         0      
       strcpy.c.obj                  20      0         0      
       strlen.c.obj                  20      0         0      
       copy_zero_init.c.obj          18      0         0      
       wcslen.c.obj                  18      0         0      
       copy_decompress_none.c.obj    14      0         0      
       errno.c.obj                   8       0         4      
       _lock.c.obj                   2       0         8      
       pre_init.c.obj                4       0         0      
       div0.asm.obj                  2       0         0      
    +--+-----------------------------+-------+---------+---------+
       Total:                        10635   257       948    
                                                              
       Heap:                         0       0         2048   
       Stack:                        0       0         512    
       Linker Generated:             0       200       0      
    +--+-----------------------------+-------+---------+---------+
       Grand Total:                  13767   749       3633   


LINKER GENERATED COPY TABLES

__TI_cinit_table @ 000038c0 records: 2, size/record: 8, table size: 16
	.data: load addr=00003808, load size=000000a4 bytes, run addr=20000800, run size=00000260 bytes, compression=lzss
	.bss: load addr=000038b8, load size=00000008 bytes, run addr=20000a60, run size=000001d1 bytes, compression=zero_init


LINKER GENERATED HANDLER TABLE

__TI_handler_table @ 000038ac records: 3, size/record: 4, table size: 12
	index: 0, handler: __TI_decompress_lzss
	index: 1, handler: __TI_decompress_none
	index: 2, handler: __TI_zero_init


GLOBAL SYMBOLS: SORTED ALPHABETICALLY BY Name 

address   name                                
-------   ----                                
0000367f  ADC14_IRQHandler                    
0000367f  AES256_IRQHandler                   
0000367f  BusFault_Handler                    
000036bf  C$$EXIT                             
000032a3  C$$IO$$                             
00002045  COMMONCLOCKS_initClocks             
00001fd5  COMMONCLOCKS_sysTick_Init           
00001ff1  COMMONCLOCKS_sysTick_delay_3MHZ     
0000201b  COMMONCLOCKS_sysTick_delay_48MHZ    
0000367f  COMP_E0_IRQHandler                  
0000367f  COMP_E1_IRQHandler                  
00003681  CPU_cpsie                           
0000367f  CS_IRQHandler                       
000035ad  CS_setExternalClockSourceFrequency  
000036ad  CS_startHFXT                        
00002439  CS_startHFXTWithTimeout             
200009c8  Calculated_Speed                    
00000ccf  Configure                           
0000367f  DMA_ERR_IRQHandler                  
0000367f  DMA_INT0_IRQHandler                 
0000367f  DMA_INT1_IRQHandler                 
0000367f  DMA_INT2_IRQHandler                 
0000367f  DMA_INT3_IRQHandler                 
0000367f  DebugMon_Handler                    
0000367f  Default_Handler                     
0000367f  EUSCIA0_IRQHandler                  
0000367f  EUSCIA1_IRQHandler                  
0000367f  EUSCIA2_IRQHandler                  
0000367f  EUSCIA3_IRQHandler                  
0000367f  EUSCIB0_IRQHandler                  
0000367f  EUSCIB1_IRQHandler                  
0000367f  EUSCIB2_IRQHandler                  
0000367f  EUSCIB3_IRQHandler                  
0000367f  FLCTL_IRQHandler                    
0000367f  FPU_IRQHandler                      
0000354d  GPIO_clearInterruptFlag             
000035c1  GPIO_enableInterrupt                
000034f1  GPIO_interruptEdgeSelect            
000033bd  GPIO_setAsInputPinWithPullUpResistor
000030a9  HOSTclose                           
000029e9  HOSTlseek                           
00002d19  HOSTopen                            
00002dd5  HOSTread                            
00002a51  HOSTrename                          
000030ed  HOSTunlink                          
00002e2d  HOSTwrite                           
0000367f  HardFault_Handler                   
00002b89  Interrupt_enableInterrupt           
00003635  Interrupt_enableMaster              
200009c4  Magnet_Counter                      
0000367f  MemManage_Handler                   
0000367f  NMI_Handler                         
0000367f  PCM_IRQHandler                      
0000367f  PORT1_IRQHandler                    
00001059  PORT2_IRQHandler                    
00001059  PORT2_IRQHandler                    
0000367f  PORT3_IRQHandler                    
0000367f  PORT4_IRQHandler                    
0000367f  PORT5_IRQHandler                    
00000ff3  PORT6_IRQHandler                    
00000ff3  PORT6_IRQHandler                    
0000367f  PSS_IRQHandler                      
0000367f  PendSV_Handler                      
0000367f  RTC_C_IRQHandler                    
00003673  Reset_Handler                       
0000367f  SVC_Handler                         
200009c0  Seconds                             
00003645  SysCtl_disableNMISource             
00003655  SysCtl_enableNMISource              
0000368d  SysCtl_getNMISourceStatus           
0000367f  SysTick_Handler                     
20000a5c  SystemCoreClock                     
000010fd  SystemCoreClockUpdate               
00001371  SystemInit                          
000010a3  T32_INT1_IRQHandler                 
000010a3  T32_INT1_IRQHandler                 
0000367f  T32_INT2_IRQHandler                 
0000367f  T32_INTC_IRQHandler                 
0000367f  TA0_0_IRQHandler                    
0000367f  TA0_N_IRQHandler                    
0000367f  TA1_0_IRQHandler                    
0000367f  TA1_N_IRQHandler                    
0000367f  TA2_0_IRQHandler                    
0000367f  TA2_N_IRQHandler                    
0000367f  TA3_0_IRQHandler                    
0000367f  TA3_N_IRQHandler                    
0000367f  UsageFault_Handler                  
200009bc  User_Speed_Count                    
4000480c  WDTCTL_SYM                          
0000367f  WDT_A_IRQHandler                    
20000a60  __CIOBUF_                           
20010000  __STACK_END                         
00000200  __STACK_SIZE                        
00000800  __SYSMEM_SIZE                       
000038c0  __TI_CINIT_Base                     
000038d0  __TI_CINIT_Limit                    
000038ac  __TI_Handler_Table_Base             
000038b8  __TI_Handler_Table_Limit            
00003131  __TI_auto_init_nobinit_nopinit      
00003355  __TI_cleanup                        
20000a38  __TI_cleanup_ptr                    
00002895  __TI_closefile                      
00002ab9  __TI_decompress_lzss                
00003665  __TI_decompress_none                
00002f81  __TI_doflush                        
20000a3c  __TI_dtors_ptr                      
20000a40  __TI_enable_exit_profile_output     
20000a28  __TI_ft_end                         
ffffffff  __TI_pprof_out_hndl                 
000000e5  __TI_printfi                        
ffffffff  __TI_prof_data_size                 
ffffffff  __TI_prof_data_start                
00003389  __TI_readmsg                        
00000000  __TI_static_base__                  
20000b80  __TI_tmpnams                        
00003275  __TI_writemsg                       
00002cb5  __TI_wrt_ok                         
00003611  __TI_zero_init_nomemset             
00002695  __aeabi_cdcmpeq                     
00002695  __aeabi_cdcmple                     
0000271b  __aeabi_cdrcmple                    
00003061  __aeabi_d2iz                        
0000186f  __aeabi_dadd                        
00001b59  __aeabi_ddiv                        
000020d5  __aeabi_dmul                        
00001865  __aeabi_dsub                        
000036a5  __aeabi_errno_addr                  
0000341d  __aeabi_i2d                         
00001a1b  __aeabi_idiv0                       
00001a1b  __aeabi_ldiv0                       
000027a1  __aeabi_memclr                      
000027a1  __aeabi_memclr4                     
000027a1  __aeabi_memclr8                     
000024d5  __aeabi_memcpy                      
000024d5  __aeabi_memcpy4                     
000024d5  __aeabi_memcpy8                     
000027a3  __aeabi_memset                      
000027a3  __aeabi_memset4                     
000027a3  __aeabi_memset8                     
20000a34  __aeabi_stderr                      
20000a2c  __aeabi_stdin                       
20000a30  __aeabi_stdout                      
00002571  __aeabi_uldivmod                    
ffffffff  __binit__                           
ffffffff  __c_args__                          
UNDEFED   __mpu_init                          
2000fe00  __stack                             
000032ad  _c_int00_noargs                     
000036c4  _ctypes_                            
200008f0  _device                             
20000800  _ftable                             
20000a50  _lock                               
00000b43  _nop                                
20000968  _stream                             
20000000  _sys_memory                         
UNDEFED   _system_post_cinit                  
000036bb  _system_pre_init                    
20000a54  _unlock                             
000036bf  abort                               
00002fcd  atoi                                
ffffffff  binit                               
00002d79  close                               
200009dc  colorState                          
000035d5  copysign                            
000035d5  copysignl                           
200009e4  count                               
200009d4  debounceFlag                        
200009d8  debounceFlag2                       
00000e99  driveMotor                          
20000a58  errno                               
00003019  exit                                
000033ed  finddevice                          
20000c30  flag                                
00002609  fputc                               
00001db1  fputs                               
000022ad  free                                
00002bed  frexp                               
00002bed  frexpl                              
00002c51  fseek                               
00003175  getdevice                           
200009e8  i                                   
00000d79  initClocks                          
200009f0  interruptButton1Status              
200009f4  interruptButton2Status              
00000000  interruptVectors                    
00001ec5  ldexp                               
00001ec5  ldexpl                              
00003479  lseek                               
00002edb  ltoa                                
00000b71  main                                
0000281d  malloc                              
00003531  memccpy                             
00003511  memchr                              
000024d5  memcpy                              
000027a9  memset                              
000032e5  minit                               
200009e0  msDelay                             
20000c20  parmbuf                             
00000de7  port_Init                           
200009ec  pos                                 
200009cc  previous_Speed                      
00002b21  printf                              
00002609  putc                                
0000344d  remove                              
00001ec5  scalbn                              
00001ec5  scalbnl                             
000021d1  setvbuf                             
000031b9  sprintf                             
00003595  strchr                              
0000357d  strcmp                              
000035e9  strcpy                              
000035fd  strlen                              
0000331d  strncpy                             
200009d0  sysTikToggleSpeed                   
200009b8  textSize                            
0000108d  timer32setup                        
0000344d  unlink                              
00003623  wcslen                              
000034c9  write                               


GLOBAL SYMBOLS: SORTED BY Symbol Address 

address   name                                
-------   ----                                
00000000  __TI_static_base__                  
00000000  interruptVectors                    
000000e5  __TI_printfi                        
00000200  __STACK_SIZE                        
00000800  __SYSMEM_SIZE                       
00000b43  _nop                                
00000b71  main                                
00000ccf  Configure                           
00000d79  initClocks                          
00000de7  port_Init                           
00000e99  driveMotor                          
00000ff3  PORT6_IRQHandler                    
00000ff3  PORT6_IRQHandler                    
00001059  PORT2_IRQHandler                    
00001059  PORT2_IRQHandler                    
0000108d  timer32setup                        
000010a3  T32_INT1_IRQHandler                 
000010a3  T32_INT1_IRQHandler                 
000010fd  SystemCoreClockUpdate               
00001371  SystemInit                          
00001865  __aeabi_dsub                        
0000186f  __aeabi_dadd                        
00001a1b  __aeabi_idiv0                       
00001a1b  __aeabi_ldiv0                       
00001b59  __aeabi_ddiv                        
00001db1  fputs                               
00001ec5  ldexp                               
00001ec5  ldexpl                              
00001ec5  scalbn                              
00001ec5  scalbnl                             
00001fd5  COMMONCLOCKS_sysTick_Init           
00001ff1  COMMONCLOCKS_sysTick_delay_3MHZ     
0000201b  COMMONCLOCKS_sysTick_delay_48MHZ    
00002045  COMMONCLOCKS_initClocks             
000020d5  __aeabi_dmul                        
000021d1  setvbuf                             
000022ad  free                                
00002439  CS_startHFXTWithTimeout             
000024d5  __aeabi_memcpy                      
000024d5  __aeabi_memcpy4                     
000024d5  __aeabi_memcpy8                     
000024d5  memcpy                              
00002571  __aeabi_uldivmod                    
00002609  fputc                               
00002609  putc                                
00002695  __aeabi_cdcmpeq                     
00002695  __aeabi_cdcmple                     
0000271b  __aeabi_cdrcmple                    
000027a1  __aeabi_memclr                      
000027a1  __aeabi_memclr4                     
000027a1  __aeabi_memclr8                     
000027a3  __aeabi_memset                      
000027a3  __aeabi_memset4                     
000027a3  __aeabi_memset8                     
000027a9  memset                              
0000281d  malloc                              
00002895  __TI_closefile                      
000029e9  HOSTlseek                           
00002a51  HOSTrename                          
00002ab9  __TI_decompress_lzss                
00002b21  printf                              
00002b89  Interrupt_enableInterrupt           
00002bed  frexp                               
00002bed  frexpl                              
00002c51  fseek                               
00002cb5  __TI_wrt_ok                         
00002d19  HOSTopen                            
00002d79  close                               
00002dd5  HOSTread                            
00002e2d  HOSTwrite                           
00002edb  ltoa                                
00002f81  __TI_doflush                        
00002fcd  atoi                                
00003019  exit                                
00003061  __aeabi_d2iz                        
000030a9  HOSTclose                           
000030ed  HOSTunlink                          
00003131  __TI_auto_init_nobinit_nopinit      
00003175  getdevice                           
000031b9  sprintf                             
00003275  __TI_writemsg                       
000032a3  C$$IO$$                             
000032ad  _c_int00_noargs                     
000032e5  minit                               
0000331d  strncpy                             
00003355  __TI_cleanup                        
00003389  __TI_readmsg                        
000033bd  GPIO_setAsInputPinWithPullUpResistor
000033ed  finddevice                          
0000341d  __aeabi_i2d                         
0000344d  remove                              
0000344d  unlink                              
00003479  lseek                               
000034c9  write                               
000034f1  GPIO_interruptEdgeSelect            
00003511  memchr                              
00003531  memccpy                             
0000354d  GPIO_clearInterruptFlag             
0000357d  strcmp                              
00003595  strchr                              
000035ad  CS_setExternalClockSourceFrequency  
000035c1  GPIO_enableInterrupt                
000035d5  copysign                            
000035d5  copysignl                           
000035e9  strcpy                              
000035fd  strlen                              
00003611  __TI_zero_init_nomemset             
00003623  wcslen                              
00003635  Interrupt_enableMaster              
00003645  SysCtl_disableNMISource             
00003655  SysCtl_enableNMISource              
00003665  __TI_decompress_none                
00003673  Reset_Handler                       
0000367f  ADC14_IRQHandler                    
0000367f  AES256_IRQHandler                   
0000367f  BusFault_Handler                    
0000367f  COMP_E0_IRQHandler                  
0000367f  COMP_E1_IRQHandler                  
0000367f  CS_IRQHandler                       
0000367f  DMA_ERR_IRQHandler                  
0000367f  DMA_INT0_IRQHandler                 
0000367f  DMA_INT1_IRQHandler                 
0000367f  DMA_INT2_IRQHandler                 
0000367f  DMA_INT3_IRQHandler                 
0000367f  DebugMon_Handler                    
0000367f  Default_Handler                     
0000367f  EUSCIA0_IRQHandler                  
0000367f  EUSCIA1_IRQHandler                  
0000367f  EUSCIA2_IRQHandler                  
0000367f  EUSCIA3_IRQHandler                  
0000367f  EUSCIB0_IRQHandler                  
0000367f  EUSCIB1_IRQHandler                  
0000367f  EUSCIB2_IRQHandler                  
0000367f  EUSCIB3_IRQHandler                  
0000367f  FLCTL_IRQHandler                    
0000367f  FPU_IRQHandler                      
0000367f  HardFault_Handler                   
0000367f  MemManage_Handler                   
0000367f  NMI_Handler                         
0000367f  PCM_IRQHandler                      
0000367f  PORT1_IRQHandler                    
0000367f  PORT3_IRQHandler                    
0000367f  PORT4_IRQHandler                    
0000367f  PORT5_IRQHandler                    
0000367f  PSS_IRQHandler                      
0000367f  PendSV_Handler                      
0000367f  RTC_C_IRQHandler                    
0000367f  SVC_Handler                         
0000367f  SysTick_Handler                     
0000367f  T32_INT2_IRQHandler                 
0000367f  T32_INTC_IRQHandler                 
0000367f  TA0_0_IRQHandler                    
0000367f  TA0_N_IRQHandler                    
0000367f  TA1_0_IRQHandler                    
0000367f  TA1_N_IRQHandler                    
0000367f  TA2_0_IRQHandler                    
0000367f  TA2_N_IRQHandler                    
0000367f  TA3_0_IRQHandler                    
0000367f  TA3_N_IRQHandler                    
0000367f  UsageFault_Handler                  
0000367f  WDT_A_IRQHandler                    
00003681  CPU_cpsie                           
0000368d  SysCtl_getNMISourceStatus           
000036a5  __aeabi_errno_addr                  
000036ad  CS_startHFXT                        
000036bb  _system_pre_init                    
000036bf  C$$EXIT                             
000036bf  abort                               
000036c4  _ctypes_                            
000038ac  __TI_Handler_Table_Base             
000038b8  __TI_Handler_Table_Limit            
000038c0  __TI_CINIT_Base                     
000038d0  __TI_CINIT_Limit                    
20000000  _sys_memory                         
20000800  _ftable                             
200008f0  _device                             
20000968  _stream                             
200009b8  textSize                            
200009bc  User_Speed_Count                    
200009c0  Seconds                             
200009c4  Magnet_Counter                      
200009c8  Calculated_Speed                    
200009cc  previous_Speed                      
200009d0  sysTikToggleSpeed                   
200009d4  debounceFlag                        
200009d8  debounceFlag2                       
200009dc  colorState                          
200009e0  msDelay                             
200009e4  count                               
200009e8  i                                   
200009ec  pos                                 
200009f0  interruptButton1Status              
200009f4  interruptButton2Status              
20000a28  __TI_ft_end                         
20000a2c  __aeabi_stdin                       
20000a30  __aeabi_stdout                      
20000a34  __aeabi_stderr                      
20000a38  __TI_cleanup_ptr                    
20000a3c  __TI_dtors_ptr                      
20000a40  __TI_enable_exit_profile_output     
20000a50  _lock                               
20000a54  _unlock                             
20000a58  errno                               
20000a5c  SystemCoreClock                     
20000a60  __CIOBUF_                           
20000b80  __TI_tmpnams                        
20000c20  parmbuf                             
20000c30  flag                                
2000fe00  __stack                             
20010000  __STACK_END                         
4000480c  WDTCTL_SYM                          
ffffffff  __TI_pprof_out_hndl                 
ffffffff  __TI_prof_data_size                 
ffffffff  __TI_prof_data_start                
ffffffff  __binit__                           
ffffffff  __c_args__                          
ffffffff  binit                               
UNDEFED   __mpu_init                          
UNDEFED   _system_post_cinit                  

[219 symbols]
